2026-05-30 18:38:49,448 : INFO : root : Loading config.
2026-05-30 18:38:49,452 : INFO : YamlMultifileConfigLoader : Machine config file #1: config.yaml
2026-05-30 18:38:49,491 : WARNING : ConfigProcessor : Config file in cache changed: Z:\GITHUB\config\config.yaml
2026-05-30 18:38:49,491 : INFO : ConfigProcessor : Loading config from file C:\Users\BABAR\mpf\Lib\site-packages\mpf\mpfconfig.yaml.
2026-05-30 18:38:49,501 : INFO : ConfigProcessor : Loading config: C:\Users\BABAR\mpf\Lib\site-packages\mpf\mpfconfig.yaml
2026-05-30 18:38:49,501 : INFO : ConfigProcessor : Loading config from file Z:\GITHUB\config\config.yaml.
2026-05-30 18:38:49,653 : INFO : ConfigProcessor : Loading config: Z:\GITHUB\config\config.yaml
2026-05-30 18:38:49,655 : INFO : ConfigProcessor : Config file cache created: C:\Users\BABAR\AppData\Local\Temp\b7221ac8aa7e1f861cbabed4af727cab.mpf_cache
2026-05-30 18:38:49,868 : INFO : ConfigProcessor : Loading config from cache: C:\Users\BABAR\AppData\Local\Temp\56c3f8f3a08c0933cea78cc049ec7f9f.mpf_cache
2026-05-30 18:38:49,889 : INFO : ConfigProcessor : Loading config from cache: C:\Users\BABAR\AppData\Local\Temp\95bb87c123475a7ce134d7bfdb9da55f.mpf_cache
2026-05-30 18:38:49,919 : INFO : ConfigProcessor : Loading config from cache: C:\Users\BABAR\AppData\Local\Temp\56c3f8f3a08c0933cea78cc049ec7f9f.mpf_cache
2026-05-30 18:38:49,958 : INFO : ConfigProcessor : Loading config from cache: C:\Users\BABAR\AppData\Local\Temp\cf00f153dc9ffdf535ad3526d62ff24b.mpf_cache
2026-05-30 18:38:49,992 : INFO : Machine : Mission Pinball Framework Core Engine v0.81.0.dev2
2026-05-30 18:38:49,992 : INFO : Machine : Command line arguments: {'no_load_cache': False, 'create_config_cache': True, 'bcp': True, 'configfile': ['config.yaml'], 'force_assets_load': False, 'platform_integration_test': False, 'jsonlogging': False, 'logfile': 'logs\\2026-05-30-18-38-49-mpf-DESKTOP-P4HO1DI.log', 'pause': False, 'production': False, 'text_ui': True, 'loglevel': 15, 'consoleloglevel': 20, 'force_platform': None, 'syslog_address': None, 'full_logfile_path': 'Z:\\GITHUB\\logs\\2026-05-30-18-38-49-mpf-DESKTOP-P4HO1DI.log'}
2026-05-30 18:38:49,992 : INFO : Machine : MPF path: C:\Users\BABAR\mpf\Lib\site-packages\mpf
2026-05-30 18:38:49,992 : INFO : Machine : Machine path: Z:\GITHUB
2026-05-30 18:38:49,992 : INFO : Machine : Platform: win32
2026-05-30 18:38:49,992 : INFO : Machine : Python executable location: C:\Users\BABAR\mpf\Scripts\python.exe
2026-05-30 18:38:49,992 : INFO : Machine : Python version: 3.12.10 (64-bit)
2026-05-30 18:38:49,993 : INFO : Machine : Initializing MPF...
2026-05-30 18:38:50,443 : INFO : OPP : Connecting to COM3 at 115200bps
2026-05-30 18:38:50,594 : INFO : OPP : Init of OPP board 1 done
2026-05-30 18:38:50,594 : INFO : OPP : Connecting to COM4 at 115200bps
2026-05-30 18:38:50,735 : INFO : OPP : Init of OPP board 0 done
2026-05-30 18:38:50,736 : INFO : EventManager : Event: ======'machine_var_credits_string'====== Args={'value': 'FREE PLAY', 'prev_value': None, 'change': True}
2026-05-30 18:38:50,793 : INFO : EventManager : Event: ======'machine_var_master_volume'====== Args={'value': 0.5, 'prev_value': None, 'change': True}
2026-05-30 18:38:50,793 : INFO : EventManager : Event: ======'machine_var_mpf_version'====== Args={'value': 'Mission Pinball Framework v0.81.0.dev2', 'prev_value': None, 'change': True}
2026-05-30 18:38:50,793 : INFO : EventManager : Event: ======'machine_var_mpf_extended_version'====== Args={'value': 'Mission Pinball Framework v0.81.0.dev2, Config version:6, Show version: 6, BCP version:1.1', 'prev_value': None, 'change': True}
2026-05-30 18:38:50,794 : INFO : EventManager : Event: ======'machine_var_python_version'====== Args={'value': '3.12.10', 'prev_value': None, 'change': True}
2026-05-30 18:38:50,831 : INFO : EventManager : Event: ======'machine_var_platform'====== Args={'value': 'Windows-11-10.0.26200-SP0', 'prev_value': None, 'change': True}
2026-05-30 18:38:50,831 : INFO : EventManager : Event: ======'machine_var_platform_system'====== Args={'value': 'Windows', 'prev_value': None, 'change': True}
2026-05-30 18:38:50,831 : INFO : EventManager : Event: ======'machine_var_platform_release'====== Args={'value': '11', 'prev_value': None, 'change': True}
2026-05-30 18:38:50,831 : INFO : EventManager : Event: ======'machine_var_platform_version'====== Args={'value': '10.0.26200', 'prev_value': None, 'change': True}
2026-05-30 18:38:50,831 : INFO : EventManager : Event: ======'machine_var_platform_machine'====== Args={'value': 'AMD64', 'prev_value': None, 'change': True}
2026-05-30 18:38:50,831 : INFO : EventManager : Event: ======'machine_var_log_file_path'====== Args={'value': 'Z:\\GITHUB\\logs\\2026-05-30-18-38-49-mpf-DESKTOP-P4HO1DI.log', 'prev_value': None, 'change': True}
2026-05-30 18:38:50,831 : INFO : EventManager : Event: ======'init_phase_1'====== Args={}
2026-05-30 18:38:50,855 : INFO : EventManager : Event: ======'init_phase_2'====== Args={}
2026-05-30 18:38:50,856 : INFO : EventManager : Event: ======'bcp_connection_attempt'====== Args={'name': 'local_display', 'host': 'localhost', 'port': 5050}
2026-05-30 18:38:50,859 : INFO : BCPClientSocket : Connecting BCP to 'local_display' at localhost:5050...
2026-05-30 18:39:39,356 : ERROR : asyncio : Exception in callback DelayManager._process_delay_callback('draw_screen', <bound method...02B53E5750E0>>)()
handle: <TimerHandle when=431286.838 DelayManager._process_delay_callback('draw_screen', <bound method...02B53E5750E0>>)()>
Traceback (most recent call last):
  File "C:\Users\BABAR\AppData\Local\Programs\Python\Python312\Lib\asyncio\events.py", line 88, in _run
    self._context.run(self._callback, *self._args)
  File "C:\Users\BABAR\mpf\Lib\site-packages\mpf\core\delays.py", line 189, in _process_delay_callback
    callback(**kwargs)
  File "C:\Users\BABAR\mpf\Lib\site-packages\mpf\core\text_ui.py", line 442, in _draw_screen
    self.screen.draw_next_frame()
  File "C:\Users\BABAR\mpf\Lib\site-packages\asciimatics\screen.py", line 1690, in draw_next_frame
    event = scene.process_event(event)
            ^^^^^^^^^^^^^^^^^^^^^^^^^^
  File "C:\Users\BABAR\mpf\Lib\site-packages\asciimatics\scene.py", line 98, in process_event
    event = effect.process_event(event)
            ^^^^^^^^^^^^^^^^^^^^^^^^^^^
  File "C:\Users\BABAR\mpf\Lib\site-packages\asciimatics\widgets\frame.py", line 699, in process_event
    claimed_focus, quit_now = self._handle_desktop_ordering(event)
                              ^^^^^^^^^^^^^^^^^^^^^^^^^^^^^^^^^^^^
  File "C:\Users\BABAR\mpf\Lib\site-packages\asciimatics\widgets\frame.py", line 677, in _handle_desktop_ordering
    effect.blur()
  File "C:\Users\BABAR\mpf\Lib\site-packages\asciimatics\widgets\frame.py", line 540, in blur
    self._layouts[self._focus].blur()
    ~~~~~~~~~~~~~^^^^^^^^^^^^^
IndexError: list index out of range
2026-05-30 18:39:39,463 : INFO : Machine : Starting the main run loop with active modes: []
2026-05-30 18:39:39,463 : WARNING : Machine : Attract mode is not active, game will not be playable. Please check your attract mode configuration.
2026-05-30 18:39:39,464 : INFO : Machine : Shutting down...
2026-05-30 18:39:39,464 : INFO : EventManager : Event: ======'shutdown'====== Args={}
2026-05-30 18:39:39,465 : ERROR : OPP : Stop called on serial connection COM3
2026-05-30 18:39:39,466 : ERROR : OPP : Stop called on serial connection COM4
2026-05-30 18:39:40,482 : ERROR : Machine : Runtime Exception
Traceback (most recent call last):
  File "C:\Users\BABAR\mpf\Lib\site-packages\mpf\core\machine.py", line 810, in _run_loop
    raise self._exception['exception']
  File "C:\Users\BABAR\AppData\Local\Programs\Python\Python312\Lib\asyncio\events.py", line 88, in _run
    self._context.run(self._callback, *self._args)
  File "C:\Users\BABAR\mpf\Lib\site-packages\mpf\core\delays.py", line 189, in _process_delay_callback
    callback(**kwargs)
  File "C:\Users\BABAR\mpf\Lib\site-packages\mpf\core\text_ui.py", line 442, in _draw_screen
    self.screen.draw_next_frame()
  File "C:\Users\BABAR\mpf\Lib\site-packages\asciimatics\screen.py", line 1690, in draw_next_frame
    event = scene.process_event(event)
            ^^^^^^^^^^^^^^^^^^^^^^^^^^
  File "C:\Users\BABAR\mpf\Lib\site-packages\asciimatics\scene.py", line 98, in process_event
    event = effect.process_event(event)
            ^^^^^^^^^^^^^^^^^^^^^^^^^^^
  File "C:\Users\BABAR\mpf\Lib\site-packages\asciimatics\widgets\frame.py", line 699, in process_event
    claimed_focus, quit_now = self._handle_desktop_ordering(event)
                              ^^^^^^^^^^^^^^^^^^^^^^^^^^^^^^^^^^^^
  File "C:\Users\BABAR\mpf\Lib\site-packages\asciimatics\widgets\frame.py", line 677, in _handle_desktop_ordering
    effect.blur()
  File "C:\Users\BABAR\mpf\Lib\site-packages\asciimatics\widgets\frame.py", line 540, in blur
    self._layouts[self._focus].blur()
    ~~~~~~~~~~~~~^^^^^^^^^^^^^
IndexError: list index out of range
2026-05-30 18:39:40,484 : INFO : root : MPF run loop ended.
