2026-07-13 02:42:01,023 : INFO : root : Loading config.
2026-07-13 02:42:01,025 : INFO : YamlMultifileConfigLoader : Machine config file #1: config.yaml
2026-07-13 02:42:01,026 : INFO : ConfigProcessor : Loading config from cache: /var/folders/5m/bcfj4qw962g1yt8bpfv4lq9c0000gn/T/888a835b5fde052b87252136c50b804e.mpf_cache
2026-07-13 02:42:01,067 : INFO : ConfigProcessor : Loading config from cache: /var/folders/5m/bcfj4qw962g1yt8bpfv4lq9c0000gn/T/8622cd1fe0050c6b0179be5a651e22f5.mpf_cache
2026-07-13 02:42:01,067 : INFO : ConfigProcessor : Loading config from cache: /var/folders/5m/bcfj4qw962g1yt8bpfv4lq9c0000gn/T/58f948f5e9fe219120f05e295bb3ef65.mpf_cache
2026-07-13 02:42:01,067 : INFO : ConfigProcessor : Loading config from cache: /var/folders/5m/bcfj4qw962g1yt8bpfv4lq9c0000gn/T/8622cd1fe0050c6b0179be5a651e22f5.mpf_cache
2026-07-13 02:42:01,068 : INFO : ConfigProcessor : Loading config from cache: /var/folders/5m/bcfj4qw962g1yt8bpfv4lq9c0000gn/T/369243a5c0d089a5c3bcaae4a6363538.mpf_cache
2026-07-13 02:42:01,068 : INFO : ConfigProcessor : Loading config from cache: /var/folders/5m/bcfj4qw962g1yt8bpfv4lq9c0000gn/T/6b2ea6a059b1471fc11c0d698e7bdf4d.mpf_cache
2026-07-13 02:42:01,068 : INFO : ConfigProcessor : Loading config from cache: /var/folders/5m/bcfj4qw962g1yt8bpfv4lq9c0000gn/T/f3729628e4da70e5a99b26bb51fe2181.mpf_cache
2026-07-13 02:42:01,069 : INFO : ConfigProcessor : Loading config from cache: /var/folders/5m/bcfj4qw962g1yt8bpfv4lq9c0000gn/T/ecb4a8919cc1a87edeef7009f6830f34.mpf_cache
2026-07-13 02:42:01,069 : WARNING : ConfigProcessor : Config file in cache changed: /Users/guillaumebarre/Desktop/BTTF/DEF/BTTF_MINI-PC/GITHUB/modes/attract/shows/./attract_spectacle_guitare.yaml
2026-07-13 02:42:01,069 : INFO : ConfigProcessor : Loading config from file /Users/guillaumebarre/Desktop/BTTF/DEF/BTTF_MINI-PC/GITHUB/modes/attract/shows/./attract_spectacle_guitare.yaml.
2026-07-13 02:42:01,070 : INFO : ConfigProcessor : Loading config: /Users/guillaumebarre/Desktop/BTTF/DEF/BTTF_MINI-PC/GITHUB/modes/attract/shows/./attract_spectacle_guitare.yaml
2026-07-13 02:42:01,071 : INFO : ConfigProcessor : Config file cache created: /var/folders/5m/bcfj4qw962g1yt8bpfv4lq9c0000gn/T/8eda3bfc3491af5b2d5a6601353f6605.mpf_cache
2026-07-13 02:42:01,071 : INFO : ConfigProcessor : Loading config from file /Users/guillaumebarre/Desktop/BTTF/DEF/BTTF_MINI-PC/GITHUB/modes/attract/shows/./attract_spectacle_inserts_haut.yaml.
2026-07-13 02:42:01,071 : INFO : ConfigProcessor : Loading config: /Users/guillaumebarre/Desktop/BTTF/DEF/BTTF_MINI-PC/GITHUB/modes/attract/shows/./attract_spectacle_inserts_haut.yaml
2026-07-13 02:42:01,071 : INFO : ConfigProcessor : Config file cache created: /var/folders/5m/bcfj4qw962g1yt8bpfv4lq9c0000gn/T/581d676710c2871be6f783a12bf98625.mpf_cache
2026-07-13 02:42:01,072 : INFO : ConfigProcessor : Loading config from file /Users/guillaumebarre/Desktop/BTTF/DEF/BTTF_MINI-PC/GITHUB/modes/attract/shows/./attract_spectacle_delorean.yaml.
2026-07-13 02:42:01,073 : INFO : ConfigProcessor : Loading config: /Users/guillaumebarre/Desktop/BTTF/DEF/BTTF_MINI-PC/GITHUB/modes/attract/shows/./attract_spectacle_delorean.yaml
2026-07-13 02:42:01,074 : INFO : ConfigProcessor : Config file cache created: /var/folders/5m/bcfj4qw962g1yt8bpfv4lq9c0000gn/T/a21553c1ac805a700d8b713d0f44e0c8.mpf_cache
2026-07-13 02:42:01,074 : INFO : ConfigProcessor : Loading config from file /Users/guillaumebarre/Desktop/BTTF/DEF/BTTF_MINI-PC/GITHUB/modes/attract/shows/./attract_display_loop.yaml.
2026-07-13 02:42:01,075 : INFO : ConfigProcessor : Loading config: /Users/guillaumebarre/Desktop/BTTF/DEF/BTTF_MINI-PC/GITHUB/modes/attract/shows/./attract_display_loop.yaml
2026-07-13 02:42:01,075 : INFO : ConfigProcessor : Config file cache created: /var/folders/5m/bcfj4qw962g1yt8bpfv4lq9c0000gn/T/0d9f9158edcd8a544f1cc762de36862e.mpf_cache
2026-07-13 02:42:01,075 : INFO : ConfigProcessor : Loading config from file /Users/guillaumebarre/Desktop/BTTF/DEF/BTTF_MINI-PC/GITHUB/modes/attract/shows/./attract_spectacle_convecteur_2.yaml.
2026-07-13 02:42:01,076 : INFO : ConfigProcessor : Loading config: /Users/guillaumebarre/Desktop/BTTF/DEF/BTTF_MINI-PC/GITHUB/modes/attract/shows/./attract_spectacle_convecteur_2.yaml
2026-07-13 02:42:01,076 : INFO : ConfigProcessor : Config file cache created: /var/folders/5m/bcfj4qw962g1yt8bpfv4lq9c0000gn/T/d53881144f70f949ef8c9a20bb6e0849.mpf_cache
2026-07-13 02:42:01,076 : INFO : ConfigProcessor : Loading config from file /Users/guillaumebarre/Desktop/BTTF/DEF/BTTF_MINI-PC/GITHUB/modes/attract/shows/./attract_spectacle_bas_1.yaml.
2026-07-13 02:42:01,077 : INFO : ConfigProcessor : Loading config: /Users/guillaumebarre/Desktop/BTTF/DEF/BTTF_MINI-PC/GITHUB/modes/attract/shows/./attract_spectacle_bas_1.yaml
2026-07-13 02:42:01,078 : INFO : ConfigProcessor : Config file cache created: /var/folders/5m/bcfj4qw962g1yt8bpfv4lq9c0000gn/T/7aaf5ab0d322ea9db6c1b184ff40287e.mpf_cache
2026-07-13 02:42:01,078 : INFO : ConfigProcessor : Loading config from file /Users/guillaumebarre/Desktop/BTTF/DEF/BTTF_MINI-PC/GITHUB/modes/attract/shows/./attract_light_show.yaml.
2026-07-13 02:42:01,078 : INFO : ConfigProcessor : Loading config: /Users/guillaumebarre/Desktop/BTTF/DEF/BTTF_MINI-PC/GITHUB/modes/attract/shows/./attract_light_show.yaml
2026-07-13 02:42:01,078 : INFO : ConfigProcessor : Config file cache created: /var/folders/5m/bcfj4qw962g1yt8bpfv4lq9c0000gn/T/ac3be5edfbbf92236ea88049c0ddb00a.mpf_cache
2026-07-13 02:42:01,078 : INFO : ConfigProcessor : Loading config from file /Users/guillaumebarre/Desktop/BTTF/DEF/BTTF_MINI-PC/GITHUB/modes/attract/shows/./attract_spectacle_convecteur_1.yaml.
