2026-06-02 01:40:50,431 : INFO : root : Loading config.
2026-06-02 01:40:50,433 : INFO : YamlMultifileConfigLoader : Machine config file #1: config.yaml
2026-06-02 01:40:50,434 : INFO : ConfigProcessor : Loading config from cache: /var/folders/5m/bcfj4qw962g1yt8bpfv4lq9c0000gn/T/888a835b5fde052b87252136c50b804e.mpf_cache
2026-06-02 01:40:50,473 : INFO : ConfigProcessor : Loading config from cache: /var/folders/5m/bcfj4qw962g1yt8bpfv4lq9c0000gn/T/8622cd1fe0050c6b0179be5a651e22f5.mpf_cache
2026-06-02 01:40:50,473 : INFO : ConfigProcessor : Loading config from cache: /var/folders/5m/bcfj4qw962g1yt8bpfv4lq9c0000gn/T/58f948f5e9fe219120f05e295bb3ef65.mpf_cache
2026-06-02 01:40:50,473 : INFO : ConfigProcessor : Loading config from cache: /var/folders/5m/bcfj4qw962g1yt8bpfv4lq9c0000gn/T/8622cd1fe0050c6b0179be5a651e22f5.mpf_cache
2026-06-02 01:40:50,474 : INFO : ConfigProcessor : Loading config from cache: /var/folders/5m/bcfj4qw962g1yt8bpfv4lq9c0000gn/T/369243a5c0d089a5c3bcaae4a6363538.mpf_cache
2026-06-02 01:40:50,474 : INFO : ConfigProcessor : Loading config from cache: /var/folders/5m/bcfj4qw962g1yt8bpfv4lq9c0000gn/T/9f86e0f716be9932a6ee645f4848fc86.mpf_cache
2026-06-02 01:40:50,474 : INFO : Machine : Mission Pinball Framework Core Engine v0.81.0.dev2
2026-06-02 01:40:50,474 : INFO : Machine : Command line arguments: {'no_load_cache': False, 'create_config_cache': True, 'bcp': True, 'configfile': ['config.yaml'], 'force_assets_load': False, 'platform_integration_test': False, 'jsonlogging': False, 'logfile': 'logs/2026-06-02-01-40-50-mpf-macbook-air-de-guillaume1.home.log', 'pause': False, 'production': False, 'text_ui': False, 'loglevel': 15, 'consoleloglevel': 20, 'force_platform': 'smart_virtual', 'syslog_address': None, 'full_logfile_path': '/Users/guillaumebarre/Desktop/BTTF/DEF/BTTF_MINI-PC/GITHUB/logs/2026-06-02-01-40-50-mpf-macbook-air-de-guillaume1.home.log'}
2026-06-02 01:40:50,474 : INFO : Machine : MPF path: /Users/guillaumebarre/mpf/lib/python3.12/site-packages/mpf
2026-06-02 01:40:50,474 : INFO : Machine : Machine path: /Users/guillaumebarre/Desktop/BTTF/DEF/BTTF_MINI-PC/GITHUB
2026-06-02 01:40:50,474 : INFO : Machine : Platform: darwin
2026-06-02 01:40:50,474 : INFO : Machine : Python executable location: /Users/guillaumebarre/mpf/bin/python3.12
2026-06-02 01:40:50,474 : INFO : Machine : Python version: 3.12.9 (64-bit)
2026-06-02 01:40:50,475 : INFO : Machine : Initializing MPF...
2026-06-02 01:40:50,526 : INFO : EventManager : Event: ======'machine_var_credits_string'====== Args={'value': 'FREE PLAY', 'prev_value': None, 'change': True}
2026-06-02 01:40:50,533 : INFO : EventManager : Event: ======'machine_var_master_volume'====== Args={'value': 0.5, 'prev_value': None, 'change': True}
2026-06-02 01:40:50,533 : INFO : EventManager : Event: ======'machine_var_mpf_version'====== Args={'value': 'Mission Pinball Framework v0.81.0.dev2', 'prev_value': None, 'change': True}
2026-06-02 01:40:50,533 : INFO : EventManager : Event: ======'machine_var_mpf_extended_version'====== Args={'value': 'Mission Pinball Framework v0.81.0.dev2, Config version:6, Show version: 6, BCP version:1.1', 'prev_value': None, 'change': True}
2026-06-02 01:40:50,533 : INFO : EventManager : Event: ======'machine_var_python_version'====== Args={'value': '3.12.9', 'prev_value': None, 'change': True}
2026-06-02 01:40:50,549 : INFO : EventManager : Event: ======'machine_var_platform'====== Args={'value': 'macOS-26.3-arm64-arm-64bit', 'prev_value': None, 'change': True}
2026-06-02 01:40:50,549 : INFO : EventManager : Event: ======'machine_var_platform_system'====== Args={'value': 'Darwin', 'prev_value': None, 'change': True}
2026-06-02 01:40:50,549 : INFO : EventManager : Event: ======'machine_var_platform_release'====== Args={'value': '25.3.0', 'prev_value': None, 'change': True}
2026-06-02 01:40:50,549 : INFO : EventManager : Event: ======'machine_var_platform_version'====== Args={'value': 'Darwin Kernel Version 25.3.0: Wed Jan 28 20:53:01 PST 2026; root:xnu-12377.81.4~5/RELEASE_ARM64_T8103', 'prev_value': None, 'change': True}
2026-06-02 01:40:50,549 : INFO : EventManager : Event: ======'machine_var_platform_machine'====== Args={'value': 'arm64', 'prev_value': None, 'change': True}
2026-06-02 01:40:50,549 : INFO : EventManager : Event: ======'machine_var_log_file_path'====== Args={'value': '/Users/guillaumebarre/Desktop/BTTF/DEF/BTTF_MINI-PC/GITHUB/logs/2026-06-02-01-40-50-mpf-macbook-air-de-guillaume1.home.log', 'prev_value': None, 'change': True}
2026-06-02 01:40:50,549 : INFO : EventManager : Event: ======'init_phase_1'====== Args={}
2026-06-02 01:40:50,564 : INFO : EventManager : Event: ======'init_phase_2'====== Args={}
2026-06-02 01:40:50,564 : INFO : SwitchController : Found active switch: ('1-0-40', <Platform.SmartVirtual>) <switch.s_trough1>
2026-06-02 01:40:50,564 : INFO : SwitchController : Found active switch: ('1-0-41', <Platform.SmartVirtual>) <switch.s_trough2>
2026-06-02 01:40:50,564 : INFO : SwitchController : Found active switch: ('1-0-42', <Platform.SmartVirtual>) <switch.s_trough3>
2026-06-02 01:40:50,564 : INFO : SwitchController : Found active switch: ('1-0-43', <Platform.SmartVirtual>) <switch.s_trough4>
2026-06-02 01:40:50,566 : INFO : EventManager : Event: ======'bcp_connection_attempt'====== Args={'name': 'local_display', 'host': 'localhost', 'port': 5050}
2026-06-02 01:40:50,566 : INFO : BCPClientSocket : Connecting BCP to 'local_display' at localhost:5050...
2026-06-02 01:41:47,638 : INFO : Machine : Starting the main run loop with active modes: []
2026-06-02 01:41:47,639 : WARNING : Machine : Attract mode is not active, game will not be playable. Please check your attract mode configuration.
2026-06-02 01:41:47,640 : INFO : Machine : Shutting down...
2026-06-02 01:41:47,640 : INFO : EventManager : Event: ======'shutdown'====== Args={}
2026-06-02 01:41:48,644 : INFO : root : MPF run loop ended.
