2026-05-30 18:58:52,664 : INFO : root : Loading config.
2026-05-30 18:58:52,666 : INFO : YamlMultifileConfigLoader : Machine config file #1: config.yaml
2026-05-30 18:58:52,666 : INFO : ConfigProcessor : Loading config from cache: /var/folders/5m/bcfj4qw962g1yt8bpfv4lq9c0000gn/T/879e6310d0f512a8e3025c6b1766f22b.mpf_cache
2026-05-30 18:58:52,705 : INFO : ConfigProcessor : Loading config from cache: /var/folders/5m/bcfj4qw962g1yt8bpfv4lq9c0000gn/T/09e78a39ffbed009e12abcfb811eb426.mpf_cache
2026-05-30 18:58:52,705 : INFO : ConfigProcessor : Loading config from cache: /var/folders/5m/bcfj4qw962g1yt8bpfv4lq9c0000gn/T/58f948f5e9fe219120f05e295bb3ef65.mpf_cache
2026-05-30 18:58:52,705 : INFO : ConfigProcessor : Loading config from cache: /var/folders/5m/bcfj4qw962g1yt8bpfv4lq9c0000gn/T/09e78a39ffbed009e12abcfb811eb426.mpf_cache
2026-05-30 18:58:52,705 : INFO : ConfigProcessor : Loading config from cache: /var/folders/5m/bcfj4qw962g1yt8bpfv4lq9c0000gn/T/6b1dc9c275b0f73ab9a43f51a62ab7c9.mpf_cache
2026-05-30 18:58:52,706 : INFO : Machine : Mission Pinball Framework Core Engine v0.81.0.dev2
2026-05-30 18:58:52,706 : INFO : Machine : Command line arguments: {'no_load_cache': False, 'create_config_cache': True, 'bcp': True, 'configfile': ['config.yaml'], 'force_assets_load': False, 'platform_integration_test': False, 'jsonlogging': False, 'logfile': 'logs/2026-05-30-18-58-52-mpf-macbook-air-de-guillaume1.home.log', 'pause': False, 'production': False, 'text_ui': True, 'loglevel': 15, 'consoleloglevel': 20, 'force_platform': None, 'syslog_address': None, 'full_logfile_path': '/Users/guillaumebarre/Desktop/BTTF/DEF/BTTF MINI-PC/GITHUB/logs/2026-05-30-18-58-52-mpf-macbook-air-de-guillaume1.home.log'}
2026-05-30 18:58:52,706 : INFO : Machine : MPF path: /Users/guillaumebarre/mpf/lib/python3.12/site-packages/mpf
2026-05-30 18:58:52,706 : INFO : Machine : Machine path: /Users/guillaumebarre/Desktop/BTTF/DEF/BTTF MINI-PC/GITHUB
2026-05-30 18:58:52,706 : INFO : Machine : Platform: darwin
2026-05-30 18:58:52,706 : INFO : Machine : Python executable location: /Users/guillaumebarre/mpf/bin/python3.12
2026-05-30 18:58:52,706 : INFO : Machine : Python version: 3.12.9 (64-bit)
2026-05-30 18:58:52,706 : INFO : Machine : Initializing MPF...
2026-05-30 18:58:52,762 : INFO : OPP : Connecting to /dev/tty.usbmodem568441744C001 at 115200bps
2026-05-30 18:58:52,788 : INFO : OPP : Could not set /dev/tty.usbmodem568441744C001 to low latency mode: Low latency not supported on this platform
2026-05-30 18:58:52,812 : INFO : OPP : Init of OPP board 0 done
2026-05-30 18:58:52,812 : INFO : OPP : Connecting to /dev/tty.usbmodem5683416F4C001 at 115200bps
2026-05-30 18:58:52,838 : INFO : OPP : Could not set /dev/tty.usbmodem5683416F4C001 to low latency mode: Low latency not supported on this platform
2026-05-30 18:58:52,861 : INFO : OPP : Init of OPP board 1 done
2026-05-30 18:58:52,862 : INFO : EventManager : Event: ======'machine_var_credits_string'====== Args={'value': 'FREE PLAY', 'prev_value': None, 'change': True}
2026-05-30 18:58:52,873 : INFO : EventManager : Event: ======'machine_var_master_volume'====== Args={'value': 0.5, 'prev_value': None, 'change': True}
2026-05-30 18:58:52,873 : INFO : EventManager : Event: ======'machine_var_mpf_version'====== Args={'value': 'Mission Pinball Framework v0.81.0.dev2', 'prev_value': None, 'change': True}
2026-05-30 18:58:52,873 : INFO : EventManager : Event: ======'machine_var_mpf_extended_version'====== Args={'value': 'Mission Pinball Framework v0.81.0.dev2, Config version:6, Show version: 6, BCP version:1.1', 'prev_value': None, 'change': True}
2026-05-30 18:58:52,873 : INFO : EventManager : Event: ======'machine_var_python_version'====== Args={'value': '3.12.9', 'prev_value': None, 'change': True}
2026-05-30 18:58:52,894 : INFO : EventManager : Event: ======'machine_var_platform'====== Args={'value': 'macOS-26.3-arm64-arm-64bit', 'prev_value': None, 'change': True}
2026-05-30 18:58:52,894 : INFO : EventManager : Event: ======'machine_var_platform_system'====== Args={'value': 'Darwin', 'prev_value': None, 'change': True}
2026-05-30 18:58:52,894 : INFO : EventManager : Event: ======'machine_var_platform_release'====== Args={'value': '25.3.0', 'prev_value': None, 'change': True}
2026-05-30 18:58:52,894 : INFO : EventManager : Event: ======'machine_var_platform_version'====== Args={'value': 'Darwin Kernel Version 25.3.0: Wed Jan 28 20:53:01 PST 2026; root:xnu-12377.81.4~5/RELEASE_ARM64_T8103', 'prev_value': None, 'change': True}
2026-05-30 18:58:52,894 : INFO : EventManager : Event: ======'machine_var_platform_machine'====== Args={'value': 'arm64', 'prev_value': None, 'change': True}
2026-05-30 18:58:52,894 : INFO : EventManager : Event: ======'machine_var_log_file_path'====== Args={'value': '/Users/guillaumebarre/Desktop/BTTF/DEF/BTTF MINI-PC/GITHUB/logs/2026-05-30-18-58-52-mpf-macbook-air-de-guillaume1.home.log', 'prev_value': None, 'change': True}
2026-05-30 18:58:52,894 : INFO : EventManager : Event: ======'init_phase_1'====== Args={}
2026-05-30 18:58:52,903 : INFO : EventManager : Event: ======'init_phase_2'====== Args={}
2026-05-30 18:58:52,904 : INFO : EventManager : Event: ======'bcp_connection_attempt'====== Args={'name': 'local_display', 'host': 'localhost', 'port': 5050}
2026-05-30 18:58:52,905 : INFO : BCPClientSocket : Connecting BCP to 'local_display' at localhost:5050...
2026-05-30 19:08:56,333 : INFO : Machine : Starting the main run loop with active modes: []
2026-05-30 19:08:56,335 : WARNING : Machine : Attract mode is not active, game will not be playable. Please check your attract mode configuration.
2026-05-30 19:08:56,336 : INFO : Machine : Shutting down...
2026-05-30 19:08:56,337 : INFO : EventManager : Event: ======'shutdown'====== Args={}
2026-05-30 19:08:56,343 : ERROR : OPP : Stop called on serial connection /dev/tty.usbmodem5683416F4C001
2026-05-30 19:08:56,346 : ERROR : OPP : Stop called on serial connection /dev/tty.usbmodem568441744C001
2026-05-30 19:08:56,346 : ERROR : root : read failed: [Errno 6] Device not configured
Traceback (most recent call last):
  File "/Users/guillaumebarre/mpf/lib/python3.12/site-packages/serial/serialposix.py", line 575, in read
    buf = os.read(self.fd, size - len(read))
          ^^^^^^^^^^^^^^^^^^^^^^^^^^^^^^^^^^
OSError: [Errno 6] Device not configured

During handling of the above exception, another exception occurred:

Traceback (most recent call last):
  File "/Users/guillaumebarre/mpf/lib/python3.12/site-packages/mpf/commands/game.py", line 229, in __init__
    self.machine.run()
  File "/Users/guillaumebarre/mpf/lib/python3.12/site-packages/mpf/core/machine.py", line 706, in run
    self._run_loop()
  File "/Users/guillaumebarre/mpf/lib/python3.12/site-packages/mpf/core/machine.py", line 816, in _run_loop
    self._do_stop()
  File "/Users/guillaumebarre/mpf/lib/python3.12/site-packages/mpf/core/machine.py", line 742, in _do_stop
    self.shutdown()
  File "/Users/guillaumebarre/mpf/lib/python3.12/site-packages/mpf/core/machine.py", line 772, in shutdown
    self._platform_stop()
  File "/Users/guillaumebarre/mpf/lib/python3.12/site-packages/mpf/core/machine.py", line 822, in _platform_stop
    hardware_platform.stop()
  File "/Users/guillaumebarre/mpf/lib/python3.12/site-packages/mpf/platforms/opp/opp.py", line 195, in stop
    connections.stop()
  File "/Users/guillaumebarre/mpf/lib/python3.12/site-packages/mpf/platforms/base_serial_communicator.py", line 149, in stop
    self.machine.clock.loop.run_until_complete(self.writer.wait_closed())
  File "/Library/Frameworks/Python.framework/Versions/3.12/lib/python3.12/asyncio/base_events.py", line 691, in run_until_complete
    return future.result()
           ^^^^^^^^^^^^^^^
  File "/Library/Frameworks/Python.framework/Versions/3.12/lib/python3.12/asyncio/streams.py", line 364, in wait_closed
    await self._protocol._get_close_waiter(self)
  File "/Users/guillaumebarre/mpf/lib/python3.12/site-packages/serial_asyncio/__init__.py", line 115, in _read_ready
    data = self._serial.read(self._max_read_size)
           ^^^^^^^^^^^^^^^^^^^^^^^^^^^^^^^^^^^^^^
  File "/Users/guillaumebarre/mpf/lib/python3.12/site-packages/serial/serialposix.py", line 581, in read
    raise SerialException('read failed: {}'.format(e))
serial.serialutil.SerialException: read failed: [Errno 6] Device not configured
