2026-05-31 08:39:55,933 : INFO : root : Loading config.
2026-05-31 08:39:55,935 : INFO : YamlMultifileConfigLoader : Machine config file #1: config.yaml
2026-05-31 08:39:55,935 : INFO : ConfigProcessor : Loading config from cache: /var/folders/5m/bcfj4qw962g1yt8bpfv4lq9c0000gn/T/879e6310d0f512a8e3025c6b1766f22b.mpf_cache
2026-05-31 08:39:55,971 : INFO : ConfigProcessor : Loading config from cache: /var/folders/5m/bcfj4qw962g1yt8bpfv4lq9c0000gn/T/09e78a39ffbed009e12abcfb811eb426.mpf_cache
2026-05-31 08:39:55,971 : INFO : ConfigProcessor : Loading config from cache: /var/folders/5m/bcfj4qw962g1yt8bpfv4lq9c0000gn/T/58f948f5e9fe219120f05e295bb3ef65.mpf_cache
2026-05-31 08:39:55,972 : INFO : ConfigProcessor : Loading config from cache: /var/folders/5m/bcfj4qw962g1yt8bpfv4lq9c0000gn/T/09e78a39ffbed009e12abcfb811eb426.mpf_cache
2026-05-31 08:39:55,972 : INFO : ConfigProcessor : Loading config from cache: /var/folders/5m/bcfj4qw962g1yt8bpfv4lq9c0000gn/T/6b1dc9c275b0f73ab9a43f51a62ab7c9.mpf_cache
2026-05-31 08:39:55,973 : INFO : Machine : Mission Pinball Framework Core Engine v0.81.0.dev2
2026-05-31 08:39:55,973 : INFO : Machine : Command line arguments: {'no_load_cache': False, 'create_config_cache': True, 'bcp': True, 'configfile': ['config.yaml'], 'force_assets_load': False, 'platform_integration_test': False, 'jsonlogging': False, 'logfile': 'logs/2026-05-31-08-39-55-mpf-macbook-air-de-guillaume1.home.log', 'pause': False, 'production': False, 'text_ui': True, 'loglevel': 15, 'consoleloglevel': 20, 'force_platform': 'virtual', 'syslog_address': None, 'full_logfile_path': '/Users/guillaumebarre/Desktop/BTTF/DEF/BTTF MINI-PC/GITHUB/logs/2026-05-31-08-39-55-mpf-macbook-air-de-guillaume1.home.log'}
2026-05-31 08:39:55,973 : INFO : Machine : MPF path: /Users/guillaumebarre/mpf/lib/python3.12/site-packages/mpf
2026-05-31 08:39:55,973 : INFO : Machine : Machine path: /Users/guillaumebarre/Desktop/BTTF/DEF/BTTF MINI-PC/GITHUB
2026-05-31 08:39:55,973 : INFO : Machine : Platform: darwin
2026-05-31 08:39:55,973 : INFO : Machine : Python executable location: /Users/guillaumebarre/mpf/bin/python3.12
2026-05-31 08:39:55,973 : INFO : Machine : Python version: 3.12.9 (64-bit)
2026-05-31 08:39:55,973 : INFO : Machine : Initializing MPF...
2026-05-31 08:39:56,022 : INFO : EventManager : Event: ======'machine_var_credits_string'====== Args={'value': 'FREE PLAY', 'prev_value': None, 'change': True}
2026-05-31 08:39:56,029 : INFO : EventManager : Event: ======'machine_var_master_volume'====== Args={'value': 0.5, 'prev_value': None, 'change': True}
2026-05-31 08:39:56,029 : INFO : EventManager : Event: ======'machine_var_mpf_version'====== Args={'value': 'Mission Pinball Framework v0.81.0.dev2', 'prev_value': None, 'change': True}
2026-05-31 08:39:56,029 : INFO : EventManager : Event: ======'machine_var_mpf_extended_version'====== Args={'value': 'Mission Pinball Framework v0.81.0.dev2, Config version:6, Show version: 6, BCP version:1.1', 'prev_value': None, 'change': True}
2026-05-31 08:39:56,029 : INFO : EventManager : Event: ======'machine_var_python_version'====== Args={'value': '3.12.9', 'prev_value': None, 'change': True}
2026-05-31 08:39:56,048 : INFO : EventManager : Event: ======'machine_var_platform'====== Args={'value': 'macOS-26.3-arm64-arm-64bit', 'prev_value': None, 'change': True}
2026-05-31 08:39:56,048 : INFO : EventManager : Event: ======'machine_var_platform_system'====== Args={'value': 'Darwin', 'prev_value': None, 'change': True}
2026-05-31 08:39:56,048 : INFO : EventManager : Event: ======'machine_var_platform_release'====== Args={'value': '25.3.0', 'prev_value': None, 'change': True}
2026-05-31 08:39:56,048 : INFO : EventManager : Event: ======'machine_var_platform_version'====== Args={'value': 'Darwin Kernel Version 25.3.0: Wed Jan 28 20:53:01 PST 2026; root:xnu-12377.81.4~5/RELEASE_ARM64_T8103', 'prev_value': None, 'change': True}
2026-05-31 08:39:56,048 : INFO : EventManager : Event: ======'machine_var_platform_machine'====== Args={'value': 'arm64', 'prev_value': None, 'change': True}
2026-05-31 08:39:56,048 : INFO : EventManager : Event: ======'machine_var_log_file_path'====== Args={'value': '/Users/guillaumebarre/Desktop/BTTF/DEF/BTTF MINI-PC/GITHUB/logs/2026-05-31-08-39-55-mpf-macbook-air-de-guillaume1.home.log', 'prev_value': None, 'change': True}
2026-05-31 08:39:56,048 : INFO : EventManager : Event: ======'init_phase_1'====== Args={}
2026-05-31 08:39:56,056 : INFO : EventManager : Event: ======'init_phase_2'====== Args={}
2026-05-31 08:39:56,056 : INFO : SwitchController : Found active switch: ('0-0-9', <Platform.Virtual>) <switch.s_trough1>
2026-05-31 08:39:56,057 : INFO : SwitchController : Found active switch: ('0-0-10', <Platform.Virtual>) <switch.s_trough2>
2026-05-31 08:39:56,057 : INFO : SwitchController : Found active switch: ('0-0-11', <Platform.Virtual>) <switch.s_trough3>
2026-05-31 08:39:56,057 : INFO : SwitchController : Found active switch: ('0-0-27', <Platform.Virtual>) <switch.s_trough4>
2026-05-31 08:39:56,057 : INFO : EventManager : Event: ======'bcp_connection_attempt'====== Args={'name': 'local_display', 'host': 'localhost', 'port': 5050}
2026-05-31 08:39:56,058 : INFO : BCPClientSocket : Connecting BCP to 'local_display' at localhost:5050...
2026-05-31 08:40:00,367 : INFO : BCPClientSocket : Connected BCP to 'local_display' localhost:5050
2026-05-31 08:40:00,367 : INFO : EventManager : Event: ======'bcp_clients_connected'====== Args={}
2026-05-31 08:40:00,369 : INFO : ball_device.bd_trough : BCH: Initial count: 4
2026-05-31 08:40:00,369 : INFO : ball_device.bd_trough : State: idle
2026-05-31 08:40:00,369 : INFO : ball_device.bd_plunger : BCH: Initial count: 0
2026-05-31 08:40:00,369 : INFO : ball_device.bd_plunger : State: idle
2026-05-31 08:40:00,374 : INFO : EventManager : Event: ======'init_phase_3'====== Args={}
2026-05-31 08:40:00,374 : INFO : EventManager : Event: ======'init_phase_4'====== Args={}
2026-05-31 08:40:00,375 : INFO : BallController : Initial balls found: 4
2026-05-31 08:40:00,375 : INFO : EventManager : Event: ======'machine_var_audits_switches_s_left_outlane'====== Args={'value': 0, 'prev_value': None, 'change': True}
2026-05-31 08:40:00,375 : INFO : EventManager : Event: ======'machine_var_audits_switches_s_trough2'====== Args={'value': 0, 'prev_value': None, 'change': True}
2026-05-31 08:40:00,375 : INFO : EventManager : Event: ======'machine_var_audits_switches_s_trough1'====== Args={'value': 0, 'prev_value': None, 'change': True}
2026-05-31 08:40:00,375 : INFO : EventManager : Event: ======'machine_var_audits_switches_s_plunger'====== Args={'value': 0, 'prev_value': None, 'change': True}
2026-05-31 08:40:00,375 : INFO : EventManager : Event: ======'machine_var_audits_switches_s_trough3'====== Args={'value': 0, 'prev_value': None, 'change': True}
2026-05-31 08:40:00,375 : INFO : EventManager : Event: ======'machine_var_audits_switches_s_right_outlane'====== Args={'value': 0, 'prev_value': None, 'change': True}
2026-05-31 08:40:00,375 : INFO : EventManager : Event: ======'machine_var_audits_switches_s_left_inlane'====== Args={'value': 0, 'prev_value': None, 'change': True}
2026-05-31 08:40:00,375 : INFO : EventManager : Event: ======'machine_var_audits_switches_s_left_flipper'====== Args={'value': 0, 'prev_value': None, 'change': True}
2026-05-31 08:40:00,375 : INFO : EventManager : Event: ======'machine_var_audits_switches_s_trough4'====== Args={'value': 0, 'prev_value': None, 'change': True}
2026-05-31 08:40:00,375 : INFO : EventManager : Event: ======'machine_var_audits_switches_s_trough_jam'====== Args={'value': 0, 'prev_value': None, 'change': True}
2026-05-31 08:40:00,375 : INFO : EventManager : Event: ======'machine_var_audits_switches_s_right_flipper'====== Args={'value': 0, 'prev_value': None, 'change': True}
2026-05-31 08:40:00,375 : INFO : EventManager : Event: ======'machine_var_audits_switches_s_start'====== Args={'value': 0, 'prev_value': None, 'change': True}
2026-05-31 08:40:00,375 : INFO : EventManager : Event: ======'machine_var_audits_switches_s_right_inlane'====== Args={'value': 0, 'prev_value': None, 'change': True}
2026-05-31 08:40:00,375 : INFO : EventManager : Event: ======'machine_var_audits_events_game_started'====== Args={'value': 0, 'prev_value': None, 'change': True}
2026-05-31 08:40:00,375 : INFO : EventManager : Event: ======'machine_var_audits_events_game_ended'====== Args={'value': 0, 'prev_value': None, 'change': True}
2026-05-31 08:40:00,375 : INFO : EventManager : Event: ======'machine_var_audits_player_score'====== Args={'value': {'top': [], 'average': 0, 'total': 0}, 'prev_value': None, 'change': True}
2026-05-31 08:40:00,376 : INFO : EventManager : Event: ======'init_phase_5'====== Args={}
2026-05-31 08:40:00,376 : INFO : EventManager : Event: ======'init_done'====== Args={}
2026-05-31 08:40:00,376 : INFO : EventManager : Event: ======'machine_reset_phase_1'====== Args={}
2026-05-31 08:40:00,569 : INFO : EventManager : Event: ======'machine_reset_phase_2'====== Args={}
2026-05-31 08:40:00,569 : INFO : EventManager : Event: ======'machine_reset_phase_3'====== Args={}
2026-05-31 08:40:00,569 : INFO : EventManager : Event: ======'reset_complete'====== Args={}
2026-05-31 08:40:00,569 : INFO : EventManager : Event: ======'mode_attract_will_start'====== Args={}
2026-05-31 08:40:00,569 : INFO : EventManager : Event: ======'mode_attract_starting'====== Args={}
2026-05-31 08:40:00,570 : INFO : Mode.attract : Started. Priority: 10
2026-05-31 08:40:00,570 : INFO : EventManager : Event: ======'modes_active_modes_changed'====== Args={}
2026-05-31 08:40:00,570 : INFO : EventManager : Event: ======'mode_attract_started'====== Args={}
2026-05-31 08:40:00,570 : INFO : EventManager : Event: ======'collecting_balls_complete'====== Args={}
2026-05-31 08:40:00,570 : INFO : Machine : Starting the main run loop with active modes: [<Mode.attract>]
2026-05-31 08:40:00,581 : INFO : EventManager : Event: ======'slide_attract_created'====== Args={'_from_bcp': True}
2026-05-31 08:40:00,581 : INFO : EventManager : Event: ======'slide__removed'====== Args={'_from_bcp': True}
2026-05-31 08:40:00,581 : INFO : EventManager : Event: ======'slide_attract_active'====== Args={'original_context': 'attract', 'original_calling_context': 'mode_attract_started', 'priority': 10.0, 'cmd': 'slides_play', '_from_bcp': True}
2026-05-31 08:40:35,942 : INFO : Machine : Shutting down...
2026-05-31 08:40:35,942 : INFO : EventManager : Event: ======'shutdown'====== Args={}
2026-05-31 08:40:35,943 : INFO : root : MPF run loop ended.
