2026-06-13 23:48:16,566 : INFO : root : Loading config.
2026-06-13 23:48:16,568 : INFO : YamlMultifileConfigLoader : Machine config file #1: config.yaml
2026-06-13 23:48:16,568 : WARNING : ConfigProcessor : Config file in cache changed: /Users/guillaumebarre/mpf/lib/python3.12/site-packages/mpf/mpfconfig.yaml
2026-06-13 23:48:16,569 : INFO : ConfigProcessor : Loading config from file /Users/guillaumebarre/mpf/lib/python3.12/site-packages/mpf/mpfconfig.yaml.
2026-06-13 23:48:16,574 : INFO : ConfigProcessor : Loading config: /Users/guillaumebarre/mpf/lib/python3.12/site-packages/mpf/mpfconfig.yaml
2026-06-13 23:48:16,575 : INFO : ConfigProcessor : Loading config from file /Users/guillaumebarre/Desktop/BTTF/DEF/BTTF_MINI-PC/GITHUB/config/config.yaml.
2026-06-13 23:48:16,579 : INFO : ConfigProcessor : Loading config: /Users/guillaumebarre/Desktop/BTTF/DEF/BTTF_MINI-PC/GITHUB/config/config.yaml
2026-06-13 23:48:16,580 : INFO : ConfigProcessor : Config file cache created: /var/folders/5m/bcfj4qw962g1yt8bpfv4lq9c0000gn/T/888a835b5fde052b87252136c50b804e.mpf_cache
2026-06-13 23:48:16,618 : WARNING : ConfigProcessor : Config file in cache changed: /Users/guillaumebarre/mpf/lib/python3.12/site-packages/mpf/modes/attract/config/attract.yaml
2026-06-13 23:48:16,618 : INFO : ConfigProcessor : Loading config from file /Users/guillaumebarre/mpf/lib/python3.12/site-packages/mpf/modes/attract/config/attract.yaml.
2026-06-13 23:48:16,618 : INFO : ConfigProcessor : Loading config: /Users/guillaumebarre/mpf/lib/python3.12/site-packages/mpf/modes/attract/config/attract.yaml
2026-06-13 23:48:16,618 : INFO : ConfigProcessor : Loading config from file /Users/guillaumebarre/Desktop/BTTF/DEF/BTTF_MINI-PC/GITHUB/modes/attract/config/attract.yaml.
2026-06-13 23:48:16,619 : INFO : ConfigProcessor : Loading config: /Users/guillaumebarre/Desktop/BTTF/DEF/BTTF_MINI-PC/GITHUB/modes/attract/config/attract.yaml
2026-06-13 23:48:16,619 : INFO : ConfigProcessor : Config file cache created: /var/folders/5m/bcfj4qw962g1yt8bpfv4lq9c0000gn/T/8622cd1fe0050c6b0179be5a651e22f5.mpf_cache
2026-06-13 23:48:16,619 : WARNING : ConfigProcessor : Config file in cache changed: /Users/guillaumebarre/mpf/lib/python3.12/site-packages/mpf/modes/game/config/game.yaml
2026-06-13 23:48:16,619 : INFO : ConfigProcessor : Loading config from file /Users/guillaumebarre/mpf/lib/python3.12/site-packages/mpf/modes/game/config/game.yaml.
2026-06-13 23:48:16,620 : INFO : ConfigProcessor : Loading config: /Users/guillaumebarre/mpf/lib/python3.12/site-packages/mpf/modes/game/config/game.yaml
2026-06-13 23:48:16,620 : INFO : ConfigProcessor : Config file cache created: /var/folders/5m/bcfj4qw962g1yt8bpfv4lq9c0000gn/T/58f948f5e9fe219120f05e295bb3ef65.mpf_cache
2026-06-13 23:48:16,620 : INFO : ConfigProcessor : Loading config from cache: /var/folders/5m/bcfj4qw962g1yt8bpfv4lq9c0000gn/T/8622cd1fe0050c6b0179be5a651e22f5.mpf_cache
2026-06-13 23:48:16,621 : INFO : ConfigProcessor : Loading config from cache: /var/folders/5m/bcfj4qw962g1yt8bpfv4lq9c0000gn/T/369243a5c0d089a5c3bcaae4a6363538.mpf_cache
2026-06-13 23:48:16,621 : WARNING : ConfigProcessor : Config file in cache changed: /Users/guillaumebarre/mpf/lib/python3.12/site-packages/mpf/config_spec.yaml
2026-06-13 23:48:16,621 : INFO : ConfigProcessor : Loading config from file /Users/guillaumebarre/Desktop/BTTF/DEF/BTTF_MINI-PC/GITHUB/modes/base/config/base.yaml.
2026-06-13 23:48:16,621 : INFO : ConfigProcessor : Loading config: /Users/guillaumebarre/Desktop/BTTF/DEF/BTTF_MINI-PC/GITHUB/modes/base/config/base.yaml
2026-06-13 23:48:16,621 : INFO : ConfigProcessor : Config file cache created: /var/folders/5m/bcfj4qw962g1yt8bpfv4lq9c0000gn/T/369243a5c0d089a5c3bcaae4a6363538.mpf_cache
2026-06-13 23:48:16,622 : INFO : ConfigProcessor : Loading config from cache: /var/folders/5m/bcfj4qw962g1yt8bpfv4lq9c0000gn/T/6b2ea6a059b1471fc11c0d698e7bdf4d.mpf_cache
2026-06-13 23:48:16,622 : WARNING : ConfigProcessor : Config file in cache changed: /Users/guillaumebarre/mpf/lib/python3.12/site-packages/mpf/config_spec.yaml
2026-06-13 23:48:16,622 : INFO : ConfigProcessor : Loading config from file /Users/guillaumebarre/Desktop/BTTF/DEF/BTTF_MINI-PC/GITHUB/modes/einstein_multiball/config/einstein_multiball.yaml.
2026-06-13 23:48:16,622 : INFO : ConfigProcessor : Loading config: /Users/guillaumebarre/Desktop/BTTF/DEF/BTTF_MINI-PC/GITHUB/modes/einstein_multiball/config/einstein_multiball.yaml
2026-06-13 23:48:16,623 : INFO : ConfigProcessor : Config file cache created: /var/folders/5m/bcfj4qw962g1yt8bpfv4lq9c0000gn/T/6b2ea6a059b1471fc11c0d698e7bdf4d.mpf_cache
2026-06-13 23:48:16,623 : INFO : Machine : Mission Pinball Framework Core Engine v0.80.0
2026-06-13 23:48:16,623 : INFO : Machine : Command line arguments: {'no_load_cache': False, 'create_config_cache': True, 'bcp': True, 'configfile': ['config.yaml'], 'force_assets_load': False, 'platform_integration_test': False, 'jsonlogging': False, 'logfile': 'logs/2026-06-13-23-48-16-mpf-macbook-air-de-guillaume1.home.log', 'pause': False, 'production': False, 'text_ui': False, 'loglevel': 15, 'consoleloglevel': 20, 'force_platform': 'smart_virtual', 'syslog_address': None, 'full_logfile_path': '/Users/guillaumebarre/Desktop/BTTF/DEF/BTTF_MINI-PC/GITHUB/logs/2026-06-13-23-48-16-mpf-macbook-air-de-guillaume1.home.log'}
2026-06-13 23:48:16,623 : INFO : Machine : MPF path: /Users/guillaumebarre/mpf/lib/python3.12/site-packages/mpf
2026-06-13 23:48:16,623 : INFO : Machine : Machine path: /Users/guillaumebarre/Desktop/BTTF/DEF/BTTF_MINI-PC/GITHUB
2026-06-13 23:48:16,623 : INFO : Machine : Platform: darwin
2026-06-13 23:48:16,623 : INFO : Machine : Python executable location: /Users/guillaumebarre/mpf/bin/python
2026-06-13 23:48:16,623 : INFO : Machine : Python version: 3.12.9 (64-bit)
2026-06-13 23:48:16,623 : INFO : Machine : Initializing MPF...
2026-06-13 23:48:17,115 : ERROR : ConfigValidator : Your config contains a value for the setting "mpf:config_cache", but this is not a valid setting name.
2026-06-13 23:48:17,115 : INFO : Machine : Shutting down...
2026-06-13 23:48:17,115 : INFO : EventManager : Event: ======'shutdown'====== Args={}
2026-06-13 23:48:17,115 : ERROR : Machine : Failed to initialize MPF
Traceback (most recent call last):
  File "/Users/guillaumebarre/mpf/lib/python3.12/site-packages/mpf/core/machine.py", line 688, in initialize_mpf
    raise init.exception()
  File "/Users/guillaumebarre/mpf/lib/python3.12/site-packages/mpf/core/machine.py", line 250, in initialize
    await self.initialize_core_and_hardware()
  File "/Users/guillaumebarre/mpf/lib/python3.12/site-packages/mpf/core/machine.py", line 241, in initialize_core_and_hardware
    self._validate_config()
  File "/Users/guillaumebarre/mpf/lib/python3.12/site-packages/mpf/core/machine.py", line 373, in _validate_config
    self.validate_machine_config_section('mpf')
  File "/Users/guillaumebarre/mpf/lib/python3.12/site-packages/mpf/core/machine.py", line 393, in validate_machine_config_section
    self.config[section] = self.config_validator.validate_config(
                           ^^^^^^^^^^^^^^^^^^^^^^^^^^^^^^^^^^^^^^
  File "/Users/guillaumebarre/mpf/lib/python3.12/site-packages/mpf/core/config_validator.py", line 164, in validate_config
    return self._validate_config(config_spec, source, base_spec=base_spec, add_missing_keys=add_missing_keys,
           ^^^^^^^^^^^^^^^^^^^^^^^^^^^^^^^^^^^^^^^^^^^^^^^^^^^^^^^^^^^^^^^^^^^^^^^^^^^^^^^^^^^^^^^^^^^^^^^^^^
  File "/Users/guillaumebarre/mpf/lib/python3.12/site-packages/mpf/core/config_validator.py", line 177, in _validate_config
    self.check_for_invalid_sections(this_spec, source, validation_failure_info)
  File "/Users/guillaumebarre/mpf/lib/python3.12/site-packages/mpf/core/config_validator.py", line 345, in check_for_invalid_sections
    raise ConfigFileError('Your config contains a value for the '
mpf.exceptions.config_file_error.ConfigFileError: Config File Error in ConfigValidator: Your config contains a value for the setting "mpf:config_cache", but this is not a valid setting name. Error Code: CFE-ConfigValidator-2 (https://missionpinball.org/latest/logs)
2026-06-13 23:48:17,117 : INFO : root : MPF run loop ended.
