2026-06-02 01:35:10,296 : INFO : root : Loading config.
2026-06-02 01:35:10,298 : INFO : YamlMultifileConfigLoader : Machine config file #1: config.yaml
2026-06-02 01:35:10,298 : INFO : ConfigProcessor : Loading config from cache: /var/folders/5m/bcfj4qw962g1yt8bpfv4lq9c0000gn/T/888a835b5fde052b87252136c50b804e.mpf_cache
2026-06-02 01:35:10,338 : INFO : ConfigProcessor : Loading config from cache: /var/folders/5m/bcfj4qw962g1yt8bpfv4lq9c0000gn/T/8622cd1fe0050c6b0179be5a651e22f5.mpf_cache
2026-06-02 01:35:10,338 : INFO : ConfigProcessor : Loading config from cache: /var/folders/5m/bcfj4qw962g1yt8bpfv4lq9c0000gn/T/58f948f5e9fe219120f05e295bb3ef65.mpf_cache
2026-06-02 01:35:10,338 : INFO : ConfigProcessor : Loading config from cache: /var/folders/5m/bcfj4qw962g1yt8bpfv4lq9c0000gn/T/8622cd1fe0050c6b0179be5a651e22f5.mpf_cache
2026-06-02 01:35:10,338 : INFO : ConfigProcessor : Loading config from cache: /var/folders/5m/bcfj4qw962g1yt8bpfv4lq9c0000gn/T/369243a5c0d089a5c3bcaae4a6363538.mpf_cache
2026-06-02 01:35:10,339 : INFO : ConfigProcessor : Loading config from cache: /var/folders/5m/bcfj4qw962g1yt8bpfv4lq9c0000gn/T/9f86e0f716be9932a6ee645f4848fc86.mpf_cache
2026-06-02 01:35:10,339 : INFO : Machine : Mission Pinball Framework Core Engine v0.81.0.dev2
2026-06-02 01:35:10,339 : INFO : Machine : Command line arguments: {'no_load_cache': False, 'create_config_cache': True, 'bcp': True, 'configfile': ['config.yaml'], 'force_assets_load': False, 'platform_integration_test': False, 'jsonlogging': False, 'logfile': 'logs/2026-06-02-01-35-10-mpf-macbook-air-de-guillaume1.home.log', 'pause': False, 'production': False, 'text_ui': True, 'loglevel': 15, 'consoleloglevel': 20, 'force_platform': 'smart_virtual', 'syslog_address': None, 'full_logfile_path': '/Users/guillaumebarre/Desktop/BTTF/DEF/BTTF_MINI-PC/GITHUB/logs/2026-06-02-01-35-10-mpf-macbook-air-de-guillaume1.home.log'}
2026-06-02 01:35:10,339 : INFO : Machine : MPF path: /Users/guillaumebarre/mpf/lib/python3.12/site-packages/mpf
2026-06-02 01:35:10,339 : INFO : Machine : Machine path: /Users/guillaumebarre/Desktop/BTTF/DEF/BTTF_MINI-PC/GITHUB
2026-06-02 01:35:10,339 : INFO : Machine : Platform: darwin
2026-06-02 01:35:10,339 : INFO : Machine : Python executable location: /Users/guillaumebarre/mpf/bin/python3.12
2026-06-02 01:35:10,339 : INFO : Machine : Python version: 3.12.9 (64-bit)
2026-06-02 01:35:10,339 : INFO : Machine : Initializing MPF...
2026-06-02 01:35:10,392 : INFO : EventManager : Event: ======'machine_var_credits_string'====== Args={'value': 'FREE PLAY', 'prev_value': None, 'change': True}
2026-06-02 01:35:10,400 : INFO : EventManager : Event: ======'machine_var_master_volume'====== Args={'value': 0.5, 'prev_value': None, 'change': True}
2026-06-02 01:35:10,400 : INFO : EventManager : Event: ======'machine_var_mpf_version'====== Args={'value': 'Mission Pinball Framework v0.81.0.dev2', 'prev_value': None, 'change': True}
2026-06-02 01:35:10,400 : INFO : EventManager : Event: ======'machine_var_mpf_extended_version'====== Args={'value': 'Mission Pinball Framework v0.81.0.dev2, Config version:6, Show version: 6, BCP version:1.1', 'prev_value': None, 'change': True}
2026-06-02 01:35:10,400 : INFO : EventManager : Event: ======'machine_var_python_version'====== Args={'value': '3.12.9', 'prev_value': None, 'change': True}
2026-06-02 01:35:10,420 : INFO : EventManager : Event: ======'machine_var_platform'====== Args={'value': 'macOS-26.3-arm64-arm-64bit', 'prev_value': None, 'change': True}
2026-06-02 01:35:10,420 : INFO : EventManager : Event: ======'machine_var_platform_system'====== Args={'value': 'Darwin', 'prev_value': None, 'change': True}
2026-06-02 01:35:10,420 : INFO : EventManager : Event: ======'machine_var_platform_release'====== Args={'value': '25.3.0', 'prev_value': None, 'change': True}
2026-06-02 01:35:10,420 : INFO : EventManager : Event: ======'machine_var_platform_version'====== Args={'value': 'Darwin Kernel Version 25.3.0: Wed Jan 28 20:53:01 PST 2026; root:xnu-12377.81.4~5/RELEASE_ARM64_T8103', 'prev_value': None, 'change': True}
2026-06-02 01:35:10,420 : INFO : EventManager : Event: ======'machine_var_platform_machine'====== Args={'value': 'arm64', 'prev_value': None, 'change': True}
2026-06-02 01:35:10,421 : INFO : EventManager : Event: ======'machine_var_log_file_path'====== Args={'value': '/Users/guillaumebarre/Desktop/BTTF/DEF/BTTF_MINI-PC/GITHUB/logs/2026-06-02-01-35-10-mpf-macbook-air-de-guillaume1.home.log', 'prev_value': None, 'change': True}
2026-06-02 01:35:10,421 : INFO : EventManager : Event: ======'init_phase_1'====== Args={}
2026-06-02 01:35:10,434 : INFO : EventManager : Event: ======'init_phase_2'====== Args={}
2026-06-02 01:35:10,434 : INFO : SwitchController : Found active switch: ('1-0-40', <Platform.SmartVirtual>) <switch.s_trough1>
2026-06-02 01:35:10,435 : INFO : SwitchController : Found active switch: ('1-0-41', <Platform.SmartVirtual>) <switch.s_trough2>
2026-06-02 01:35:10,435 : INFO : SwitchController : Found active switch: ('1-0-42', <Platform.SmartVirtual>) <switch.s_trough3>
2026-06-02 01:35:10,435 : INFO : SwitchController : Found active switch: ('1-0-43', <Platform.SmartVirtual>) <switch.s_trough4>
2026-06-02 01:35:10,436 : INFO : EventManager : Event: ======'bcp_connection_attempt'====== Args={'name': 'local_display', 'host': 'localhost', 'port': 5050}
2026-06-02 01:35:10,437 : INFO : BCPClientSocket : Connecting BCP to 'local_display' at localhost:5050...
2026-06-02 01:35:11,461 : INFO : BCPClientSocket : Connected BCP to 'local_display' localhost:5050
2026-06-02 01:35:11,462 : INFO : EventManager : Event: ======'bcp_clients_connected'====== Args={}
2026-06-02 01:35:11,464 : INFO : ball_device.bd_trough : BCH: Initial count: 4
2026-06-02 01:35:11,465 : INFO : ball_device.bd_trough : State: idle
2026-06-02 01:35:11,465 : INFO : ball_device.bd_plunger : BCH: Initial count: 0
2026-06-02 01:35:11,465 : INFO : ball_device.bd_plunger : State: idle
2026-06-02 01:35:11,465 : INFO : ball_device.bd_left_vuk : BCH: Initial count: 0
2026-06-02 01:35:11,465 : INFO : ball_device.bd_left_vuk : State: idle
2026-06-02 01:35:11,465 : INFO : ball_device.bd_right_vuk : BCH: Initial count: 0
2026-06-02 01:35:11,465 : INFO : ball_device.bd_right_vuk : State: idle
2026-06-02 01:35:11,466 : INFO : ball_device.bd_upper_vuk : BCH: Initial count: 0
2026-06-02 01:35:11,466 : INFO : ball_device.bd_upper_vuk : State: idle
2026-06-02 01:35:11,466 : ERROR : asyncio : Task exception was never retrieved
future: <Task finished name='Task-165' coro=<BallDevice._initialize_async() done, defined at /Users/guillaumebarre/mpf/lib/python3.12/site-packages/mpf/devices/ball_device/ball_device.py:196> exception=ConfigFileError('Configuration error in bd_bras_rotatif ball device. mechanical_eject can only be used with devices that have 1 ball switch')>
Traceback (most recent call last):
  File "/Users/guillaumebarre/mpf/lib/python3.12/site-packages/mpf/devices/ball_device/ball_device.py", line 198, in _initialize_async
    await self.ball_count_handler.initialize()
  File "/Users/guillaumebarre/mpf/lib/python3.12/site-packages/mpf/devices/ball_device/ball_count_handler.py", line 92, in initialize
    self.counter = counter_class(self.ball_device, self.ball_device.config.get("counter", {}))
                   ^^^^^^^^^^^^^^^^^^^^^^^^^^^^^^^^^^^^^^^^^^^^^^^^^^^^^^^^^^^^^^^^^^^^^^^^^^^
  File "/Users/guillaumebarre/mpf/lib/python3.12/site-packages/mpf/devices/ball_device/switch_counter.py", line 74, in __init__
    self.ball_device.raise_config_error('Configuration error in {} ball device. '
  File "/Users/guillaumebarre/mpf/lib/python3.12/site-packages/mpf/core/logging.py", line 175, in raise_config_error
    raise ConfigFileError(msg, error_no, self.log.name if self.log else "", context, self._url_base) \
mpf.exceptions.config_file_error.ConfigFileError: Config File Error in ball_device.bd_bras_rotatif: Configuration error in bd_bras_rotatif ball device. mechanical_eject can only be used with devices that have 1 ball switch Error Code: CFE-ball_device-5 (https://missionpinball.org/latest/logs)
2026-06-02 01:35:11,471 : INFO : EventManager : Event: ======'init_phase_3'====== Args={}
2026-06-02 01:35:11,472 : INFO : Machine : Starting the main run loop with active modes: []
2026-06-02 01:35:11,472 : WARNING : Machine : Attract mode is not active, game will not be playable. Please check your attract mode configuration.
2026-06-02 01:35:11,472 : INFO : EventManager : Event: ======'init_phase_4'====== Args={}
2026-06-02 01:35:11,472 : INFO : Machine : Shutting down...
2026-06-02 01:35:11,472 : INFO : EventManager : Event: ======'shutdown'====== Args={}
2026-06-02 01:35:11,473 : ERROR : root : no running event loop
Traceback (most recent call last):
  File "/Users/guillaumebarre/mpf/lib/python3.12/site-packages/mpf/commands/game.py", line 229, in __init__
    self.machine.run()
  File "/Users/guillaumebarre/mpf/lib/python3.12/site-packages/mpf/core/machine.py", line 706, in run
    self._run_loop()
  File "/Users/guillaumebarre/mpf/lib/python3.12/site-packages/mpf/core/machine.py", line 806, in _run_loop
    self._crash_shutdown()
  File "/Users/guillaumebarre/mpf/lib/python3.12/site-packages/mpf/core/machine.py", line 751, in _crash_shutdown
    self._do_stop()
  File "/Users/guillaumebarre/mpf/lib/python3.12/site-packages/mpf/core/machine.py", line 741, in _do_stop
    self.events.process_event_queue()
  File "/Users/guillaumebarre/mpf/lib/python3.12/site-packages/mpf/core/events.py", line 842, in process_event_queue
    self._process_queue_event(event=event[0],
  File "/Users/guillaumebarre/mpf/lib/python3.12/site-packages/mpf/core/events.py", line 783, in _process_queue_event
    task = asyncio.create_task(self._run_handlers_sequential(event, callback, kwargs))
           ^^^^^^^^^^^^^^^^^^^^^^^^^^^^^^^^^^^^^^^^^^^^^^^^^^^^^^^^^^^^^^^^^^^^^^^^^^^
  File "/Library/Frameworks/Python.framework/Versions/3.12/lib/python3.12/asyncio/tasks.py", line 417, in create_task
    loop = events.get_running_loop()
           ^^^^^^^^^^^^^^^^^^^^^^^^^
RuntimeError: no running event loop
