2026-05-27 20:34:44,616 : INFO : root : Loading config.
2026-05-27 20:34:44,618 : INFO : YamlMultifileConfigLoader : Machine config file #1: config.yaml
2026-05-27 20:34:44,618 : WARNING : ConfigProcessor : Config file in cache changed: /Users/guillaumebarre/Desktop/BTTF/DEF/BTTF MINI-PC/GITHUB/config/config.yaml
2026-05-27 20:34:44,618 : INFO : ConfigProcessor : Loading config from file /Users/guillaumebarre/mpf/lib/python3.12/site-packages/mpf/mpfconfig.yaml.
2026-05-27 20:34:44,624 : INFO : ConfigProcessor : Loading config: /Users/guillaumebarre/mpf/lib/python3.12/site-packages/mpf/mpfconfig.yaml
2026-05-27 20:34:44,624 : INFO : ConfigProcessor : Loading config from file /Users/guillaumebarre/Desktop/BTTF/DEF/BTTF MINI-PC/GITHUB/config/config.yaml.
2026-05-27 20:34:44,626 : INFO : ConfigProcessor : Loading config: /Users/guillaumebarre/Desktop/BTTF/DEF/BTTF MINI-PC/GITHUB/config/config.yaml
2026-05-27 20:34:44,626 : INFO : ConfigProcessor : Config file cache created: /var/folders/5m/bcfj4qw962g1yt8bpfv4lq9c0000gn/T/879e6310d0f512a8e3025c6b1766f22b.mpf_cache
2026-05-27 20:34:44,666 : INFO : ConfigProcessor : Loading config from cache: /var/folders/5m/bcfj4qw962g1yt8bpfv4lq9c0000gn/T/09e78a39ffbed009e12abcfb811eb426.mpf_cache
2026-05-27 20:34:44,666 : INFO : ConfigProcessor : Loading config from cache: /var/folders/5m/bcfj4qw962g1yt8bpfv4lq9c0000gn/T/58f948f5e9fe219120f05e295bb3ef65.mpf_cache
2026-05-27 20:34:44,666 : INFO : ConfigProcessor : Loading config from cache: /var/folders/5m/bcfj4qw962g1yt8bpfv4lq9c0000gn/T/09e78a39ffbed009e12abcfb811eb426.mpf_cache
2026-05-27 20:34:44,667 : INFO : ConfigProcessor : Loading config from cache: /var/folders/5m/bcfj4qw962g1yt8bpfv4lq9c0000gn/T/6b1dc9c275b0f73ab9a43f51a62ab7c9.mpf_cache
2026-05-27 20:34:44,667 : INFO : Machine : Mission Pinball Framework Core Engine v0.81.0.dev2
2026-05-27 20:34:44,667 : INFO : Machine : Command line arguments: {'no_load_cache': False, 'create_config_cache': True, 'bcp': False, 'configfile': ['config.yaml'], 'force_assets_load': False, 'platform_integration_test': False, 'jsonlogging': False, 'logfile': 'logs/2026-05-27-20-34-44-mpf-macbook-air-de-guillaume1.home.log', 'pause': False, 'production': False, 'text_ui': False, 'loglevel': 15, 'consoleloglevel': 20, 'force_platform': 'virtual', 'syslog_address': None, 'full_logfile_path': '/Users/guillaumebarre/Desktop/BTTF/DEF/BTTF MINI-PC/GITHUB/logs/2026-05-27-20-34-44-mpf-macbook-air-de-guillaume1.home.log'}
2026-05-27 20:34:44,667 : INFO : Machine : MPF path: /Users/guillaumebarre/mpf/lib/python3.12/site-packages/mpf
2026-05-27 20:34:44,667 : INFO : Machine : Machine path: /Users/guillaumebarre/Desktop/BTTF/DEF/BTTF MINI-PC/GITHUB
2026-05-27 20:34:44,667 : INFO : Machine : Platform: darwin
2026-05-27 20:34:44,667 : INFO : Machine : Python executable location: /Users/guillaumebarre/mpf/bin/python3.12
2026-05-27 20:34:44,667 : INFO : Machine : Python version: 3.12.9 (64-bit)
2026-05-27 20:34:44,667 : INFO : Machine : Initializing MPF...
2026-05-27 20:34:44,860 : INFO : EventManager : Event: ======'machine_var_credits_string'====== Args={'value': 'FREE PLAY', 'prev_value': None, 'change': True}
2026-05-27 20:34:44,869 : INFO : EventManager : Event: ======'machine_var_master_volume'====== Args={'value': 0.5, 'prev_value': None, 'change': True}
2026-05-27 20:34:44,869 : INFO : EventManager : Event: ======'machine_var_mpf_version'====== Args={'value': 'Mission Pinball Framework v0.81.0.dev2', 'prev_value': None, 'change': True}
2026-05-27 20:34:44,869 : INFO : EventManager : Event: ======'machine_var_mpf_extended_version'====== Args={'value': 'Mission Pinball Framework v0.81.0.dev2, Config version:6, Show version: 6, BCP version:1.1', 'prev_value': None, 'change': True}
2026-05-27 20:34:44,869 : INFO : EventManager : Event: ======'machine_var_python_version'====== Args={'value': '3.12.9', 'prev_value': None, 'change': True}
2026-05-27 20:34:44,887 : INFO : EventManager : Event: ======'machine_var_platform'====== Args={'value': 'macOS-26.3-arm64-arm-64bit', 'prev_value': None, 'change': True}
2026-05-27 20:34:44,888 : INFO : EventManager : Event: ======'machine_var_platform_system'====== Args={'value': 'Darwin', 'prev_value': None, 'change': True}
2026-05-27 20:34:44,888 : INFO : EventManager : Event: ======'machine_var_platform_release'====== Args={'value': '25.3.0', 'prev_value': None, 'change': True}
2026-05-27 20:34:44,888 : INFO : EventManager : Event: ======'machine_var_platform_version'====== Args={'value': 'Darwin Kernel Version 25.3.0: Wed Jan 28 20:53:01 PST 2026; root:xnu-12377.81.4~5/RELEASE_ARM64_T8103', 'prev_value': None, 'change': True}
2026-05-27 20:34:44,888 : INFO : EventManager : Event: ======'machine_var_platform_machine'====== Args={'value': 'arm64', 'prev_value': None, 'change': True}
2026-05-27 20:34:44,888 : INFO : EventManager : Event: ======'machine_var_log_file_path'====== Args={'value': '/Users/guillaumebarre/Desktop/BTTF/DEF/BTTF MINI-PC/GITHUB/logs/2026-05-27-20-34-44-mpf-macbook-air-de-guillaume1.home.log', 'prev_value': None, 'change': True}
2026-05-27 20:34:44,888 : INFO : EventManager : Event: ======'init_phase_1'====== Args={}
2026-05-27 20:34:44,897 : INFO : EventManager : Event: ======'init_phase_2'====== Args={}
2026-05-27 20:34:44,897 : INFO : SwitchController : Found active switch: ('0-0-8', <Platform.Virtual>) <switch.s_trough1>
2026-05-27 20:34:44,897 : INFO : SwitchController : Found active switch: ('0-0-9', <Platform.Virtual>) <switch.s_trough2>
2026-05-27 20:34:44,897 : INFO : SwitchController : Found active switch: ('0-0-10', <Platform.Virtual>) <switch.s_trough3>
2026-05-27 20:34:44,897 : INFO : SwitchController : Found active switch: ('0-0-11', <Platform.Virtual>) <switch.s_trough4>
2026-05-27 20:34:44,898 : INFO : ball_device.bd_trough : BCH: Initial count: 4
2026-05-27 20:34:44,898 : INFO : ball_device.bd_trough : State: idle
2026-05-27 20:34:44,899 : INFO : ball_device.bd_plunger : BCH: Initial count: 0
2026-05-27 20:34:44,899 : INFO : ball_device.bd_plunger : State: idle
2026-05-27 20:34:44,901 : INFO : EventManager : Event: ======'init_phase_3'====== Args={}
2026-05-27 20:34:44,902 : INFO : EventManager : Event: ======'init_phase_4'====== Args={}
2026-05-27 20:34:44,902 : INFO : BallController : Initial balls found: 4
2026-05-27 20:34:44,902 : ERROR : asyncio : Exception in callback EventManager._queue_task_done(<Task finishe...trough_jam>')>)
handle: <Handle EventManager._queue_task_done(<Task finishe...trough_jam>')>)>
Traceback (most recent call last):
  File "/Library/Frameworks/Python.framework/Versions/3.12/lib/python3.12/asyncio/events.py", line 88, in _run
    self._context.run(self._callback, *self._args)
  File "/Users/guillaumebarre/mpf/lib/python3.12/site-packages/mpf/core/events.py", line 795, in _queue_task_done
    future.result()
  File "/Users/guillaumebarre/mpf/lib/python3.12/site-packages/mpf/core/events.py", line 708, in _run_handlers_sequential
    handler.callback(queue=queue, **merged_kwargs)
  File "/Users/guillaumebarre/mpf/lib/python3.12/site-packages/mpf/devices/switch.py", line 81, in _check_duplicate_switch_numbers
    raise AssertionError(
AssertionError: Duplicate switch number 0-0-3 for switch <switch.s_trough_jam>
2026-05-27 20:34:44,904 : INFO : Machine : Starting the main run loop with active modes: []
2026-05-27 20:34:44,904 : WARNING : Machine : Attract mode is not active, game will not be playable. Please check your attract mode configuration.
2026-05-27 20:34:44,904 : INFO : Machine : Shutting down...
2026-05-27 20:34:44,904 : INFO : EventManager : Event: ======'shutdown'====== Args={}
2026-05-27 20:34:45,906 : ERROR : Machine : Runtime Exception
Traceback (most recent call last):
  File "/Users/guillaumebarre/mpf/lib/python3.12/site-packages/mpf/core/machine.py", line 810, in _run_loop
    raise self._exception['exception']
  File "/Library/Frameworks/Python.framework/Versions/3.12/lib/python3.12/asyncio/events.py", line 88, in _run
    self._context.run(self._callback, *self._args)
  File "/Users/guillaumebarre/mpf/lib/python3.12/site-packages/mpf/core/events.py", line 795, in _queue_task_done
    future.result()
  File "/Users/guillaumebarre/mpf/lib/python3.12/site-packages/mpf/core/events.py", line 708, in _run_handlers_sequential
    handler.callback(queue=queue, **merged_kwargs)
  File "/Users/guillaumebarre/mpf/lib/python3.12/site-packages/mpf/devices/switch.py", line 81, in _check_duplicate_switch_numbers
    raise AssertionError(
AssertionError: Duplicate switch number 0-0-3 for switch <switch.s_trough_jam>
2026-05-27 20:34:45,909 : INFO : root : MPF run loop ended.
