2026-06-01 23:30:48,490 : INFO : root : Loading config.
2026-06-01 23:30:48,492 : INFO : YamlMultifileConfigLoader : Machine config file #1: config.yaml
2026-06-01 23:30:48,493 : WARNING : ConfigProcessor : Config file in cache changed: /Users/guillaumebarre/Desktop/BTTF/DEF/BTTF_MINI-PC/GITHUB/config/config.yaml
2026-06-01 23:30:48,493 : INFO : ConfigProcessor : Loading config from file /Users/guillaumebarre/mpf/lib/python3.12/site-packages/mpf/mpfconfig.yaml.
2026-06-01 23:30:48,499 : INFO : ConfigProcessor : Loading config: /Users/guillaumebarre/mpf/lib/python3.12/site-packages/mpf/mpfconfig.yaml
2026-06-01 23:30:48,499 : INFO : ConfigProcessor : Loading config from file /Users/guillaumebarre/Desktop/BTTF/DEF/BTTF_MINI-PC/GITHUB/config/config.yaml.
2026-06-01 23:30:48,503 : INFO : ConfigProcessor : Loading config: /Users/guillaumebarre/Desktop/BTTF/DEF/BTTF_MINI-PC/GITHUB/config/config.yaml
2026-06-01 23:30:48,504 : INFO : ConfigProcessor : Config file cache created: /var/folders/5m/bcfj4qw962g1yt8bpfv4lq9c0000gn/T/888a835b5fde052b87252136c50b804e.mpf_cache
2026-06-01 23:30:48,542 : INFO : ConfigProcessor : Loading config from cache: /var/folders/5m/bcfj4qw962g1yt8bpfv4lq9c0000gn/T/8622cd1fe0050c6b0179be5a651e22f5.mpf_cache
2026-06-01 23:30:48,543 : INFO : ConfigProcessor : Loading config from cache: /var/folders/5m/bcfj4qw962g1yt8bpfv4lq9c0000gn/T/58f948f5e9fe219120f05e295bb3ef65.mpf_cache
2026-06-01 23:30:48,543 : INFO : ConfigProcessor : Loading config from cache: /var/folders/5m/bcfj4qw962g1yt8bpfv4lq9c0000gn/T/8622cd1fe0050c6b0179be5a651e22f5.mpf_cache
2026-06-01 23:30:48,543 : INFO : ConfigProcessor : Loading config from cache: /var/folders/5m/bcfj4qw962g1yt8bpfv4lq9c0000gn/T/369243a5c0d089a5c3bcaae4a6363538.mpf_cache
2026-06-01 23:30:48,543 : INFO : ConfigProcessor : Loading config from cache: /var/folders/5m/bcfj4qw962g1yt8bpfv4lq9c0000gn/T/9f86e0f716be9932a6ee645f4848fc86.mpf_cache
2026-06-01 23:30:48,544 : INFO : Machine : Mission Pinball Framework Core Engine v0.81.0.dev2
2026-06-01 23:30:48,544 : INFO : Machine : Command line arguments: {'no_load_cache': False, 'create_config_cache': True, 'bcp': True, 'configfile': ['config.yaml'], 'force_assets_load': False, 'platform_integration_test': False, 'jsonlogging': False, 'logfile': 'logs/2026-06-01-23-30-48-mpf-macbook-air-de-guillaume1.home.log', 'pause': False, 'production': False, 'text_ui': True, 'loglevel': 15, 'consoleloglevel': 20, 'force_platform': 'smart_virtual', 'syslog_address': None, 'full_logfile_path': '/Users/guillaumebarre/Desktop/BTTF/DEF/BTTF_MINI-PC/GITHUB/logs/2026-06-01-23-30-48-mpf-macbook-air-de-guillaume1.home.log'}
2026-06-01 23:30:48,544 : INFO : Machine : MPF path: /Users/guillaumebarre/mpf/lib/python3.12/site-packages/mpf
2026-06-01 23:30:48,544 : INFO : Machine : Machine path: /Users/guillaumebarre/Desktop/BTTF/DEF/BTTF_MINI-PC/GITHUB
2026-06-01 23:30:48,544 : INFO : Machine : Platform: darwin
2026-06-01 23:30:48,544 : INFO : Machine : Python executable location: /Users/guillaumebarre/mpf/bin/python3.12
2026-06-01 23:30:48,544 : INFO : Machine : Python version: 3.12.9 (64-bit)
2026-06-01 23:30:48,544 : INFO : Machine : Initializing MPF...
2026-06-01 23:30:48,608 : INFO : EventManager : Event: ======'machine_var_credits_string'====== Args={'value': 'FREE PLAY', 'prev_value': None, 'change': True}
2026-06-01 23:30:48,616 : INFO : EventManager : Event: ======'machine_var_master_volume'====== Args={'value': 0.5, 'prev_value': None, 'change': True}
2026-06-01 23:30:48,617 : INFO : EventManager : Event: ======'machine_var_mpf_version'====== Args={'value': 'Mission Pinball Framework v0.81.0.dev2', 'prev_value': None, 'change': True}
2026-06-01 23:30:48,617 : INFO : EventManager : Event: ======'machine_var_mpf_extended_version'====== Args={'value': 'Mission Pinball Framework v0.81.0.dev2, Config version:6, Show version: 6, BCP version:1.1', 'prev_value': None, 'change': True}
2026-06-01 23:30:48,617 : INFO : EventManager : Event: ======'machine_var_python_version'====== Args={'value': '3.12.9', 'prev_value': None, 'change': True}
2026-06-01 23:30:48,637 : INFO : EventManager : Event: ======'machine_var_platform'====== Args={'value': 'macOS-26.3-arm64-arm-64bit', 'prev_value': None, 'change': True}
2026-06-01 23:30:48,637 : INFO : EventManager : Event: ======'machine_var_platform_system'====== Args={'value': 'Darwin', 'prev_value': None, 'change': True}
2026-06-01 23:30:48,637 : INFO : EventManager : Event: ======'machine_var_platform_release'====== Args={'value': '25.3.0', 'prev_value': None, 'change': True}
2026-06-01 23:30:48,637 : INFO : EventManager : Event: ======'machine_var_platform_version'====== Args={'value': 'Darwin Kernel Version 25.3.0: Wed Jan 28 20:53:01 PST 2026; root:xnu-12377.81.4~5/RELEASE_ARM64_T8103', 'prev_value': None, 'change': True}
2026-06-01 23:30:48,637 : INFO : EventManager : Event: ======'machine_var_platform_machine'====== Args={'value': 'arm64', 'prev_value': None, 'change': True}
2026-06-01 23:30:48,637 : INFO : EventManager : Event: ======'machine_var_log_file_path'====== Args={'value': '/Users/guillaumebarre/Desktop/BTTF/DEF/BTTF_MINI-PC/GITHUB/logs/2026-06-01-23-30-48-mpf-macbook-air-de-guillaume1.home.log', 'prev_value': None, 'change': True}
2026-06-01 23:30:48,637 : INFO : EventManager : Event: ======'init_phase_1'====== Args={}
2026-06-01 23:30:48,648 : ERROR : asyncio : Exception in callback EventManager._async_handler_done(<QueuedEvent>)(<Task finishe...rt to float')>) at /Users/guillaumebarre/mpf/lib/python3.12/site-packages/mpf/core/events.py:124
handle: <Handle EventManager._async_handler_done(<QueuedEvent>)(<Task finishe...rt to float')>) at /Users/guillaumebarre/mpf/lib/python3.12/site-packages/mpf/core/events.py:124>
Traceback (most recent call last):
  File "/Users/guillaumebarre/mpf/lib/python3.12/site-packages/mpf/core/config_validator.py", line 533, in _validate_type_float
    value = float(item)
            ^^^^^^^^^^^
ValueError: could not convert string to float: 'attente_chargement'

During handling of the above exception, another exception occurred:

Traceback (most recent call last):
  File "/Library/Frameworks/Python.framework/Versions/3.12/lib/python3.12/asyncio/events.py", line 88, in _run
    self._context.run(self._callback, *self._args)
  File "/Users/guillaumebarre/mpf/lib/python3.12/site-packages/mpf/core/events.py", line 127, in _async_handler_done
    future.result()
  File "/Users/guillaumebarre/mpf/lib/python3.12/site-packages/mpf/core/device_manager.py", line 88, in _load_device_modules
    self.load_devices_config(validate=True)
  File "/Users/guillaumebarre/mpf/lib/python3.12/site-packages/mpf/core/device_manager.py", line 146, in load_devices_config
    config[device_name] = collection[device_name].validate_and_parse_config(config[device_name], False)
                          ^^^^^^^^^^^^^^^^^^^^^^^^^^^^^^^^^^^^^^^^^^^^^^^^^^^^^^^^^^^^^^^^^^^^^^^^^^^^^
  File "/Users/guillaumebarre/mpf/lib/python3.12/site-packages/mpf/core/device.py", line 108, in validate_and_parse_config
    self.machine.config_validator.validate_config(
  File "/Users/guillaumebarre/mpf/lib/python3.12/site-packages/mpf/core/config_validator.py", line 164, in validate_config
    return self._validate_config(config_spec, source, base_spec=base_spec, add_missing_keys=add_missing_keys,
           ^^^^^^^^^^^^^^^^^^^^^^^^^^^^^^^^^^^^^^^^^^^^^^^^^^^^^^^^^^^^^^^^^^^^^^^^^^^^^^^^^^^^^^^^^^^^^^^^^^
  File "/Users/guillaumebarre/mpf/lib/python3.12/site-packages/mpf/core/config_validator.py", line 204, in _validate_config
    processed_config[k] = self.validate_config_item(
                          ^^^^^^^^^^^^^^^^^^^^^^^^^^
  File "/Users/guillaumebarre/mpf/lib/python3.12/site-packages/mpf/core/config_validator.py", line 274, in validate_config_item
    return self._validate_dict(item_type, validation, validation_failure_info, item)
           ^^^^^^^^^^^^^^^^^^^^^^^^^^^^^^^^^^^^^^^^^^^^^^^^^^^^^^^^^^^^^^^^^^^^^^^^^
  File "/Users/guillaumebarre/mpf/lib/python3.12/site-packages/mpf/core/config_validator.py", line 302, in _validate_dict
    item_dict[self.validate_item(k, validators[0], validation_failure_info)] = (
              ^^^^^^^^^^^^^^^^^^^^^^^^^^^^^^^^^^^^^^^^^^^^^^^^^^^^^^^^^^^^^
  File "/Users/guillaumebarre/mpf/lib/python3.12/site-packages/mpf/core/config_validator.py", line 701, in validate_item
    return self.validator_list[validator](item, validation_failure_info=validation_failure_info)
           ^^^^^^^^^^^^^^^^^^^^^^^^^^^^^^^^^^^^^^^^^^^^^^^^^^^^^^^^^^^^^^^^^^^^^^^^^^^^^^^^^^^^^
  File "/Users/guillaumebarre/mpf/lib/python3.12/site-packages/mpf/core/config_validator.py", line 535, in _validate_type_float
    raise self.validation_error(item, validation_failure_info, "Could not convert to float")
mpf.exceptions.config_file_error.ConfigFileError: Config File Error in ConfigValidator: Config validation error: Entry servos:servo_bras_einstein:positions = "attente_chargement" is not valid. Could not convert to float Error Code: CFE-ConfigValidator-5 (https://missionpinball.org/latest/logs)
2026-06-01 23:30:48,651 : INFO : Machine : Starting the main run loop with active modes: []
2026-06-01 23:30:48,651 : WARNING : Machine : Attract mode is not active, game will not be playable. Please check your attract mode configuration.
2026-06-01 23:30:48,651 : INFO : Machine : Shutting down...
2026-06-01 23:30:48,651 : INFO : EventManager : Event: ======'shutdown'====== Args={}
2026-06-01 23:30:49,653 : ERROR : Machine : Runtime Exception
Traceback (most recent call last):
  File "/Users/guillaumebarre/mpf/lib/python3.12/site-packages/mpf/core/config_validator.py", line 533, in _validate_type_float
    value = float(item)
            ^^^^^^^^^^^
ValueError: could not convert string to float: 'attente_chargement'

During handling of the above exception, another exception occurred:

Traceback (most recent call last):
  File "/Users/guillaumebarre/mpf/lib/python3.12/site-packages/mpf/core/machine.py", line 810, in _run_loop
    raise self._exception['exception']
  File "/Library/Frameworks/Python.framework/Versions/3.12/lib/python3.12/asyncio/events.py", line 88, in _run
    self._context.run(self._callback, *self._args)
  File "/Users/guillaumebarre/mpf/lib/python3.12/site-packages/mpf/core/events.py", line 127, in _async_handler_done
    future.result()
  File "/Users/guillaumebarre/mpf/lib/python3.12/site-packages/mpf/core/device_manager.py", line 88, in _load_device_modules
    self.load_devices_config(validate=True)
  File "/Users/guillaumebarre/mpf/lib/python3.12/site-packages/mpf/core/device_manager.py", line 146, in load_devices_config
    config[device_name] = collection[device_name].validate_and_parse_config(config[device_name], False)
                          ^^^^^^^^^^^^^^^^^^^^^^^^^^^^^^^^^^^^^^^^^^^^^^^^^^^^^^^^^^^^^^^^^^^^^^^^^^^^^
  File "/Users/guillaumebarre/mpf/lib/python3.12/site-packages/mpf/core/device.py", line 108, in validate_and_parse_config
    self.machine.config_validator.validate_config(
  File "/Users/guillaumebarre/mpf/lib/python3.12/site-packages/mpf/core/config_validator.py", line 164, in validate_config
    return self._validate_config(config_spec, source, base_spec=base_spec, add_missing_keys=add_missing_keys,
           ^^^^^^^^^^^^^^^^^^^^^^^^^^^^^^^^^^^^^^^^^^^^^^^^^^^^^^^^^^^^^^^^^^^^^^^^^^^^^^^^^^^^^^^^^^^^^^^^^^
  File "/Users/guillaumebarre/mpf/lib/python3.12/site-packages/mpf/core/config_validator.py", line 204, in _validate_config
    processed_config[k] = self.validate_config_item(
                          ^^^^^^^^^^^^^^^^^^^^^^^^^^
  File "/Users/guillaumebarre/mpf/lib/python3.12/site-packages/mpf/core/config_validator.py", line 274, in validate_config_item
    return self._validate_dict(item_type, validation, validation_failure_info, item)
           ^^^^^^^^^^^^^^^^^^^^^^^^^^^^^^^^^^^^^^^^^^^^^^^^^^^^^^^^^^^^^^^^^^^^^^^^^
  File "/Users/guillaumebarre/mpf/lib/python3.12/site-packages/mpf/core/config_validator.py", line 302, in _validate_dict
    item_dict[self.validate_item(k, validators[0], validation_failure_info)] = (
              ^^^^^^^^^^^^^^^^^^^^^^^^^^^^^^^^^^^^^^^^^^^^^^^^^^^^^^^^^^^^^
  File "/Users/guillaumebarre/mpf/lib/python3.12/site-packages/mpf/core/config_validator.py", line 701, in validate_item
    return self.validator_list[validator](item, validation_failure_info=validation_failure_info)
           ^^^^^^^^^^^^^^^^^^^^^^^^^^^^^^^^^^^^^^^^^^^^^^^^^^^^^^^^^^^^^^^^^^^^^^^^^^^^^^^^^^^^^
  File "/Users/guillaumebarre/mpf/lib/python3.12/site-packages/mpf/core/config_validator.py", line 535, in _validate_type_float
    raise self.validation_error(item, validation_failure_info, "Could not convert to float")
mpf.exceptions.config_file_error.ConfigFileError: Config File Error in ConfigValidator: Config validation error: Entry servos:servo_bras_einstein:positions = "attente_chargement" is not valid. Could not convert to float Error Code: CFE-ConfigValidator-5 (https://missionpinball.org/latest/logs)
2026-06-01 23:30:49,655 : INFO : root : MPF run loop ended.
