2026-06-19 16:47:24,397 : INFO : root : Loading config.
2026-06-19 16:47:24,399 : INFO : YamlMultifileConfigLoader : Machine config file #1: config.yaml
2026-06-19 16:47:24,399 : WARNING : ConfigProcessor : Config file in cache changed: /Users/guillaumebarre/Desktop/BTTF/DEF/BTTF_MINI-PC/GITHUB/config/config.yaml
2026-06-19 16:47:24,399 : INFO : ConfigProcessor : Loading config from file /Users/guillaumebarre/mpf/lib/python3.12/site-packages/mpf/mpfconfig.yaml.
2026-06-19 16:47:24,405 : INFO : ConfigProcessor : Loading config: /Users/guillaumebarre/mpf/lib/python3.12/site-packages/mpf/mpfconfig.yaml
2026-06-19 16:47:24,405 : INFO : ConfigProcessor : Loading config from file /Users/guillaumebarre/Desktop/BTTF/DEF/BTTF_MINI-PC/GITHUB/config/config.yaml.
2026-06-19 16:47:24,409 : INFO : ConfigProcessor : Loading config: /Users/guillaumebarre/Desktop/BTTF/DEF/BTTF_MINI-PC/GITHUB/config/config.yaml
2026-06-19 16:47:24,410 : INFO : ConfigProcessor : Config file cache created: /var/folders/5m/bcfj4qw962g1yt8bpfv4lq9c0000gn/T/888a835b5fde052b87252136c50b804e.mpf_cache
2026-06-19 16:47:24,453 : WARNING : ConfigProcessor : Config file in cache changed: /Users/guillaumebarre/Desktop/BTTF/DEF/BTTF_MINI-PC/GITHUB/modes/attract/config/attract.yaml
2026-06-19 16:47:24,453 : INFO : ConfigProcessor : Loading config from file /Users/guillaumebarre/mpf/lib/python3.12/site-packages/mpf/modes/attract/config/attract.yaml.
2026-06-19 16:47:24,454 : INFO : ConfigProcessor : Loading config: /Users/guillaumebarre/mpf/lib/python3.12/site-packages/mpf/modes/attract/config/attract.yaml
2026-06-19 16:47:24,454 : INFO : ConfigProcessor : Loading config from file /Users/guillaumebarre/Desktop/BTTF/DEF/BTTF_MINI-PC/GITHUB/modes/attract/config/attract.yaml.
2026-06-19 16:47:24,455 : INFO : ConfigProcessor : Loading config: /Users/guillaumebarre/Desktop/BTTF/DEF/BTTF_MINI-PC/GITHUB/modes/attract/config/attract.yaml
2026-06-19 16:47:24,455 : INFO : ConfigProcessor : Config file cache created: /var/folders/5m/bcfj4qw962g1yt8bpfv4lq9c0000gn/T/8622cd1fe0050c6b0179be5a651e22f5.mpf_cache
2026-06-19 16:47:24,456 : INFO : ConfigProcessor : Loading config from cache: /var/folders/5m/bcfj4qw962g1yt8bpfv4lq9c0000gn/T/58f948f5e9fe219120f05e295bb3ef65.mpf_cache
2026-06-19 16:47:24,456 : INFO : ConfigProcessor : Loading config from cache: /var/folders/5m/bcfj4qw962g1yt8bpfv4lq9c0000gn/T/8622cd1fe0050c6b0179be5a651e22f5.mpf_cache
2026-06-19 16:47:24,456 : INFO : ConfigProcessor : Loading config from cache: /var/folders/5m/bcfj4qw962g1yt8bpfv4lq9c0000gn/T/369243a5c0d089a5c3bcaae4a6363538.mpf_cache
2026-06-19 16:47:24,457 : INFO : ConfigProcessor : Loading config from cache: /var/folders/5m/bcfj4qw962g1yt8bpfv4lq9c0000gn/T/6b2ea6a059b1471fc11c0d698e7bdf4d.mpf_cache
2026-06-19 16:47:24,457 : INFO : ConfigProcessor : Loading config from cache: /var/folders/5m/bcfj4qw962g1yt8bpfv4lq9c0000gn/T/0d9f9158edcd8a544f1cc762de36862e.mpf_cache
2026-06-19 16:47:24,458 : INFO : ConfigProcessor : Loading config from file /Users/guillaumebarre/Desktop/BTTF/DEF/BTTF_MINI-PC/GITHUB/modes/attract/shows/./attract_light_show.yaml.
2026-06-19 16:47:24,458 : INFO : ConfigProcessor : Loading config: /Users/guillaumebarre/Desktop/BTTF/DEF/BTTF_MINI-PC/GITHUB/modes/attract/shows/./attract_light_show.yaml
2026-06-19 16:47:24,459 : INFO : ConfigProcessor : Config file cache created: /var/folders/5m/bcfj4qw962g1yt8bpfv4lq9c0000gn/T/ac3be5edfbbf92236ea88049c0ddb00a.mpf_cache
2026-06-19 16:47:24,459 : INFO : ConfigProcessor : Loading config from cache: /var/folders/5m/bcfj4qw962g1yt8bpfv4lq9c0000gn/T/48e025c4983ab137c223b7f5838fabeb.mpf_cache
2026-06-19 16:47:24,459 : INFO : Machine : Mission Pinball Framework Core Engine v0.80.0
2026-06-19 16:47:24,459 : INFO : Machine : Command line arguments: {'no_load_cache': False, 'create_config_cache': True, 'bcp': True, 'configfile': ['config.yaml'], 'force_assets_load': False, 'platform_integration_test': False, 'jsonlogging': False, 'logfile': 'logs/2026-06-19-16-47-24-mpf-MacBook-Air-de-guillaume.local.log', 'pause': False, 'production': False, 'text_ui': False, 'loglevel': 15, 'consoleloglevel': 20, 'force_platform': 'smart_virtual', 'syslog_address': None, 'full_logfile_path': '/Users/guillaumebarre/Desktop/BTTF/DEF/BTTF_MINI-PC/GITHUB/logs/2026-06-19-16-47-24-mpf-MacBook-Air-de-guillaume.local.log'}
2026-06-19 16:47:24,459 : INFO : Machine : MPF path: /Users/guillaumebarre/mpf/lib/python3.12/site-packages/mpf
2026-06-19 16:47:24,460 : INFO : Machine : Machine path: /Users/guillaumebarre/Desktop/BTTF/DEF/BTTF_MINI-PC/GITHUB
2026-06-19 16:47:24,460 : INFO : Machine : Platform: darwin
2026-06-19 16:47:24,460 : INFO : Machine : Python executable location: /Users/guillaumebarre/mpf/bin/python
2026-06-19 16:47:24,460 : INFO : Machine : Python version: 3.12.9 (64-bit)
2026-06-19 16:47:24,460 : INFO : Machine : Initializing MPF...
2026-06-19 16:47:24,509 : INFO : EventManager : Event: ======'machine_var_credits_string'====== Args={'value': 'FREE PLAY', 'prev_value': None, 'change': True}
2026-06-19 16:47:24,518 : INFO : EventManager : Event: ======'machine_var_master_volume'====== Args={'value': 0.5, 'prev_value': None, 'change': True}
2026-06-19 16:47:24,518 : INFO : EventManager : Event: ======'machine_var_mpf_version'====== Args={'value': 'Mission Pinball Framework v0.80.0', 'prev_value': None, 'change': True}
2026-06-19 16:47:24,518 : INFO : EventManager : Event: ======'machine_var_mpf_extended_version'====== Args={'value': 'Mission Pinball Framework v0.80.0, Config version:6, Show version: 6, BCP version:1.1', 'prev_value': None, 'change': True}
2026-06-19 16:47:24,518 : INFO : EventManager : Event: ======'machine_var_python_version'====== Args={'value': '3.12.9', 'prev_value': None, 'change': True}
2026-06-19 16:47:24,533 : INFO : EventManager : Event: ======'machine_var_platform'====== Args={'value': 'macOS-26.3-arm64-arm-64bit', 'prev_value': None, 'change': True}
2026-06-19 16:47:24,533 : INFO : EventManager : Event: ======'machine_var_platform_system'====== Args={'value': 'Darwin', 'prev_value': None, 'change': True}
2026-06-19 16:47:24,533 : INFO : EventManager : Event: ======'machine_var_platform_release'====== Args={'value': '25.3.0', 'prev_value': None, 'change': True}
2026-06-19 16:47:24,533 : INFO : EventManager : Event: ======'machine_var_platform_version'====== Args={'value': 'Darwin Kernel Version 25.3.0: Wed Jan 28 20:53:01 PST 2026; root:xnu-12377.81.4~5/RELEASE_ARM64_T8103', 'prev_value': None, 'change': True}
2026-06-19 16:47:24,533 : INFO : EventManager : Event: ======'machine_var_platform_machine'====== Args={'value': 'arm64', 'prev_value': None, 'change': True}
2026-06-19 16:47:24,533 : INFO : EventManager : Event: ======'machine_var_log_file_path'====== Args={'value': '/Users/guillaumebarre/Desktop/BTTF/DEF/BTTF_MINI-PC/GITHUB/logs/2026-06-19-16-47-24-mpf-MacBook-Air-de-guillaume.local.log', 'prev_value': None, 'change': True}
2026-06-19 16:47:24,533 : INFO : EventManager : Event: ======'init_phase_1'====== Args={}
2026-06-19 16:47:24,548 : INFO : EventManager : Event: ======'init_phase_2'====== Args={}
2026-06-19 16:47:24,548 : INFO : SwitchController : Found active switch: ('0-0-8', <Platform.SmartVirtual>) <switch.s_trough5>
2026-06-19 16:47:24,548 : INFO : SwitchController : Found active switch: ('1-0-40', <Platform.SmartVirtual>) <switch.s_trough1>
2026-06-19 16:47:24,548 : INFO : SwitchController : Found active switch: ('1-0-41', <Platform.SmartVirtual>) <switch.s_trough2>
2026-06-19 16:47:24,548 : INFO : SwitchController : Found active switch: ('1-0-42', <Platform.SmartVirtual>) <switch.s_trough3>
2026-06-19 16:47:24,548 : INFO : SwitchController : Found active switch: ('1-0-43', <Platform.SmartVirtual>) <switch.s_trough4>
2026-06-19 16:47:24,550 : INFO : EventManager : Event: ======'bcp_connection_attempt'====== Args={'name': 'local_display', 'host': 'localhost', 'port': 5050}
2026-06-19 16:47:24,551 : INFO : BCPClientSocket : Connecting BCP to 'local_display' at localhost:5050...
2026-06-19 16:47:27,531 : INFO : BCPClientSocket : Connected BCP to 'local_display' localhost:5050
2026-06-19 16:47:27,531 : INFO : EventManager : Event: ======'bcp_clients_connected'====== Args={}
2026-06-19 16:47:27,532 : INFO : ball_device.bd_trough : BCH: Initial count: 5
2026-06-19 16:47:27,533 : INFO : ball_device.bd_trough : State: idle
2026-06-19 16:47:27,533 : INFO : ball_device.bd_plunger : BCH: Initial count: 0
2026-06-19 16:47:27,533 : INFO : ball_device.bd_plunger : State: idle
2026-06-19 16:47:27,533 : INFO : ball_device.bd_left_vuk : BCH: Initial count: 0
2026-06-19 16:47:27,533 : INFO : ball_device.bd_left_vuk : State: idle
2026-06-19 16:47:27,534 : INFO : ball_device.bd_right_vuk : BCH: Initial count: 0
2026-06-19 16:47:27,534 : INFO : ball_device.bd_right_vuk : State: idle
2026-06-19 16:47:27,534 : INFO : ball_device.bd_upper_vuk : BCH: Initial count: 0
2026-06-19 16:47:27,534 : INFO : ball_device.bd_upper_vuk : State: idle
2026-06-19 16:47:27,534 : INFO : ball_device.bd_bras_rotatif : BCH: Initial count: 0
2026-06-19 16:47:27,534 : INFO : ball_device.bd_bras_rotatif : State: idle
2026-06-19 16:47:27,537 : INFO : EventManager : Event: ======'init_phase_3'====== Args={}
2026-06-19 16:47:27,538 : INFO : EventManager : Event: ======'init_phase_4'====== Args={}
2026-06-19 16:47:27,539 : INFO : BallController : Initial balls found: 5
2026-06-19 16:47:27,539 : INFO : EventManager : Event: ======'machine_var_audits_switches_s_right_popper'====== Args={'value': 0, 'prev_value': None, 'change': True}
2026-06-19 16:47:27,539 : INFO : EventManager : Event: ======'machine_var_audits_switches_s_left_inlane'====== Args={'value': 0, 'prev_value': None, 'change': True}
2026-06-19 16:47:27,539 : INFO : EventManager : Event: ======'machine_var_audits_switches_s_top_popper'====== Args={'value': 0, 'prev_value': None, 'change': True}
2026-06-19 16:47:27,539 : INFO : EventManager : Event: ======'machine_var_audits_switches_s_lane_einstein_upper'====== Args={'value': 0, 'prev_value': None, 'change': True}
2026-06-19 16:47:27,539 : INFO : EventManager : Event: ======'machine_var_audits_switches_s_left_jet'====== Args={'value': 0, 'prev_value': None, 'change': True}
2026-06-19 16:47:27,539 : INFO : EventManager : Event: ======'machine_var_audits_switches_s_left_popper'====== Args={'value': 0, 'prev_value': None, 'change': True}
2026-06-19 16:47:27,539 : INFO : EventManager : Event: ======'machine_var_audits_switches_s_lane_1885'====== Args={'value': 0, 'prev_value': None, 'change': True}
2026-06-19 16:47:27,539 : INFO : EventManager : Event: ======'machine_var_audits_switches_s_trough5'====== Args={'value': 0, 'prev_value': None, 'change': True}
2026-06-19 16:47:27,539 : INFO : EventManager : Event: ======'machine_var_audits_switches_s_bank_doc_middle'====== Args={'value': 0, 'prev_value': None, 'change': True}
2026-06-19 16:47:27,539 : INFO : EventManager : Event: ======'machine_var_audits_switches_s_right_flipper'====== Args={'value': 0, 'prev_value': None, 'change': True}
2026-06-19 16:47:27,539 : INFO : EventManager : Event: ======'machine_var_audits_switches_s_lane_doc_upper'====== Args={'value': 0, 'prev_value': None, 'change': True}
2026-06-19 16:47:27,539 : INFO : EventManager : Event: ======'machine_var_audits_switches_s_right_jet'====== Args={'value': 0, 'prev_value': None, 'change': True}
2026-06-19 16:47:27,539 : INFO : EventManager : Event: ======'machine_var_audits_switches_s_spinner_lorraine'====== Args={'value': 0, 'prev_value': None, 'change': True}
2026-06-19 16:47:27,539 : INFO : EventManager : Event: ======'machine_var_audits_switches_s_bras_slot1'====== Args={'value': 0, 'prev_value': None, 'change': True}
2026-06-19 16:47:27,539 : INFO : EventManager : Event: ======'machine_var_audits_switches_s_lower_jet'====== Args={'value': 0, 'prev_value': None, 'change': True}
2026-06-19 16:47:27,539 : INFO : EventManager : Event: ======'machine_var_audits_switches_s_ramp_2015_upper'====== Args={'value': 0, 'prev_value': None, 'change': True}
2026-06-19 16:47:27,539 : INFO : EventManager : Event: ======'machine_var_audits_switches_s_trough4'====== Args={'value': 0, 'prev_value': None, 'change': True}
2026-06-19 16:47:27,539 : INFO : EventManager : Event: ======'machine_var_audits_switches_s_trough3'====== Args={'value': 0, 'prev_value': None, 'change': True}
2026-06-19 16:47:27,539 : INFO : EventManager : Event: ======'machine_var_audits_switches_s_ramp_bttf'====== Args={'value': 0, 'prev_value': None, 'change': True}
2026-06-19 16:47:27,539 : INFO : EventManager : Event: ======'machine_var_audits_switches_s_right_inlane'====== Args={'value': 0, 'prev_value': None, 'change': True}
2026-06-19 16:47:27,539 : INFO : EventManager : Event: ======'machine_var_audits_switches_s_right_outlane'====== Args={'value': 0, 'prev_value': None, 'change': True}
2026-06-19 16:47:27,539 : INFO : EventManager : Event: ======'machine_var_audits_switches_s_bank_dmc_upper'====== Args={'value': 0, 'prev_value': None, 'change': True}
2026-06-19 16:47:27,539 : INFO : EventManager : Event: ======'machine_var_audits_switches_s_bank_doc_upper'====== Args={'value': 0, 'prev_value': None, 'change': True}
2026-06-19 16:47:27,539 : INFO : EventManager : Event: ======'machine_var_audits_switches_s_lane_marty_upper'====== Args={'value': 0, 'prev_value': None, 'change': True}
2026-06-19 16:47:27,539 : INFO : EventManager : Event: ======'machine_var_audits_switches_s_left_outlane'====== Args={'value': 0, 'prev_value': None, 'change': True}
2026-06-19 16:47:27,539 : INFO : EventManager : Event: ======'machine_var_audits_switches_s_ramp_1955'====== Args={'value': 0, 'prev_value': None, 'change': True}
2026-06-19 16:47:27,539 : INFO : EventManager : Event: ======'machine_var_audits_switches_s_target_overboard'====== Args={'value': 0, 'prev_value': None, 'change': True}
2026-06-19 16:47:27,539 : INFO : EventManager : Event: ======'machine_var_audits_switches_s_ramp_george'====== Args={'value': 0, 'prev_value': None, 'change': True}
2026-06-19 16:47:27,539 : INFO : EventManager : Event: ======'machine_var_audits_switches_s_bank_doc_lower'====== Args={'value': 0, 'prev_value': None, 'change': True}
2026-06-19 16:47:27,539 : INFO : EventManager : Event: ======'machine_var_audits_switches_s_lane_lorraine'====== Args={'value': 0, 'prev_value': None, 'change': True}
2026-06-19 16:47:27,539 : INFO : EventManager : Event: ======'machine_var_audits_switches_s_entree_souterrain'====== Args={'value': 0, 'prev_value': None, 'change': True}
2026-06-19 16:47:27,540 : INFO : EventManager : Event: ======'machine_var_audits_switches_s_bank_dmc_middle'====== Args={'value': 0, 'prev_value': None, 'change': True}
2026-06-19 16:47:27,540 : INFO : EventManager : Event: ======'machine_var_audits_switches_s_left_slingshot'====== Args={'value': 0, 'prev_value': None, 'change': True}
2026-06-19 16:47:27,540 : INFO : EventManager : Event: ======'machine_var_audits_switches_s_ramp_1985_entree'====== Args={'value': 0, 'prev_value': None, 'change': True}
2026-06-19 16:47:27,540 : INFO : EventManager : Event: ======'machine_var_audits_switches_s_left_flipper'====== Args={'value': 0, 'prev_value': None, 'change': True}
2026-06-19 16:47:27,540 : INFO : EventManager : Event: ======'machine_var_audits_switches_s_right_slingshot'====== Args={'value': 0, 'prev_value': None, 'change': True}
2026-06-19 16:47:27,540 : INFO : EventManager : Event: ======'machine_var_audits_switches_s_target_plutonium'====== Args={'value': 0, 'prev_value': None, 'change': True}
2026-06-19 16:47:27,540 : INFO : EventManager : Event: ======'machine_var_audits_switches_s_trough2'====== Args={'value': 0, 'prev_value': None, 'change': True}
2026-06-19 16:47:27,540 : INFO : EventManager : Event: ======'machine_var_audits_switches_s_lane_cafe_einstein'====== Args={'value': 0, 'prev_value': None, 'change': True}
2026-06-19 16:47:27,540 : INFO : EventManager : Event: ======'machine_var_audits_switches_s_bras_slot3'====== Args={'value': 0, 'prev_value': None, 'change': True}
2026-06-19 16:47:27,540 : INFO : EventManager : Event: ======'machine_var_audits_switches_s_horloge'====== Args={'value': 0, 'prev_value': None, 'change': True}
2026-06-19 16:47:27,540 : INFO : EventManager : Event: ======'machine_var_audits_switches_s_start'====== Args={'value': 0, 'prev_value': None, 'change': True}
2026-06-19 16:47:27,540 : INFO : EventManager : Event: ======'machine_var_audits_switches_s_1955_lane'====== Args={'value': 0, 'prev_value': None, 'change': True}
2026-06-19 16:47:27,540 : INFO : EventManager : Event: ======'machine_var_audits_switches_s_ramp_hotel_de_ville'====== Args={'value': 0, 'prev_value': None, 'change': True}
2026-06-19 16:47:27,540 : INFO : EventManager : Event: ======'machine_var_audits_switches_s_ramp_2015_lower'====== Args={'value': 0, 'prev_value': None, 'change': True}
2026-06-19 16:47:27,540 : INFO : EventManager : Event: ======'machine_var_audits_switches_s_trough_jam'====== Args={'value': 0, 'prev_value': None, 'change': True}
2026-06-19 16:47:27,540 : INFO : EventManager : Event: ======'machine_var_audits_switches_s_ramp_1985_sortie'====== Args={'value': 0, 'prev_value': None, 'change': True}
2026-06-19 16:47:27,540 : INFO : EventManager : Event: ======'machine_var_audits_switches_s_target_hill_valley'====== Args={'value': 0, 'prev_value': None, 'change': True}
2026-06-19 16:47:27,540 : INFO : EventManager : Event: ======'machine_var_audits_switches_s_spinner_almanach'====== Args={'value': 0, 'prev_value': None, 'change': True}
2026-06-19 16:47:27,540 : INFO : EventManager : Event: ======'machine_var_audits_switches_s_target_foudre'====== Args={'value': 0, 'prev_value': None, 'change': True}
2026-06-19 16:47:27,540 : INFO : EventManager : Event: ======'machine_var_audits_switches_s_lane_biff'====== Args={'value': 0, 'prev_value': None, 'change': True}
2026-06-19 16:47:27,540 : INFO : EventManager : Event: ======'machine_var_audits_switches_s_lane_marty_lower'====== Args={'value': 0, 'prev_value': None, 'change': True}
2026-06-19 16:47:27,540 : INFO : EventManager : Event: ======'machine_var_audits_switches_s_ramp_marty_upper'====== Args={'value': 0, 'prev_value': None, 'change': True}
2026-06-19 16:47:27,540 : INFO : EventManager : Event: ======'machine_var_audits_switches_s_lane_guitar'====== Args={'value': 0, 'prev_value': None, 'change': True}
2026-06-19 16:47:27,540 : INFO : EventManager : Event: ======'machine_var_audits_switches_s_bras_slot2'====== Args={'value': 0, 'prev_value': None, 'change': True}
2026-06-19 16:47:27,540 : INFO : EventManager : Event: ======'machine_var_audits_switches_s_lane_marvin'====== Args={'value': 0, 'prev_value': None, 'change': True}
2026-06-19 16:47:27,540 : INFO : EventManager : Event: ======'machine_var_audits_switches_s_bank_dmc_lower'====== Args={'value': 0, 'prev_value': None, 'change': True}
2026-06-19 16:47:27,540 : INFO : EventManager : Event: ======'machine_var_audits_switches_s_tilt'====== Args={'value': 0, 'prev_value': None, 'change': True}
2026-06-19 16:47:27,540 : INFO : EventManager : Event: ======'machine_var_audits_switches_s_plunger'====== Args={'value': 0, 'prev_value': None, 'change': True}
2026-06-19 16:47:27,540 : INFO : EventManager : Event: ======'machine_var_audits_switches_s_trough1'====== Args={'value': 0, 'prev_value': None, 'change': True}
2026-06-19 16:47:27,540 : INFO : EventManager : Event: ======'machine_var_audits_switches_s_lane_horloge'====== Args={'value': 0, 'prev_value': None, 'change': True}
2026-06-19 16:47:27,540 : INFO : EventManager : Event: ======'machine_var_audits_switches_s_ramp_marty_lower'====== Args={'value': 0, 'prev_value': None, 'change': True}
2026-06-19 16:47:27,540 : INFO : EventManager : Event: ======'machine_var_audits_switches_s_lane_doc_lower'====== Args={'value': 0, 'prev_value': None, 'change': True}
2026-06-19 16:47:27,540 : INFO : EventManager : Event: ======'machine_var_audits_events_game_started'====== Args={'value': 0, 'prev_value': None, 'change': True}
2026-06-19 16:47:27,540 : INFO : EventManager : Event: ======'machine_var_audits_events_game_ended'====== Args={'value': 0, 'prev_value': None, 'change': True}
2026-06-19 16:47:27,540 : INFO : EventManager : Event: ======'machine_var_audits_player_score'====== Args={'value': {'top': [], 'average': 0, 'total': 0}, 'prev_value': None, 'change': True}
2026-06-19 16:47:27,540 : INFO : EventManager : Event: ======'init_phase_5'====== Args={}
2026-06-19 16:47:27,541 : INFO : EventManager : Event: ======'init_done'====== Args={}
2026-06-19 16:47:27,541 : INFO : EventManager : Event: ======'machine_reset_phase_1'====== Args={}
2026-06-19 16:47:27,600 : INFO : EventManager : Event: ======'machine_reset_phase_2'====== Args={}
2026-06-19 16:47:27,600 : INFO : EventManager : Event: ======'machine_reset_phase_3'====== Args={}
2026-06-19 16:47:27,601 : INFO : EventManager : Event: ======'diverter_deviateur_rampe_bras_deactivating'====== Args={}
2026-06-19 16:47:27,601 : INFO : coil.c_deviateur_bras_actuate : Disabling Driver
2026-06-19 16:47:27,601 : INFO : EventManager : Event: ======'reset_complete'====== Args={}
2026-06-19 16:47:27,601 : INFO : EventManager : Event: ======'mode_attract_will_start'====== Args={}
2026-06-19 16:47:27,601 : INFO : EventManager : Event: ======'mode_attract_starting'====== Args={}
2026-06-19 16:47:27,601 : INFO : Mode.attract : Started. Priority: 10
2026-06-19 16:47:27,601 : INFO : EventManager : Event: ======'modes_active_modes_changed'====== Args={}
2026-06-19 16:47:27,601 : INFO : EventManager : Event: ======'mode_attract_started'====== Args={}
2026-06-19 16:47:27,602 : ERROR : asyncio : Exception in callback EventManager.process_event_queue()
handle: <Handle EventManager.process_event_queue()>
Traceback (most recent call last):
  File "/Users/guillaumebarre/mpf/lib/python3.12/site-packages/mpf/core/events.py", line 755, in _run_handlers
    result = handler.callback(**merged_kwargs)
             ^^^^^^^^^^^^^^^^^^^^^^^^^^^^^^^^^
  File "/Users/guillaumebarre/mpf/lib/python3.12/site-packages/mpf/core/config_player.py", line 348, in config_play_callback
    return self.play(settings=settings, context=context, calling_context=calling_context, priority=priority,
           ^^^^^^^^^^^^^^^^^^^^^^^^^^^^^^^^^^^^^^^^^^^^^^^^^^^^^^^^^^^^^^^^^^^^^^^^^^^^^^^^^^^^^^^^^^^^^^^^^
  File "/Users/guillaumebarre/mpf/lib/python3.12/site-packages/mpf/config_players/show_player.py", line 60, in play
    self._update_show(show.name, show_settings, context, queue, start_time, show_tokens)
  File "/Users/guillaumebarre/mpf/lib/python3.12/site-packages/mpf/config_players/show_player.py", line 225, in _update_show
    action(key, instance_dict, show_name, show_settings, queue, start_time, placeholder_args)
  File "/Users/guillaumebarre/mpf/lib/python3.12/site-packages/mpf/config_players/show_player.py", line 117, in _play
    instance_dict[key] = self.machine.show_controller.replace_or_advance_show(previous_show, show_config,
                         ^^^^^^^^^^^^^^^^^^^^^^^^^^^^^^^^^^^^^^^^^^^^^^^^^^^^^^^^^^^^^^^^^^^^^^^^^^^^^^^^
  File "/Users/guillaumebarre/mpf/lib/python3.12/site-packages/mpf/core/show_controller.py", line 135, in replace_or_advance_show
    return show_obj.play_with_config(
           ^^^^^^^^^^^^^^^^^^^^^^^^^^
  File "/Users/guillaumebarre/mpf/lib/python3.12/site-packages/mpf/assets/show.py", line 291, in play_with_config
    running_show = RunningShow(machine=self.machine,
                   ^^^^^^^^^^^^^^^^^^^^^^^^^^^^^^^^^
  File "/Users/guillaumebarre/mpf/lib/python3.12/site-packages/mpf/assets/show.py", line 519, in __init__
    self._start_play()
  File "/Users/guillaumebarre/mpf/lib/python3.12/site-packages/mpf/assets/show.py", line 545, in _start_play
    self._start_now()
  File "/Users/guillaumebarre/mpf/lib/python3.12/site-packages/mpf/assets/show.py", line 647, in _start_now
    self._run_next_step(post_events=self.show_config.events_when_played,
  File "/Users/guillaumebarre/mpf/lib/python3.12/site-packages/mpf/assets/show.py", line 690, in _run_next_step
    player.show_play_callback(
  File "/Users/guillaumebarre/mpf/lib/python3.12/site-packages/mpf/core/config_player.py", line 365, in show_play_callback
    self.play(settings=settings, priority=priority, calling_context=calling_context,
  File "/Users/guillaumebarre/mpf/lib/python3.12/site-packages/mpf/config_players/light_player.py", line 40, in play
    self._light_named_color(light_name, instance_dict, full_context, s['color'], s["fade"],
  File "/Users/guillaumebarre/mpf/lib/python3.12/site-packages/mpf/config_players/light_player.py", line 91, in _light_named_color
    raise AssertionError("Could not find light or tag {} in {}".format(light_name, full_context))
AssertionError: Could not find light or tag l_light2 in show_2.light_player

The above exception was the direct cause of the following exception:

Traceback (most recent call last):
  File "/Library/Frameworks/Python.framework/Versions/3.12/lib/python3.12/asyncio/events.py", line 88, in _run
    self._context.run(self._callback, *self._args)
  File "/Users/guillaumebarre/mpf/lib/python3.12/site-packages/mpf/core/events.py", line 846, in process_event_queue
    self._process_event(event=event[0],
  File "/Users/guillaumebarre/mpf/lib/python3.12/site-packages/mpf/core/events.py", line 808, in _process_event
    result = self._run_handlers(event, ev_type, kwargs)
             ^^^^^^^^^^^^^^^^^^^^^^^^^^^^^^^^^^^^^^^^^^
  File "/Users/guillaumebarre/mpf/lib/python3.12/site-packages/mpf/core/events.py", line 757, in _run_handlers
    raise EventHandlerException(
mpf.core.events.EventHandlerException: Exception while processing RegisteredHandler(callback=<bound method ConfigPlayer.config_play_callback of ConfigPlayer.show_player/shows>, priority=10, kwargs={'calling_context': 'mode_attract_started', 'mode': <Mode.attract>, 'settings': {attract_display_loop-None-None: {'speed': <NativeTemplate 1.0>, 'priority': 0, 'action': 'play', 'show': None, 'block_queue': False, 'start_step': <NativeTemplate 1>, 'start_running': <Template True>, 'loops': -1, 'sync_ms': None, 'manual_advance': False, 'show_queue': None, 'key': None, 'show_tokens': {}, 'events_when_played': [], 'events_when_stopped': [], 'events_when_looped': [], 'events_when_paused': [], 'events_when_resumed': [], 'events_when_advanced': [], 'events_when_stepped_back': [], 'events_when_updated': [], 'events_when_completed': []}, attract_light_show-None-None: {'speed': <NativeTemplate 4.0>, 'priority': 0, 'action': 'play', 'show': None, 'block_queue': False, 'start_step': <NativeTemplate 1>, 'start_running': <Template True>, 'loops': -1, 'sync_ms': None, 'manual_advance': False, 'show_queue': None, 'key': None, 'show_tokens': {}, 'events_when_played': [], 'events_when_stopped': [], 'events_when_looped': [], 'events_when_paused': [], 'events_when_resumed': [], 'events_when_advanced': [], 'events_when_stepped_back': [], 'events_when_updated': [], 'events_when_completed': []}}}, key=UUID('6774b544-d50c-417d-bea7-6338349024bb'), condition=None, blocking_facility=None) for event mode_attract_started. Could not find light or tag l_light2 in show_2.light_player
2026-06-19 16:47:27,606 : INFO : Machine : Starting the main run loop with active modes: [<Mode.attract>]
2026-06-19 16:47:27,606 : INFO : Machine : Shutting down...
2026-06-19 16:47:27,606 : INFO : EventManager : Event: ======'shutdown'====== Args={}
2026-06-19 16:47:27,607 : ERROR : Machine : Runtime Exception
Traceback (most recent call last):
  File "/Users/guillaumebarre/mpf/lib/python3.12/site-packages/mpf/core/events.py", line 755, in _run_handlers
    result = handler.callback(**merged_kwargs)
             ^^^^^^^^^^^^^^^^^^^^^^^^^^^^^^^^^
  File "/Users/guillaumebarre/mpf/lib/python3.12/site-packages/mpf/core/config_player.py", line 348, in config_play_callback
    return self.play(settings=settings, context=context, calling_context=calling_context, priority=priority,
           ^^^^^^^^^^^^^^^^^^^^^^^^^^^^^^^^^^^^^^^^^^^^^^^^^^^^^^^^^^^^^^^^^^^^^^^^^^^^^^^^^^^^^^^^^^^^^^^^^
  File "/Users/guillaumebarre/mpf/lib/python3.12/site-packages/mpf/config_players/show_player.py", line 60, in play
    self._update_show(show.name, show_settings, context, queue, start_time, show_tokens)
  File "/Users/guillaumebarre/mpf/lib/python3.12/site-packages/mpf/config_players/show_player.py", line 225, in _update_show
    action(key, instance_dict, show_name, show_settings, queue, start_time, placeholder_args)
  File "/Users/guillaumebarre/mpf/lib/python3.12/site-packages/mpf/config_players/show_player.py", line 117, in _play
    instance_dict[key] = self.machine.show_controller.replace_or_advance_show(previous_show, show_config,
                         ^^^^^^^^^^^^^^^^^^^^^^^^^^^^^^^^^^^^^^^^^^^^^^^^^^^^^^^^^^^^^^^^^^^^^^^^^^^^^^^^
  File "/Users/guillaumebarre/mpf/lib/python3.12/site-packages/mpf/core/show_controller.py", line 135, in replace_or_advance_show
    return show_obj.play_with_config(
           ^^^^^^^^^^^^^^^^^^^^^^^^^^
  File "/Users/guillaumebarre/mpf/lib/python3.12/site-packages/mpf/assets/show.py", line 291, in play_with_config
    running_show = RunningShow(machine=self.machine,
                   ^^^^^^^^^^^^^^^^^^^^^^^^^^^^^^^^^
  File "/Users/guillaumebarre/mpf/lib/python3.12/site-packages/mpf/assets/show.py", line 519, in __init__
    self._start_play()
  File "/Users/guillaumebarre/mpf/lib/python3.12/site-packages/mpf/assets/show.py", line 545, in _start_play
    self._start_now()
  File "/Users/guillaumebarre/mpf/lib/python3.12/site-packages/mpf/assets/show.py", line 647, in _start_now
    self._run_next_step(post_events=self.show_config.events_when_played,
  File "/Users/guillaumebarre/mpf/lib/python3.12/site-packages/mpf/assets/show.py", line 690, in _run_next_step
    player.show_play_callback(
  File "/Users/guillaumebarre/mpf/lib/python3.12/site-packages/mpf/core/config_player.py", line 365, in show_play_callback
    self.play(settings=settings, priority=priority, calling_context=calling_context,
  File "/Users/guillaumebarre/mpf/lib/python3.12/site-packages/mpf/config_players/light_player.py", line 40, in play
    self._light_named_color(light_name, instance_dict, full_context, s['color'], s["fade"],
  File "/Users/guillaumebarre/mpf/lib/python3.12/site-packages/mpf/config_players/light_player.py", line 91, in _light_named_color
    raise AssertionError("Could not find light or tag {} in {}".format(light_name, full_context))
AssertionError: Could not find light or tag l_light2 in show_2.light_player

The above exception was the direct cause of the following exception:

Traceback (most recent call last):
  File "/Users/guillaumebarre/mpf/lib/python3.12/site-packages/mpf/core/machine.py", line 810, in _run_loop
    raise self._exception['exception']
  File "/Library/Frameworks/Python.framework/Versions/3.12/lib/python3.12/asyncio/events.py", line 88, in _run
    self._context.run(self._callback, *self._args)
  File "/Users/guillaumebarre/mpf/lib/python3.12/site-packages/mpf/core/events.py", line 846, in process_event_queue
    self._process_event(event=event[0],
  File "/Users/guillaumebarre/mpf/lib/python3.12/site-packages/mpf/core/events.py", line 808, in _process_event
    result = self._run_handlers(event, ev_type, kwargs)
             ^^^^^^^^^^^^^^^^^^^^^^^^^^^^^^^^^^^^^^^^^^
  File "/Users/guillaumebarre/mpf/lib/python3.12/site-packages/mpf/core/events.py", line 757, in _run_handlers
    raise EventHandlerException(
mpf.core.events.EventHandlerException: Exception while processing RegisteredHandler(callback=<bound method ConfigPlayer.config_play_callback of ConfigPlayer.show_player/shows>, priority=10, kwargs={'calling_context': 'mode_attract_started', 'mode': <Mode.attract>, 'settings': {attract_display_loop-None-None: {'speed': <NativeTemplate 1.0>, 'priority': 0, 'action': 'play', 'show': None, 'block_queue': False, 'start_step': <NativeTemplate 1>, 'start_running': <Template True>, 'loops': -1, 'sync_ms': None, 'manual_advance': False, 'show_queue': None, 'key': None, 'show_tokens': {}, 'events_when_played': [], 'events_when_stopped': [], 'events_when_looped': [], 'events_when_paused': [], 'events_when_resumed': [], 'events_when_advanced': [], 'events_when_stepped_back': [], 'events_when_updated': [], 'events_when_completed': []}, attract_light_show-None-None: {'speed': <NativeTemplate 4.0>, 'priority': 0, 'action': 'play', 'show': None, 'block_queue': False, 'start_step': <NativeTemplate 1>, 'start_running': <Template True>, 'loops': -1, 'sync_ms': None, 'manual_advance': False, 'show_queue': None, 'key': None, 'show_tokens': {}, 'events_when_played': [], 'events_when_stopped': [], 'events_when_looped': [], 'events_when_paused': [], 'events_when_resumed': [], 'events_when_advanced': [], 'events_when_stepped_back': [], 'events_when_updated': [], 'events_when_completed': []}}}, key=UUID('6774b544-d50c-417d-bea7-6338349024bb'), condition=None, blocking_facility=None) for event mode_attract_started. Could not find light or tag l_light2 in show_2.light_player
2026-06-19 16:47:27,608 : INFO : root : MPF run loop ended.
