2026-06-02 01:18:16,589 : INFO : root : Loading config.
2026-06-02 01:18:16,591 : INFO : YamlMultifileConfigLoader : Machine config file #1: config.yaml
2026-06-02 01:18:16,591 : WARNING : ConfigProcessor : Config file in cache changed: /Users/guillaumebarre/Desktop/BTTF/DEF/BTTF_MINI-PC/GITHUB/config/config.yaml
2026-06-02 01:18:16,591 : INFO : ConfigProcessor : Loading config from file /Users/guillaumebarre/mpf/lib/python3.12/site-packages/mpf/mpfconfig.yaml.
2026-06-02 01:18:16,598 : INFO : ConfigProcessor : Loading config: /Users/guillaumebarre/mpf/lib/python3.12/site-packages/mpf/mpfconfig.yaml
2026-06-02 01:18:16,598 : INFO : ConfigProcessor : Loading config from file /Users/guillaumebarre/Desktop/BTTF/DEF/BTTF_MINI-PC/GITHUB/config/config.yaml.
2026-06-02 01:18:16,602 : INFO : ConfigProcessor : Loading config: /Users/guillaumebarre/Desktop/BTTF/DEF/BTTF_MINI-PC/GITHUB/config/config.yaml
2026-06-02 01:18:16,603 : INFO : ConfigProcessor : Config file cache created: /var/folders/5m/bcfj4qw962g1yt8bpfv4lq9c0000gn/T/888a835b5fde052b87252136c50b804e.mpf_cache
2026-06-02 01:18:16,648 : WARNING : ConfigProcessor : Config file in cache changed: /Users/guillaumebarre/Desktop/BTTF/DEF/BTTF_MINI-PC/GITHUB/modes/attract/config/attract.yaml
2026-06-02 01:18:16,648 : INFO : ConfigProcessor : Loading config from file /Users/guillaumebarre/mpf/lib/python3.12/site-packages/mpf/modes/attract/config/attract.yaml.
2026-06-02 01:18:16,649 : INFO : ConfigProcessor : Loading config: /Users/guillaumebarre/mpf/lib/python3.12/site-packages/mpf/modes/attract/config/attract.yaml
2026-06-02 01:18:16,649 : INFO : ConfigProcessor : Loading config from file /Users/guillaumebarre/Desktop/BTTF/DEF/BTTF_MINI-PC/GITHUB/modes/attract/config/attract.yaml.
2026-06-02 01:18:16,649 : INFO : ConfigProcessor : Loading config: /Users/guillaumebarre/Desktop/BTTF/DEF/BTTF_MINI-PC/GITHUB/modes/attract/config/attract.yaml
2026-06-02 01:18:16,650 : INFO : ConfigProcessor : Config file cache created: /var/folders/5m/bcfj4qw962g1yt8bpfv4lq9c0000gn/T/8622cd1fe0050c6b0179be5a651e22f5.mpf_cache
2026-06-02 01:18:16,650 : INFO : ConfigProcessor : Loading config from cache: /var/folders/5m/bcfj4qw962g1yt8bpfv4lq9c0000gn/T/58f948f5e9fe219120f05e295bb3ef65.mpf_cache
2026-06-02 01:18:16,650 : INFO : ConfigProcessor : Loading config from cache: /var/folders/5m/bcfj4qw962g1yt8bpfv4lq9c0000gn/T/8622cd1fe0050c6b0179be5a651e22f5.mpf_cache
2026-06-02 01:18:16,650 : INFO : ConfigProcessor : Loading config from cache: /var/folders/5m/bcfj4qw962g1yt8bpfv4lq9c0000gn/T/369243a5c0d089a5c3bcaae4a6363538.mpf_cache
2026-06-02 01:18:16,650 : INFO : ConfigProcessor : Loading config from cache: /var/folders/5m/bcfj4qw962g1yt8bpfv4lq9c0000gn/T/9f86e0f716be9932a6ee645f4848fc86.mpf_cache
2026-06-02 01:18:16,651 : INFO : Machine : Mission Pinball Framework Core Engine v0.81.0.dev2
2026-06-02 01:18:16,651 : INFO : Machine : Command line arguments: {'no_load_cache': False, 'create_config_cache': True, 'bcp': True, 'configfile': ['config.yaml'], 'force_assets_load': False, 'platform_integration_test': False, 'jsonlogging': False, 'logfile': 'logs/2026-06-02-01-18-16-mpf-macbook-air-de-guillaume1.home.log', 'pause': False, 'production': False, 'text_ui': True, 'loglevel': 15, 'consoleloglevel': 20, 'force_platform': 'smart_virtual', 'syslog_address': None, 'full_logfile_path': '/Users/guillaumebarre/Desktop/BTTF/DEF/BTTF_MINI-PC/GITHUB/logs/2026-06-02-01-18-16-mpf-macbook-air-de-guillaume1.home.log'}
2026-06-02 01:18:16,651 : INFO : Machine : MPF path: /Users/guillaumebarre/mpf/lib/python3.12/site-packages/mpf
2026-06-02 01:18:16,651 : INFO : Machine : Machine path: /Users/guillaumebarre/Desktop/BTTF/DEF/BTTF_MINI-PC/GITHUB
2026-06-02 01:18:16,651 : INFO : Machine : Platform: darwin
2026-06-02 01:18:16,651 : INFO : Machine : Python executable location: /Users/guillaumebarre/mpf/bin/python3.12
2026-06-02 01:18:16,651 : INFO : Machine : Python version: 3.12.9 (64-bit)
2026-06-02 01:18:16,652 : INFO : Machine : Initializing MPF...
2026-06-02 01:18:16,713 : INFO : EventManager : Event: ======'machine_var_credits_string'====== Args={'value': 'FREE PLAY', 'prev_value': None, 'change': True}
2026-06-02 01:18:16,724 : INFO : EventManager : Event: ======'machine_var_master_volume'====== Args={'value': 0.5, 'prev_value': None, 'change': True}
2026-06-02 01:18:16,724 : INFO : EventManager : Event: ======'machine_var_mpf_version'====== Args={'value': 'Mission Pinball Framework v0.81.0.dev2', 'prev_value': None, 'change': True}
2026-06-02 01:18:16,724 : INFO : EventManager : Event: ======'machine_var_mpf_extended_version'====== Args={'value': 'Mission Pinball Framework v0.81.0.dev2, Config version:6, Show version: 6, BCP version:1.1', 'prev_value': None, 'change': True}
2026-06-02 01:18:16,724 : INFO : EventManager : Event: ======'machine_var_python_version'====== Args={'value': '3.12.9', 'prev_value': None, 'change': True}
2026-06-02 01:18:16,749 : INFO : EventManager : Event: ======'machine_var_platform'====== Args={'value': 'macOS-26.3-arm64-arm-64bit', 'prev_value': None, 'change': True}
2026-06-02 01:18:16,750 : INFO : EventManager : Event: ======'machine_var_platform_system'====== Args={'value': 'Darwin', 'prev_value': None, 'change': True}
2026-06-02 01:18:16,750 : INFO : EventManager : Event: ======'machine_var_platform_release'====== Args={'value': '25.3.0', 'prev_value': None, 'change': True}
2026-06-02 01:18:16,750 : INFO : EventManager : Event: ======'machine_var_platform_version'====== Args={'value': 'Darwin Kernel Version 25.3.0: Wed Jan 28 20:53:01 PST 2026; root:xnu-12377.81.4~5/RELEASE_ARM64_T8103', 'prev_value': None, 'change': True}
2026-06-02 01:18:16,750 : INFO : EventManager : Event: ======'machine_var_platform_machine'====== Args={'value': 'arm64', 'prev_value': None, 'change': True}
2026-06-02 01:18:16,750 : INFO : EventManager : Event: ======'machine_var_log_file_path'====== Args={'value': '/Users/guillaumebarre/Desktop/BTTF/DEF/BTTF_MINI-PC/GITHUB/logs/2026-06-02-01-18-16-mpf-macbook-air-de-guillaume1.home.log', 'prev_value': None, 'change': True}
2026-06-02 01:18:16,750 : INFO : EventManager : Event: ======'init_phase_1'====== Args={}
2026-06-02 01:18:16,764 : ERROR : asyncio : Task exception was never retrieved
future: <Task finished name='Task-93' coro=<SystemWideDevice.device_added_system_wide() done, defined at /Users/guillaumebarre/mpf/lib/python3.12/site-packages/mpf/core/system_wide_device.py:15> exception=ConfigFileError('Config validation error: Entry ball_device_ejector_pulse:ball_device_ejector_pulse:eject_coil = "c_plunger_eject" is not valid. Device "c_plunger_eject" not found in "coils:" section in your config.')>
Traceback (most recent call last):
  File "/Users/guillaumebarre/mpf/lib/python3.12/site-packages/mpf/core/system_wide_device.py", line 17, in device_added_system_wide
    await self._initialize()
  File "/Users/guillaumebarre/mpf/lib/python3.12/site-packages/mpf/devices/ball_device/ball_device.py", line 90, in _initialize
    self._configure_targets()
  File "/Users/guillaumebarre/mpf/lib/python3.12/site-packages/mpf/devices/ball_device/ball_device.py", line 386, in _configure_targets
    self.ejector = ejector_class(ejector_config, self, self.machine)
                   ^^^^^^^^^^^^^^^^^^^^^^^^^^^^^^^^^^^^^^^^^^^^^^^^^
  File "/Users/guillaumebarre/mpf/lib/python3.12/site-packages/mpf/devices/ball_device/pulse_coil_ejector.py", line 26, in __init__
    self.config = self.machine.config_validator.validate_config("ball_device_ejector_pulse", self.config)
                  ^^^^^^^^^^^^^^^^^^^^^^^^^^^^^^^^^^^^^^^^^^^^^^^^^^^^^^^^^^^^^^^^^^^^^^^^^^^^^^^^^^^^^^^
  File "/Users/guillaumebarre/mpf/lib/python3.12/site-packages/mpf/core/config_validator.py", line 164, in validate_config
    return self._validate_config(config_spec, source, base_spec=base_spec, add_missing_keys=add_missing_keys,
           ^^^^^^^^^^^^^^^^^^^^^^^^^^^^^^^^^^^^^^^^^^^^^^^^^^^^^^^^^^^^^^^^^^^^^^^^^^^^^^^^^^^^^^^^^^^^^^^^^^
  File "/Users/guillaumebarre/mpf/lib/python3.12/site-packages/mpf/core/config_validator.py", line 204, in _validate_config
    processed_config[k] = self.validate_config_item(
                          ^^^^^^^^^^^^^^^^^^^^^^^^^^
  File "/Users/guillaumebarre/mpf/lib/python3.12/site-packages/mpf/core/config_validator.py", line 243, in validate_config_item
    return self.validate_item(item, validation, validation_failure_info)
           ^^^^^^^^^^^^^^^^^^^^^^^^^^^^^^^^^^^^^^^^^^^^^^^^^^^^^^^^^^^^^
  File "/Users/guillaumebarre/mpf/lib/python3.12/site-packages/mpf/core/config_validator.py", line 699, in validate_item
    return self.validator_list[validator](item, validation_failure_info=validation_failure_info, param=param)
           ^^^^^^^^^^^^^^^^^^^^^^^^^^^^^^^^^^^^^^^^^^^^^^^^^^^^^^^^^^^^^^^^^^^^^^^^^^^^^^^^^^^^^^^^^^^^^^^^^^
  File "/Users/guillaumebarre/mpf/lib/python3.12/site-packages/mpf/core/config_validator.py", line 413, in _validate_type_machine
    raise self.validation_error(item, validation_failure_info,
mpf.exceptions.config_file_error.ConfigFileError: Config File Error in ConfigValidator: Config validation error: Entry ball_device_ejector_pulse:ball_device_ejector_pulse:eject_coil = "c_plunger_eject" is not valid. Device "c_plunger_eject" not found in "coils:" section in your config. Error Code: CFE-ConfigValidator-6 (https://missionpinball.org/latest/logs)
2026-06-02 01:18:16,767 : INFO : EventManager : Event: ======'init_phase_2'====== Args={}
2026-06-02 01:18:16,767 : INFO : Machine : Starting the main run loop with active modes: []
2026-06-02 01:18:16,767 : WARNING : Machine : Attract mode is not active, game will not be playable. Please check your attract mode configuration.
2026-06-02 01:18:16,768 : INFO : Machine : Shutting down...
2026-06-02 01:18:16,768 : INFO : EventManager : Event: ======'shutdown'====== Args={}
2026-06-02 01:18:16,769 : INFO : SwitchController : Found active switch: ('1-0-40', <Platform.SmartVirtual>) <switch.s_trough1>
2026-06-02 01:18:16,769 : INFO : SwitchController : Found active switch: ('1-0-41', <Platform.SmartVirtual>) <switch.s_trough2>
2026-06-02 01:18:16,769 : INFO : SwitchController : Found active switch: ('1-0-42', <Platform.SmartVirtual>) <switch.s_trough3>
2026-06-02 01:18:16,769 : INFO : SwitchController : Found active switch: ('1-0-43', <Platform.SmartVirtual>) <switch.s_trough4>
2026-06-02 01:18:16,771 : INFO : EventManager : Event: ======'bcp_connection_attempt'====== Args={'name': 'local_display', 'host': 'localhost', 'port': 5050}
2026-06-02 01:18:16,772 : ERROR : asyncio : Exception in callback EventManager.process_event_queue()
handle: <Handle EventManager.process_event_queue()>
Traceback (most recent call last):
  File "/Users/guillaumebarre/mpf/lib/python3.12/site-packages/mpf/core/events.py", line 755, in _run_handlers
    result = handler.callback(**merged_kwargs)
             ^^^^^^^^^^^^^^^^^^^^^^^^^^^^^^^^^
  File "/Users/guillaumebarre/mpf/lib/python3.12/site-packages/mpf/core/text_ui.py", line 459, in _bcp_connection_attempt
    self._pending_bcp_connection = PopUpDialog(self.screen,
                                   ^^^^^^^^^^^^^^^^^^^^^^^^
  File "/Users/guillaumebarre/mpf/lib/python3.12/site-packages/asciimatics/widgets/popupdialog.py", line 39, in __init__
    string_len = wcswidth if screen.unicode_aware else len
                             ^^^^^^^^^^^^^^^^^^^^
AttributeError: 'NoneType' object has no attribute 'unicode_aware'

The above exception was the direct cause of the following exception:

Traceback (most recent call last):
  File "/Library/Frameworks/Python.framework/Versions/3.12/lib/python3.12/asyncio/events.py", line 88, in _run
    self._context.run(self._callback, *self._args)
  File "/Users/guillaumebarre/mpf/lib/python3.12/site-packages/mpf/core/events.py", line 846, in process_event_queue
    self._process_event(event=event[0],
  File "/Users/guillaumebarre/mpf/lib/python3.12/site-packages/mpf/core/events.py", line 808, in _process_event
    result = self._run_handlers(event, ev_type, kwargs)
             ^^^^^^^^^^^^^^^^^^^^^^^^^^^^^^^^^^^^^^^^^^
  File "/Users/guillaumebarre/mpf/lib/python3.12/site-packages/mpf/core/events.py", line 757, in _run_handlers
    raise EventHandlerException(
mpf.core.events.EventHandlerException: Exception while processing RegisteredHandler(callback=<bound method TextUi._bcp_connection_attempt of <mpf.core.text_ui.TextUi object at 0x102703220>>, priority=1, kwargs={}, key=UUID('b690d6d1-931b-4426-8f63-d83798514e2d'), condition=None, blocking_facility=None) for event bcp_connection_attempt. 'NoneType' object has no attribute 'unicode_aware'
2026-06-02 01:18:16,775 : INFO : BCPClientSocket : Connecting BCP to 'local_display' at localhost:5050...
2026-06-02 01:18:16,793 : INFO : BCPClientSocket : Connected BCP to 'local_display' localhost:5050
2026-06-02 01:18:16,793 : INFO : EventManager : Event: ======'bcp_clients_connected'====== Args={}
2026-06-02 01:18:16,794 : ERROR : asyncio : Exception in callback EventManager.process_event_queue()
handle: <Handle EventManager.process_event_queue()>
Traceback (most recent call last):
  File "/Users/guillaumebarre/mpf/lib/python3.12/site-packages/mpf/core/events.py", line 755, in _run_handlers
    result = handler.callback(**merged_kwargs)
             ^^^^^^^^^^^^^^^^^^^^^^^^^^^^^^^^^
  File "/Users/guillaumebarre/mpf/lib/python3.12/site-packages/mpf/core/text_ui.py", line 466, in _bcp_connected
    self.scene.remove_effect(self._pending_bcp_connection)
  File "/Users/guillaumebarre/mpf/lib/python3.12/site-packages/asciimatics/scene.py", line 85, in remove_effect
    self._effects.remove(effect)
ValueError: list.remove(x): x not in list

The above exception was the direct cause of the following exception:

Traceback (most recent call last):
  File "/Library/Frameworks/Python.framework/Versions/3.12/lib/python3.12/asyncio/events.py", line 88, in _run
    self._context.run(self._callback, *self._args)
  File "/Users/guillaumebarre/mpf/lib/python3.12/site-packages/mpf/core/events.py", line 846, in process_event_queue
    self._process_event(event=event[0],
  File "/Users/guillaumebarre/mpf/lib/python3.12/site-packages/mpf/core/events.py", line 808, in _process_event
    result = self._run_handlers(event, ev_type, kwargs)
             ^^^^^^^^^^^^^^^^^^^^^^^^^^^^^^^^^^^^^^^^^^
  File "/Users/guillaumebarre/mpf/lib/python3.12/site-packages/mpf/core/events.py", line 757, in _run_handlers
    raise EventHandlerException(
mpf.core.events.EventHandlerException: Exception while processing RegisteredHandler(callback=<bound method TextUi._bcp_connected of <mpf.core.text_ui.TextUi object at 0x102703220>>, priority=1, kwargs={}, key=UUID('79c984e0-03e7-4159-8a25-abaf76c294d7'), condition=None, blocking_facility=None) for event bcp_clients_connected. list.remove(x): x not in list
2026-06-02 01:18:16,795 : INFO : ball_device.bd_trough : BCH: Initial count: 4
2026-06-02 01:18:16,795 : INFO : ball_device.bd_trough : State: idle
2026-06-02 01:18:16,795 : INFO : ball_device.bd_left_vuk : BCH: Initial count: 0
2026-06-02 01:18:16,795 : INFO : ball_device.bd_left_vuk : State: idle
2026-06-02 01:18:16,796 : INFO : ball_device.bd_right_vuk : BCH: Initial count: 0
2026-06-02 01:18:16,796 : INFO : ball_device.bd_right_vuk : State: idle
2026-06-02 01:18:16,796 : INFO : ball_device.bd_upper_vuk : BCH: Initial count: 0
2026-06-02 01:18:16,796 : INFO : ball_device.bd_upper_vuk : State: idle
2026-06-02 01:18:16,796 : ERROR : asyncio : Task exception was never retrieved
future: <Task finished name='Task-156' coro=<BallDevice._initialize_async() done, defined at /Users/guillaumebarre/mpf/lib/python3.12/site-packages/mpf/devices/ball_device/ball_device.py:196> exception=ConfigFileError('Configuration error in bd_bras_rotatif ball device. mechanical_eject can only be used with devices that have 1 ball switch')>
Traceback (most recent call last):
  File "/Users/guillaumebarre/mpf/lib/python3.12/site-packages/mpf/devices/ball_device/ball_device.py", line 198, in _initialize_async
    await self.ball_count_handler.initialize()
  File "/Users/guillaumebarre/mpf/lib/python3.12/site-packages/mpf/devices/ball_device/ball_count_handler.py", line 92, in initialize
    self.counter = counter_class(self.ball_device, self.ball_device.config.get("counter", {}))
                   ^^^^^^^^^^^^^^^^^^^^^^^^^^^^^^^^^^^^^^^^^^^^^^^^^^^^^^^^^^^^^^^^^^^^^^^^^^^
  File "/Users/guillaumebarre/mpf/lib/python3.12/site-packages/mpf/devices/ball_device/switch_counter.py", line 74, in __init__
    self.ball_device.raise_config_error('Configuration error in {} ball device. '
  File "/Users/guillaumebarre/mpf/lib/python3.12/site-packages/mpf/core/logging.py", line 175, in raise_config_error
    raise ConfigFileError(msg, error_no, self.log.name if self.log else "", context, self._url_base) \
mpf.exceptions.config_file_error.ConfigFileError: Config File Error in ball_device.bd_bras_rotatif: Configuration error in bd_bras_rotatif ball device. mechanical_eject can only be used with devices that have 1 ball switch Error Code: CFE-ball_device-5 (https://missionpinball.org/latest/logs)
2026-06-02 01:18:16,800 : INFO : EventManager : Event: ======'init_phase_3'====== Args={}
2026-06-02 01:18:16,801 : INFO : EventManager : Event: ======'init_phase_4'====== Args={}
2026-06-02 01:18:16,801 : ERROR : asyncio : Exception in callback Util.raise_exceptions(<Task finishe...e 'counter'")>) at /Users/guillaumebarre/mpf/lib/python3.12/site-packages/mpf/core/utility_functions.py:789
handle: <Handle Util.raise_exceptions(<Task finishe...e 'counter'")>) at /Users/guillaumebarre/mpf/lib/python3.12/site-packages/mpf/core/utility_functions.py:789>
Traceback (most recent call last):
  File "/Library/Frameworks/Python.framework/Versions/3.12/lib/python3.12/asyncio/events.py", line 88, in _run
    self._context.run(self._callback, *self._args)
  File "/Users/guillaumebarre/mpf/lib/python3.12/site-packages/mpf/core/utility_functions.py", line 797, in raise_exceptions
    future.result()
  File "/Users/guillaumebarre/mpf/lib/python3.12/site-packages/mpf/core/ball_controller.py", line 90, in _add_new_balls_to_playfield
    self.num_balls_known = await self._count_all_balls_in_devices()
                           ^^^^^^^^^^^^^^^^^^^^^^^^^^^^^^^^^^^^^^^^
  File "/Users/guillaumebarre/mpf/lib/python3.12/site-packages/mpf/core/ball_controller.py", line 129, in _count_all_balls_in_devices
    futures.append(asyncio.ensure_future(device.ball_count_handler.counter.wait_for_count_stable()))
                                         ^^^^^^^^^^^^^^^^^^^^^^^^^^^^^^^^^
AttributeError: 'NoneType' object has no attribute 'counter'
2026-06-02 01:18:16,803 : INFO : EventManager : Event: ======'machine_var_audits_switches_s_right_flipper'====== Args={'value': 0, 'prev_value': None, 'change': True}
2026-06-02 01:18:16,803 : INFO : EventManager : Event: ======'machine_var_audits_switches_s_right_slingshot'====== Args={'value': 0, 'prev_value': None, 'change': True}
2026-06-02 01:18:16,804 : INFO : EventManager : Event: ======'machine_var_audits_switches_s_right_outlane'====== Args={'value': 0, 'prev_value': None, 'change': True}
2026-06-02 01:18:16,804 : INFO : EventManager : Event: ======'machine_var_audits_switches_s_right_inlane'====== Args={'value': 0, 'prev_value': None, 'change': True}
2026-06-02 01:18:16,804 : INFO : EventManager : Event: ======'machine_var_audits_switches_s_left_popper'====== Args={'value': 0, 'prev_value': None, 'change': True}
2026-06-02 01:18:16,804 : INFO : EventManager : Event: ======'machine_var_audits_switches_s_trough2'====== Args={'value': 0, 'prev_value': None, 'change': True}
2026-06-02 01:18:16,804 : INFO : EventManager : Event: ======'machine_var_audits_switches_s_lane_einstein_upper'====== Args={'value': 0, 'prev_value': None, 'change': True}
2026-06-02 01:18:16,804 : INFO : EventManager : Event: ======'machine_var_audits_switches_s_bras_slot3'====== Args={'value': 0, 'prev_value': None, 'change': True}
2026-06-02 01:18:16,804 : INFO : EventManager : Event: ======'machine_var_audits_switches_s_ramp_2015_upper'====== Args={'value': 0, 'prev_value': None, 'change': True}
2026-06-02 01:18:16,804 : INFO : EventManager : Event: ======'machine_var_audits_switches_s_spinner_lorraine'====== Args={'value': 0, 'prev_value': None, 'change': True}
2026-06-02 01:18:16,804 : INFO : EventManager : Event: ======'machine_var_audits_switches_s_right_popper'====== Args={'value': 0, 'prev_value': None, 'change': True}
2026-06-02 01:18:16,804 : INFO : EventManager : Event: ======'machine_var_audits_switches_s_ramp_1985_sortie'====== Args={'value': 0, 'prev_value': None, 'change': True}
2026-06-02 01:18:16,804 : INFO : EventManager : Event: ======'machine_var_audits_switches_s_trough1'====== Args={'value': 0, 'prev_value': None, 'change': True}
2026-06-02 01:18:16,804 : INFO : EventManager : Event: ======'machine_var_audits_switches_s_left_flipper'====== Args={'value': 0, 'prev_value': None, 'change': True}
2026-06-02 01:18:16,804 : INFO : EventManager : Event: ======'machine_var_audits_switches_s_target_foudre'====== Args={'value': 0, 'prev_value': None, 'change': True}
2026-06-02 01:18:16,804 : INFO : EventManager : Event: ======'machine_var_audits_switches_s_lane_doc_lower'====== Args={'value': 0, 'prev_value': None, 'change': True}
2026-06-02 01:18:16,805 : INFO : EventManager : Event: ======'machine_var_audits_switches_s_right_jet'====== Args={'value': 0, 'prev_value': None, 'change': True}
2026-06-02 01:18:16,805 : INFO : EventManager : Event: ======'machine_var_audits_switches_s_ramp_2015_lower'====== Args={'value': 0, 'prev_value': None, 'change': True}
2026-06-02 01:18:16,805 : INFO : EventManager : Event: ======'machine_var_audits_switches_s_plunger'====== Args={'value': 0, 'prev_value': None, 'change': True}
2026-06-02 01:18:16,805 : INFO : EventManager : Event: ======'machine_var_audits_switches_s_target_hill_valley'====== Args={'value': 0, 'prev_value': None, 'change': True}
2026-06-02 01:18:16,805 : INFO : EventManager : Event: ======'machine_var_audits_switches_s_top_popper'====== Args={'value': 0, 'prev_value': None, 'change': True}
2026-06-02 01:18:16,805 : INFO : EventManager : Event: ======'machine_var_audits_switches_s_ramp_hotel_de_ville'====== Args={'value': 0, 'prev_value': None, 'change': True}
2026-06-02 01:18:16,805 : INFO : EventManager : Event: ======'machine_var_audits_switches_s_lane_1885'====== Args={'value': 0, 'prev_value': None, 'change': True}
2026-06-02 01:18:16,805 : INFO : EventManager : Event: ======'machine_var_audits_switches_s_lane_marvin'====== Args={'value': 0, 'prev_value': None, 'change': True}
2026-06-02 01:18:16,805 : INFO : EventManager : Event: ======'machine_var_audits_switches_s_bank_dmc_lower'====== Args={'value': 0, 'prev_value': None, 'change': True}
2026-06-02 01:18:16,805 : INFO : EventManager : Event: ======'machine_var_audits_switches_s_bras_slot2'====== Args={'value': 0, 'prev_value': None, 'change': True}
2026-06-02 01:18:16,805 : INFO : EventManager : Event: ======'machine_var_audits_switches_s_left_slingshot'====== Args={'value': 0, 'prev_value': None, 'change': True}
2026-06-02 01:18:16,805 : INFO : EventManager : Event: ======'machine_var_audits_switches_s_ramp_1955'====== Args={'value': 0, 'prev_value': None, 'change': True}
2026-06-02 01:18:16,805 : INFO : EventManager : Event: ======'machine_var_audits_switches_s_lane_cafe_einstein'====== Args={'value': 0, 'prev_value': None, 'change': True}
2026-06-02 01:18:16,805 : INFO : EventManager : Event: ======'machine_var_audits_switches_s_ramp_marty_upper'====== Args={'value': 0, 'prev_value': None, 'change': True}
2026-06-02 01:18:16,805 : INFO : EventManager : Event: ======'machine_var_audits_switches_s_ramp_1985_entree'====== Args={'value': 0, 'prev_value': None, 'change': True}
2026-06-02 01:18:16,806 : INFO : EventManager : Event: ======'machine_var_audits_switches_s_ramp_marty_lower'====== Args={'value': 0, 'prev_value': None, 'change': True}
2026-06-02 01:18:16,806 : INFO : EventManager : Event: ======'machine_var_audits_switches_s_bank_dmc_middle'====== Args={'value': 0, 'prev_value': None, 'change': True}
2026-06-02 01:18:16,806 : INFO : EventManager : Event: ======'machine_var_audits_switches_s_entree_souterrain'====== Args={'value': 0, 'prev_value': None, 'change': True}
2026-06-02 01:18:16,806 : INFO : EventManager : Event: ======'machine_var_audits_switches_s_horloge'====== Args={'value': 0, 'prev_value': None, 'change': True}
2026-06-02 01:18:16,806 : INFO : EventManager : Event: ======'machine_var_audits_switches_s_ramp_bttf'====== Args={'value': 0, 'prev_value': None, 'change': True}
2026-06-02 01:18:16,806 : INFO : EventManager : Event: ======'machine_var_audits_switches_s_horloge_impact'====== Args={'value': 0, 'prev_value': None, 'change': True}
2026-06-02 01:18:16,806 : INFO : EventManager : Event: ======'machine_var_audits_switches_s_ramp_george'====== Args={'value': 0, 'prev_value': None, 'change': True}
2026-06-02 01:18:16,806 : INFO : EventManager : Event: ======'machine_var_audits_switches_s_trough3'====== Args={'value': 0, 'prev_value': None, 'change': True}
2026-06-02 01:18:16,806 : INFO : EventManager : Event: ======'machine_var_audits_switches_s_lane_horloge'====== Args={'value': 0, 'prev_value': None, 'change': True}
2026-06-02 01:18:16,806 : INFO : EventManager : Event: ======'machine_var_audits_switches_s_left_jet'====== Args={'value': 0, 'prev_value': None, 'change': True}
2026-06-02 01:18:16,806 : INFO : EventManager : Event: ======'machine_var_audits_switches_s_lane_doc_upper'====== Args={'value': 0, 'prev_value': None, 'change': True}
2026-06-02 01:18:16,806 : INFO : EventManager : Event: ======'machine_var_audits_switches_s_lane_guitar'====== Args={'value': 0, 'prev_value': None, 'change': True}
2026-06-02 01:18:16,806 : INFO : EventManager : Event: ======'machine_var_audits_switches_s_left_outlane'====== Args={'value': 0, 'prev_value': None, 'change': True}
2026-06-02 01:18:16,806 : INFO : EventManager : Event: ======'machine_var_audits_switches_s_bank_doc_middle'====== Args={'value': 0, 'prev_value': None, 'change': True}
2026-06-02 01:18:16,806 : INFO : EventManager : Event: ======'machine_var_audits_switches_s_lane_lorraine'====== Args={'value': 0, 'prev_value': None, 'change': True}
2026-06-02 01:18:16,806 : INFO : EventManager : Event: ======'machine_var_audits_switches_s_trough_jam'====== Args={'value': 0, 'prev_value': None, 'change': True}
2026-06-02 01:18:16,806 : INFO : EventManager : Event: ======'machine_var_audits_switches_s_1955_lane'====== Args={'value': 0, 'prev_value': None, 'change': True}
2026-06-02 01:18:16,806 : INFO : EventManager : Event: ======'machine_var_audits_switches_s_target_overboard'====== Args={'value': 0, 'prev_value': None, 'change': True}
2026-06-02 01:18:16,806 : INFO : EventManager : Event: ======'machine_var_audits_switches_s_bank_doc_lower'====== Args={'value': 0, 'prev_value': None, 'change': True}
2026-06-02 01:18:16,806 : INFO : EventManager : Event: ======'machine_var_audits_switches_s_spinner_almanach'====== Args={'value': 0, 'prev_value': None, 'change': True}
2026-06-02 01:18:16,807 : INFO : EventManager : Event: ======'machine_var_audits_switches_s_bank_doc_upper'====== Args={'value': 0, 'prev_value': None, 'change': True}
2026-06-02 01:18:16,807 : INFO : EventManager : Event: ======'machine_var_audits_switches_s_lower_jet'====== Args={'value': 0, 'prev_value': None, 'change': True}
2026-06-02 01:18:16,807 : INFO : EventManager : Event: ======'machine_var_audits_switches_s_bras_slot1'====== Args={'value': 0, 'prev_value': None, 'change': True}
2026-06-02 01:18:16,807 : INFO : EventManager : Event: ======'machine_var_audits_switches_s_lane_marty_upper'====== Args={'value': 0, 'prev_value': None, 'change': True}
2026-06-02 01:18:16,807 : INFO : EventManager : Event: ======'machine_var_audits_switches_s_trough5'====== Args={'value': 0, 'prev_value': None, 'change': True}
2026-06-02 01:18:16,807 : INFO : EventManager : Event: ======'machine_var_audits_switches_s_bank_dmc_upper'====== Args={'value': 0, 'prev_value': None, 'change': True}
2026-06-02 01:18:16,807 : INFO : EventManager : Event: ======'machine_var_audits_switches_s_lane_biff'====== Args={'value': 0, 'prev_value': None, 'change': True}
2026-06-02 01:18:16,807 : INFO : EventManager : Event: ======'machine_var_audits_switches_s_left_inlane'====== Args={'value': 0, 'prev_value': None, 'change': True}
2026-06-02 01:18:16,807 : INFO : EventManager : Event: ======'machine_var_audits_switches_s_target_plutonium'====== Args={'value': 0, 'prev_value': None, 'change': True}
2026-06-02 01:18:16,807 : INFO : EventManager : Event: ======'machine_var_audits_switches_s_lane_marty_lower'====== Args={'value': 0, 'prev_value': None, 'change': True}
2026-06-02 01:18:16,807 : INFO : EventManager : Event: ======'machine_var_audits_switches_s_trough4'====== Args={'value': 0, 'prev_value': None, 'change': True}
2026-06-02 01:18:16,807 : INFO : EventManager : Event: ======'machine_var_audits_switches_s_start'====== Args={'value': 0, 'prev_value': None, 'change': True}
2026-06-02 01:18:16,807 : INFO : EventManager : Event: ======'machine_var_audits_events_game_started'====== Args={'value': 0, 'prev_value': None, 'change': True}
2026-06-02 01:18:16,807 : INFO : EventManager : Event: ======'machine_var_audits_events_game_ended'====== Args={'value': 0, 'prev_value': None, 'change': True}
2026-06-02 01:18:16,807 : INFO : EventManager : Event: ======'machine_var_audits_player_score'====== Args={'value': {'top': [], 'average': 0, 'total': 0}, 'prev_value': None, 'change': True}
2026-06-02 01:18:16,807 : INFO : EventManager : Event: ======'init_phase_5'====== Args={}
2026-06-02 01:18:16,808 : ERROR : Machine : Runtime Exception
Traceback (most recent call last):
  File "/Users/guillaumebarre/mpf/lib/python3.12/site-packages/mpf/core/machine.py", line 810, in _run_loop
    raise self._exception['exception']
  File "/Users/guillaumebarre/mpf/lib/python3.12/site-packages/mpf/core/system_wide_device.py", line 17, in device_added_system_wide
    await self._initialize()
  File "/Users/guillaumebarre/mpf/lib/python3.12/site-packages/mpf/devices/ball_device/ball_device.py", line 90, in _initialize
    self._configure_targets()
  File "/Users/guillaumebarre/mpf/lib/python3.12/site-packages/mpf/devices/ball_device/ball_device.py", line 386, in _configure_targets
    self.ejector = ejector_class(ejector_config, self, self.machine)
                   ^^^^^^^^^^^^^^^^^^^^^^^^^^^^^^^^^^^^^^^^^^^^^^^^^
  File "/Users/guillaumebarre/mpf/lib/python3.12/site-packages/mpf/devices/ball_device/pulse_coil_ejector.py", line 26, in __init__
    self.config = self.machine.config_validator.validate_config("ball_device_ejector_pulse", self.config)
                  ^^^^^^^^^^^^^^^^^^^^^^^^^^^^^^^^^^^^^^^^^^^^^^^^^^^^^^^^^^^^^^^^^^^^^^^^^^^^^^^^^^^^^^^
  File "/Users/guillaumebarre/mpf/lib/python3.12/site-packages/mpf/core/config_validator.py", line 164, in validate_config
    return self._validate_config(config_spec, source, base_spec=base_spec, add_missing_keys=add_missing_keys,
           ^^^^^^^^^^^^^^^^^^^^^^^^^^^^^^^^^^^^^^^^^^^^^^^^^^^^^^^^^^^^^^^^^^^^^^^^^^^^^^^^^^^^^^^^^^^^^^^^^^
  File "/Users/guillaumebarre/mpf/lib/python3.12/site-packages/mpf/core/config_validator.py", line 204, in _validate_config
    processed_config[k] = self.validate_config_item(
                          ^^^^^^^^^^^^^^^^^^^^^^^^^^
  File "/Users/guillaumebarre/mpf/lib/python3.12/site-packages/mpf/core/config_validator.py", line 243, in validate_config_item
    return self.validate_item(item, validation, validation_failure_info)
           ^^^^^^^^^^^^^^^^^^^^^^^^^^^^^^^^^^^^^^^^^^^^^^^^^^^^^^^^^^^^^
  File "/Users/guillaumebarre/mpf/lib/python3.12/site-packages/mpf/core/config_validator.py", line 699, in validate_item
    return self.validator_list[validator](item, validation_failure_info=validation_failure_info, param=param)
           ^^^^^^^^^^^^^^^^^^^^^^^^^^^^^^^^^^^^^^^^^^^^^^^^^^^^^^^^^^^^^^^^^^^^^^^^^^^^^^^^^^^^^^^^^^^^^^^^^^
  File "/Users/guillaumebarre/mpf/lib/python3.12/site-packages/mpf/core/config_validator.py", line 413, in _validate_type_machine
    raise self.validation_error(item, validation_failure_info,
mpf.exceptions.config_file_error.ConfigFileError: Config File Error in ConfigValidator: Config validation error: Entry ball_device_ejector_pulse:ball_device_ejector_pulse:eject_coil = "c_plunger_eject" is not valid. Device "c_plunger_eject" not found in "coils:" section in your config. Error Code: CFE-ConfigValidator-6 (https://missionpinball.org/latest/logs)
2026-06-02 01:18:16,809 : ERROR : asyncio : Task exception was never retrieved
future: <Task finished name='Task-1' coro=<MachineController.initialize() done, defined at /Users/guillaumebarre/mpf/lib/python3.12/site-packages/mpf/core/machine.py:248> exception=AttributeError("'NoneType' object has no attribute 'config'")>
Traceback (most recent call last):
  File "/Users/guillaumebarre/mpf/lib/python3.12/site-packages/mpf/core/machine.py", line 260, in initialize
    await self._start_platforms()
  File "/Users/guillaumebarre/mpf/lib/python3.12/site-packages/mpf/core/machine.py", line 341, in _start_platforms
    await hardware_platform.start()
  File "/Users/guillaumebarre/mpf/lib/python3.12/site-packages/mpf/platforms/smart_virtual.py", line 288, in start
    self._initialize_ball_devices()
  File "/Users/guillaumebarre/mpf/lib/python3.12/site-packages/mpf/platforms/smart_virtual.py", line 356, in _initialize_ball_devices
    action = AddBallToTargetAction(["delay"], self.machine, self, device)
             ^^^^^^^^^^^^^^^^^^^^^^^^^^^^^^^^^^^^^^^^^^^^^^^^^^^^^^^^^^^^
  File "/Users/guillaumebarre/mpf/lib/python3.12/site-packages/mpf/platforms/smart_virtual.py", line 178, in __init__
    self.ball_switches = device.ball_count_handler.counter.config.get('ball_switches', [])
                         ^^^^^^^^^^^^^^^^^^^^^^^^^^^^^^^^^^^^^^^^
AttributeError: 'NoneType' object has no attribute 'config'
2026-06-02 01:18:16,810 : INFO : root : MPF run loop ended.
