2026-07-14 18:10:31,132 : INFO : root : Loading config.
2026-07-14 18:10:31,152 : INFO : ConfigProcessor : Config spec file cache created: /var/folders/5m/bcfj4qw962g1yt8bpfv4lq9c0000gn/T/config_spec.mpf_cache
2026-07-14 18:10:31,153 : INFO : YamlMultifileConfigLoader : Machine config file #1: config.yaml
2026-07-14 18:10:31,153 : INFO : ConfigProcessor : Loading config from cache: /var/folders/5m/bcfj4qw962g1yt8bpfv4lq9c0000gn/T/888a835b5fde052b87252136c50b804e.mpf_cache
2026-07-14 18:10:31,194 : INFO : ConfigProcessor : Loading config from cache: /var/folders/5m/bcfj4qw962g1yt8bpfv4lq9c0000gn/T/8622cd1fe0050c6b0179be5a651e22f5.mpf_cache
2026-07-14 18:10:31,194 : INFO : ConfigProcessor : Loading config from cache: /var/folders/5m/bcfj4qw962g1yt8bpfv4lq9c0000gn/T/58f948f5e9fe219120f05e295bb3ef65.mpf_cache
2026-07-14 18:10:31,195 : INFO : ConfigProcessor : Loading config from cache: /var/folders/5m/bcfj4qw962g1yt8bpfv4lq9c0000gn/T/8622cd1fe0050c6b0179be5a651e22f5.mpf_cache
2026-07-14 18:10:31,195 : INFO : ConfigProcessor : Loading config from cache: /var/folders/5m/bcfj4qw962g1yt8bpfv4lq9c0000gn/T/369243a5c0d089a5c3bcaae4a6363538.mpf_cache
2026-07-14 18:10:31,195 : WARNING : ConfigProcessor : Config file in cache changed: /Users/guillaumebarre/Desktop/BTTF/DEF/BTTF_MINI-PC/GITHUB/modes/selection_modes/config/selection_modes.yaml
2026-07-14 18:10:31,195 : INFO : ConfigProcessor : Loading config from file /Users/guillaumebarre/Desktop/BTTF/DEF/BTTF_MINI-PC/GITHUB/modes/selection_modes/config/selection_modes.yaml.
2026-07-14 18:10:31,197 : INFO : ConfigProcessor : Loading config: /Users/guillaumebarre/Desktop/BTTF/DEF/BTTF_MINI-PC/GITHUB/modes/selection_modes/config/selection_modes.yaml
2026-07-14 18:10:31,197 : INFO : ConfigProcessor : Config file cache created: /var/folders/5m/bcfj4qw962g1yt8bpfv4lq9c0000gn/T/16129285b93b947981f841f7fcf44ad9.mpf_cache
2026-07-14 18:10:31,198 : INFO : ConfigProcessor : Loading config from cache: /var/folders/5m/bcfj4qw962g1yt8bpfv4lq9c0000gn/T/6b2ea6a059b1471fc11c0d698e7bdf4d.mpf_cache
2026-07-14 18:10:31,198 : INFO : ConfigProcessor : Loading config from cache: /var/folders/5m/bcfj4qw962g1yt8bpfv4lq9c0000gn/T/bed75defa12070121cea3c854f67d91d.mpf_cache
2026-07-14 18:10:31,198 : INFO : ConfigProcessor : Loading config from cache: /var/folders/5m/bcfj4qw962g1yt8bpfv4lq9c0000gn/T/f3729628e4da70e5a99b26bb51fe2181.mpf_cache
2026-07-14 18:10:31,198 : INFO : ConfigProcessor : Loading config from cache: /var/folders/5m/bcfj4qw962g1yt8bpfv4lq9c0000gn/T/ecb4a8919cc1a87edeef7009f6830f34.mpf_cache
2026-07-14 18:10:31,199 : INFO : ConfigProcessor : Loading config from cache: /var/folders/5m/bcfj4qw962g1yt8bpfv4lq9c0000gn/T/8eda3bfc3491af5b2d5a6601353f6605.mpf_cache
2026-07-14 18:10:31,199 : INFO : ConfigProcessor : Loading config from cache: /var/folders/5m/bcfj4qw962g1yt8bpfv4lq9c0000gn/T/581d676710c2871be6f783a12bf98625.mpf_cache
2026-07-14 18:10:31,200 : INFO : ConfigProcessor : Loading config from cache: /var/folders/5m/bcfj4qw962g1yt8bpfv4lq9c0000gn/T/a21553c1ac805a700d8b713d0f44e0c8.mpf_cache
2026-07-14 18:10:31,200 : INFO : ConfigProcessor : Loading config from cache: /var/folders/5m/bcfj4qw962g1yt8bpfv4lq9c0000gn/T/0d9f9158edcd8a544f1cc762de36862e.mpf_cache
2026-07-14 18:10:31,200 : INFO : ConfigProcessor : Loading config from cache: /var/folders/5m/bcfj4qw962g1yt8bpfv4lq9c0000gn/T/d53881144f70f949ef8c9a20bb6e0849.mpf_cache
2026-07-14 18:10:31,200 : INFO : ConfigProcessor : Loading config from cache: /var/folders/5m/bcfj4qw962g1yt8bpfv4lq9c0000gn/T/7aaf5ab0d322ea9db6c1b184ff40287e.mpf_cache
2026-07-14 18:10:31,201 : INFO : ConfigProcessor : Loading config from cache: /var/folders/5m/bcfj4qw962g1yt8bpfv4lq9c0000gn/T/f5ee0fc0dbda2723266c4203d3ecb082.mpf_cache
2026-07-14 18:10:31,201 : INFO : ConfigProcessor : Loading config from cache: /var/folders/5m/bcfj4qw962g1yt8bpfv4lq9c0000gn/T/ac3be5edfbbf92236ea88049c0ddb00a.mpf_cache
2026-07-14 18:10:31,201 : INFO : ConfigProcessor : Loading config from cache: /var/folders/5m/bcfj4qw962g1yt8bpfv4lq9c0000gn/T/550a6f83f4caa58b35baf39eb1e7a728.mpf_cache
2026-07-14 18:10:31,202 : INFO : ConfigProcessor : Loading config from cache: /var/folders/5m/bcfj4qw962g1yt8bpfv4lq9c0000gn/T/0d958e1d4a19f2d35952840b7d641eab.mpf_cache
2026-07-14 18:10:31,202 : INFO : ConfigProcessor : Loading config from cache: /var/folders/5m/bcfj4qw962g1yt8bpfv4lq9c0000gn/T/b82c39b8e9cf8883f5e2652efee2ee7b.mpf_cache
2026-07-14 18:10:31,202 : INFO : ConfigProcessor : Loading config from cache: /var/folders/5m/bcfj4qw962g1yt8bpfv4lq9c0000gn/T/2b89fedbea910d9b86e5b4e70942be71.mpf_cache
2026-07-14 18:10:31,202 : INFO : ConfigProcessor : Loading config from cache: /var/folders/5m/bcfj4qw962g1yt8bpfv4lq9c0000gn/T/48e025c4983ab137c223b7f5838fabeb.mpf_cache
2026-07-14 18:10:31,202 : INFO : ConfigProcessor : Loading config from cache: /var/folders/5m/bcfj4qw962g1yt8bpfv4lq9c0000gn/T/0048e46cc60efa461e51e3f9e457df73.mpf_cache
2026-07-14 18:10:31,203 : INFO : ConfigProcessor : Loading config from cache: /var/folders/5m/bcfj4qw962g1yt8bpfv4lq9c0000gn/T/d6ac7ae44e391f5f397a8f8b86ce675b.mpf_cache
2026-07-14 18:10:31,203 : INFO : ConfigProcessor : Loading config from cache: /var/folders/5m/bcfj4qw962g1yt8bpfv4lq9c0000gn/T/f383f9f089ac5e4549ed7cad27cecfe8.mpf_cache
2026-07-14 18:10:31,203 : INFO : ConfigProcessor : Loading config from cache: /var/folders/5m/bcfj4qw962g1yt8bpfv4lq9c0000gn/T/7ffc32fb62065f75d91e1dbaef21c48f.mpf_cache
2026-07-14 18:10:31,203 : INFO : ConfigProcessor : Loading config from cache: /var/folders/5m/bcfj4qw962g1yt8bpfv4lq9c0000gn/T/65a10664aa893c4ab49802f04ca58985.mpf_cache
2026-07-14 18:10:31,203 : INFO : ConfigProcessor : Loading config from cache: /var/folders/5m/bcfj4qw962g1yt8bpfv4lq9c0000gn/T/a3185994ee7b7973316218a20d02dc37.mpf_cache
2026-07-14 18:10:31,204 : INFO : ConfigProcessor : Loading config from cache: /var/folders/5m/bcfj4qw962g1yt8bpfv4lq9c0000gn/T/23bd90c22533ccaef698d4044dfa0fb3.mpf_cache
2026-07-14 18:10:31,204 : INFO : Machine : Mission Pinball Framework Core Engine v0.80.0
2026-07-14 18:10:31,204 : INFO : Machine : Command line arguments: {'no_load_cache': False, 'create_config_cache': True, 'bcp': True, 'configfile': ['config.yaml'], 'force_assets_load': False, 'platform_integration_test': False, 'jsonlogging': False, 'logfile': 'logs/2026-07-14-18-10-31-mpf-MacBook-Air-de-guillaume.local.log', 'pause': False, 'production': False, 'text_ui': False, 'loglevel': 15, 'consoleloglevel': 20, 'force_platform': 'smart_virtual', 'syslog_address': None, 'full_logfile_path': '/Users/guillaumebarre/Desktop/BTTF/DEF/BTTF_MINI-PC/GITHUB/logs/2026-07-14-18-10-31-mpf-MacBook-Air-de-guillaume.local.log'}
2026-07-14 18:10:31,204 : INFO : Machine : MPF path: /Users/guillaumebarre/mpf/lib/python3.12/site-packages/mpf
2026-07-14 18:10:31,204 : INFO : Machine : Machine path: /Users/guillaumebarre/Desktop/BTTF/DEF/BTTF_MINI-PC/GITHUB
2026-07-14 18:10:31,204 : INFO : Machine : Platform: darwin
2026-07-14 18:10:31,204 : INFO : Machine : Python executable location: /Users/guillaumebarre/mpf/bin/python
2026-07-14 18:10:31,204 : INFO : Machine : Python version: 3.12.9 (64-bit)
2026-07-14 18:10:31,205 : INFO : Machine : Initializing MPF...
2026-07-14 18:10:31,254 : INFO : EventManager : Event: ======'machine_var_credits_string'====== Args={'value': 'FREE PLAY', 'prev_value': None, 'change': True}
2026-07-14 18:10:31,264 : INFO : EventManager : Event: ======'machine_var_master_volume'====== Args={'value': 0.5, 'prev_value': None, 'change': True}
2026-07-14 18:10:31,264 : INFO : EventManager : Event: ======'machine_var_mpf_version'====== Args={'value': 'Mission Pinball Framework v0.80.0', 'prev_value': None, 'change': True}
2026-07-14 18:10:31,264 : INFO : EventManager : Event: ======'machine_var_mpf_extended_version'====== Args={'value': 'Mission Pinball Framework v0.80.0, Config version:6, Show version: 6, BCP version:1.1', 'prev_value': None, 'change': True}
2026-07-14 18:10:31,265 : INFO : EventManager : Event: ======'machine_var_python_version'====== Args={'value': '3.12.9', 'prev_value': None, 'change': True}
2026-07-14 18:10:31,287 : INFO : EventManager : Event: ======'machine_var_platform'====== Args={'value': 'macOS-26.5.1-arm64-arm-64bit', 'prev_value': None, 'change': True}
2026-07-14 18:10:31,287 : INFO : EventManager : Event: ======'machine_var_platform_system'====== Args={'value': 'Darwin', 'prev_value': None, 'change': True}
2026-07-14 18:10:31,287 : INFO : EventManager : Event: ======'machine_var_platform_release'====== Args={'value': '25.5.0', 'prev_value': None, 'change': True}
2026-07-14 18:10:31,287 : INFO : EventManager : Event: ======'machine_var_platform_version'====== Args={'value': 'Darwin Kernel Version 25.5.0: Mon Apr 27 20:38:00 PDT 2026; root:xnu-12377.121.6~2/RELEASE_ARM64_T8103', 'prev_value': None, 'change': True}
2026-07-14 18:10:31,287 : INFO : EventManager : Event: ======'machine_var_platform_machine'====== Args={'value': 'arm64', 'prev_value': None, 'change': True}
2026-07-14 18:10:31,287 : INFO : EventManager : Event: ======'machine_var_log_file_path'====== Args={'value': '/Users/guillaumebarre/Desktop/BTTF/DEF/BTTF_MINI-PC/GITHUB/logs/2026-07-14-18-10-31-mpf-MacBook-Air-de-guillaume.local.log', 'prev_value': None, 'change': True}
2026-07-14 18:10:31,287 : INFO : EventManager : Event: ======'init_phase_1'====== Args={}
2026-07-14 18:10:31,329 : INFO : EventManager : Event: ======'init_phase_2'====== Args={}
2026-07-14 18:10:31,330 : INFO : SwitchController : Found active switch: ('0-0-8', <Platform.SmartVirtual>) <switch.s_trough5>
2026-07-14 18:10:31,330 : INFO : SwitchController : Found active switch: ('1-0-40', <Platform.SmartVirtual>) <switch.s_trough1>
2026-07-14 18:10:31,330 : INFO : SwitchController : Found active switch: ('1-0-41', <Platform.SmartVirtual>) <switch.s_trough2>
2026-07-14 18:10:31,330 : INFO : SwitchController : Found active switch: ('1-0-42', <Platform.SmartVirtual>) <switch.s_trough3>
2026-07-14 18:10:31,330 : INFO : SwitchController : Found active switch: ('1-0-43', <Platform.SmartVirtual>) <switch.s_trough4>
2026-07-14 18:10:31,334 : INFO : EventManager : Event: ======'bcp_connection_attempt'====== Args={'name': 'local_display', 'host': 'localhost', 'port': 5050}
2026-07-14 18:10:31,334 : INFO : BCPClientSocket : Connecting BCP to 'local_display' at localhost:5050...
2026-07-14 18:10:32,588 : INFO : BCPClientSocket : Connected BCP to 'local_display' localhost:5050
2026-07-14 18:10:32,588 : INFO : EventManager : Event: ======'bcp_clients_connected'====== Args={}
2026-07-14 18:10:32,589 : INFO : ball_device.bd_trough : BCH: Initial count: 5
2026-07-14 18:10:32,589 : INFO : ball_device.bd_trough : State: idle
2026-07-14 18:10:32,589 : INFO : ball_device.bd_plunger : BCH: Initial count: 0
2026-07-14 18:10:32,589 : INFO : ball_device.bd_plunger : State: idle
2026-07-14 18:10:32,589 : INFO : ball_device.bd_left_vuk : BCH: Initial count: 0
2026-07-14 18:10:32,589 : INFO : ball_device.bd_left_vuk : State: idle
2026-07-14 18:10:32,589 : INFO : ball_device.bd_right_vuk : BCH: Initial count: 0
2026-07-14 18:10:32,590 : INFO : ball_device.bd_right_vuk : State: idle
2026-07-14 18:10:32,590 : INFO : ball_device.bd_upper_vuk : BCH: Initial count: 0
2026-07-14 18:10:32,590 : INFO : ball_device.bd_upper_vuk : State: idle
2026-07-14 18:10:32,590 : INFO : ball_device.bd_bras_rotatif : BCH: Initial count: 0
2026-07-14 18:10:32,590 : INFO : ball_device.bd_bras_rotatif : State: idle
2026-07-14 18:10:32,593 : INFO : EventManager : Event: ======'init_phase_3'====== Args={}
2026-07-14 18:10:32,599 : INFO : EventManager : Event: ======'init_phase_4'====== Args={}
2026-07-14 18:10:32,599 : INFO : BallController : Initial balls found: 5
2026-07-14 18:10:32,600 : INFO : EventManager : Event: ======'machine_var_audits_switches_s_ramp_1985_sortie'====== Args={'value': 0, 'prev_value': None, 'change': True}
2026-07-14 18:10:32,600 : INFO : EventManager : Event: ======'machine_var_audits_switches_s_spinner_pierre_cardin'====== Args={'value': 0, 'prev_value': None, 'change': True}
2026-07-14 18:10:32,600 : INFO : EventManager : Event: ======'machine_var_audits_switches_s_right_popper'====== Args={'value': 0, 'prev_value': None, 'change': True}
2026-07-14 18:10:32,600 : INFO : EventManager : Event: ======'machine_var_audits_switches_s_ramp_hotel_de_ville'====== Args={'value': 0, 'prev_value': None, 'change': True}
2026-07-14 18:10:32,600 : INFO : EventManager : Event: ======'machine_var_audits_switches_s_plunger'====== Args={'value': 0, 'prev_value': None, 'change': True}
2026-07-14 18:10:32,600 : INFO : EventManager : Event: ======'machine_var_audits_switches_s_lane_cafe_einstein'====== Args={'value': 0, 'prev_value': None, 'change': True}
2026-07-14 18:10:32,600 : INFO : EventManager : Event: ======'machine_var_audits_switches_s_bras_slot3'====== Args={'value': 0, 'prev_value': None, 'change': True}
2026-07-14 18:10:32,600 : INFO : EventManager : Event: ======'machine_var_audits_switches_s_bank_dmc_upper'====== Args={'value': 0, 'prev_value': None, 'change': True}
2026-07-14 18:10:32,600 : INFO : EventManager : Event: ======'machine_var_audits_switches_s_tilt'====== Args={'value': 0, 'prev_value': None, 'change': True}
2026-07-14 18:10:32,600 : INFO : EventManager : Event: ======'machine_var_audits_switches_s_bank_dmc_middle'====== Args={'value': 0, 'prev_value': None, 'change': True}
2026-07-14 18:10:32,600 : INFO : EventManager : Event: ======'machine_var_audits_switches_s_ramp_marty_lower'====== Args={'value': 0, 'prev_value': None, 'change': True}
2026-07-14 18:10:32,600 : INFO : EventManager : Event: ======'machine_var_audits_switches_s_ramp_2015_lower'====== Args={'value': 0, 'prev_value': None, 'change': True}
2026-07-14 18:10:32,600 : INFO : EventManager : Event: ======'machine_var_audits_switches_s_left_outlane'====== Args={'value': 0, 'prev_value': None, 'change': True}
2026-07-14 18:10:32,600 : INFO : EventManager : Event: ======'machine_var_audits_switches_s_lane_1955'====== Args={'value': 0, 'prev_value': None, 'change': True}
2026-07-14 18:10:32,600 : INFO : EventManager : Event: ======'machine_var_audits_switches_s_left_popper'====== Args={'value': 0, 'prev_value': None, 'change': True}
2026-07-14 18:10:32,600 : INFO : EventManager : Event: ======'machine_var_audits_switches_s_bras_slot1'====== Args={'value': 0, 'prev_value': None, 'change': True}
2026-07-14 18:10:32,600 : INFO : EventManager : Event: ======'machine_var_audits_switches_s_ramp_1955'====== Args={'value': 0, 'prev_value': None, 'change': True}
2026-07-14 18:10:32,600 : INFO : EventManager : Event: ======'machine_var_audits_switches_s_right_flipper'====== Args={'value': 0, 'prev_value': None, 'change': True}
2026-07-14 18:10:32,600 : INFO : EventManager : Event: ======'machine_var_audits_switches_s_target_hill_valley'====== Args={'value': 0, 'prev_value': None, 'change': True}
2026-07-14 18:10:32,600 : INFO : EventManager : Event: ======'machine_var_audits_switches_s_lane_horloge'====== Args={'value': 0, 'prev_value': None, 'change': True}
2026-07-14 18:10:32,600 : INFO : EventManager : Event: ======'machine_var_audits_switches_s_horloge'====== Args={'value': 0, 'prev_value': None, 'change': True}
2026-07-14 18:10:32,600 : INFO : EventManager : Event: ======'machine_var_audits_switches_s_ramp_marty_upper'====== Args={'value': 0, 'prev_value': None, 'change': True}
2026-07-14 18:10:32,600 : INFO : EventManager : Event: ======'machine_var_audits_switches_s_lane_biff'====== Args={'value': 0, 'prev_value': None, 'change': True}
2026-07-14 18:10:32,600 : INFO : EventManager : Event: ======'machine_var_audits_switches_s_ramp_george'====== Args={'value': 0, 'prev_value': None, 'change': True}
2026-07-14 18:10:32,600 : INFO : EventManager : Event: ======'machine_var_audits_switches_s_lane_marvin'====== Args={'value': 0, 'prev_value': None, 'change': True}
2026-07-14 18:10:32,600 : INFO : EventManager : Event: ======'machine_var_audits_switches_s_ramp_bttf'====== Args={'value': 0, 'prev_value': None, 'change': True}
2026-07-14 18:10:32,600 : INFO : EventManager : Event: ======'machine_var_audits_switches_s_trough1'====== Args={'value': 0, 'prev_value': None, 'change': True}
2026-07-14 18:10:32,600 : INFO : EventManager : Event: ======'machine_var_audits_switches_s_left_flipper'====== Args={'value': 0, 'prev_value': None, 'change': True}
2026-07-14 18:10:32,600 : INFO : EventManager : Event: ======'machine_var_audits_switches_s_lane_einstein_upper'====== Args={'value': 0, 'prev_value': None, 'change': True}
2026-07-14 18:10:32,601 : INFO : EventManager : Event: ======'machine_var_audits_switches_s_lane_marty_upper'====== Args={'value': 0, 'prev_value': None, 'change': True}
2026-07-14 18:10:32,601 : INFO : EventManager : Event: ======'machine_var_audits_switches_s_start'====== Args={'value': 0, 'prev_value': None, 'change': True}
2026-07-14 18:10:32,601 : INFO : EventManager : Event: ======'machine_var_audits_switches_s_right_jet'====== Args={'value': 0, 'prev_value': None, 'change': True}
2026-07-14 18:10:32,601 : INFO : EventManager : Event: ======'machine_var_audits_switches_s_lane_1885'====== Args={'value': 0, 'prev_value': None, 'change': True}
2026-07-14 18:10:32,601 : INFO : EventManager : Event: ======'machine_var_audits_switches_s_target_plutonium'====== Args={'value': 0, 'prev_value': None, 'change': True}
2026-07-14 18:10:32,601 : INFO : EventManager : Event: ======'machine_var_audits_switches_s_servo_bras_einstein'====== Args={'value': 0, 'prev_value': None, 'change': True}
2026-07-14 18:10:32,601 : INFO : EventManager : Event: ======'machine_var_audits_switches_s_entree_souterrain'====== Args={'value': 0, 'prev_value': None, 'change': True}
2026-07-14 18:10:32,601 : INFO : EventManager : Event: ======'machine_var_audits_switches_s_trough4'====== Args={'value': 0, 'prev_value': None, 'change': True}
2026-07-14 18:10:32,601 : INFO : EventManager : Event: ======'machine_var_audits_switches_s_ramp_1985_entree'====== Args={'value': 0, 'prev_value': None, 'change': True}
2026-07-14 18:10:32,601 : INFO : EventManager : Event: ======'machine_var_audits_switches_s_right_outlane'====== Args={'value': 0, 'prev_value': None, 'change': True}
2026-07-14 18:10:32,601 : INFO : EventManager : Event: ======'machine_var_audits_switches_s_bank_dmc_lower'====== Args={'value': 0, 'prev_value': None, 'change': True}
2026-07-14 18:10:32,601 : INFO : EventManager : Event: ======'machine_var_audits_switches_s_bank_doc_middle'====== Args={'value': 0, 'prev_value': None, 'change': True}
2026-07-14 18:10:32,601 : INFO : EventManager : Event: ======'machine_var_audits_switches_s_lane_lorraine'====== Args={'value': 0, 'prev_value': None, 'change': True}
2026-07-14 18:10:32,601 : INFO : EventManager : Event: ======'machine_var_audits_switches_s_spinner_almanach'====== Args={'value': 0, 'prev_value': None, 'change': True}
2026-07-14 18:10:32,601 : INFO : EventManager : Event: ======'machine_var_audits_switches_s_trough2'====== Args={'value': 0, 'prev_value': None, 'change': True}
2026-07-14 18:10:32,601 : INFO : EventManager : Event: ======'machine_var_audits_switches_s_lane_guitar'====== Args={'value': 0, 'prev_value': None, 'change': True}
2026-07-14 18:10:32,601 : INFO : EventManager : Event: ======'machine_var_audits_switches_s_trough5'====== Args={'value': 0, 'prev_value': None, 'change': True}
2026-07-14 18:10:32,601 : INFO : EventManager : Event: ======'machine_var_audits_switches_s_left_jet'====== Args={'value': 0, 'prev_value': None, 'change': True}
2026-07-14 18:10:32,601 : INFO : EventManager : Event: ======'machine_var_audits_switches_s_ramp_2015_upper'====== Args={'value': 0, 'prev_value': None, 'change': True}
2026-07-14 18:10:32,601 : INFO : EventManager : Event: ======'machine_var_audits_switches_s_top_popper'====== Args={'value': 0, 'prev_value': None, 'change': True}
2026-07-14 18:10:32,601 : INFO : EventManager : Event: ======'machine_var_audits_switches_s_launch_button'====== Args={'value': 0, 'prev_value': None, 'change': True}
2026-07-14 18:10:32,601 : INFO : EventManager : Event: ======'machine_var_audits_switches_s_bank_doc_lower'====== Args={'value': 0, 'prev_value': None, 'change': True}
2026-07-14 18:10:32,601 : INFO : EventManager : Event: ======'machine_var_audits_switches_s_lane_marty_lower'====== Args={'value': 0, 'prev_value': None, 'change': True}
2026-07-14 18:10:32,601 : INFO : EventManager : Event: ======'machine_var_audits_switches_s_target_foudre'====== Args={'value': 0, 'prev_value': None, 'change': True}
2026-07-14 18:10:32,601 : INFO : EventManager : Event: ======'machine_var_audits_switches_s_bras_slot2'====== Args={'value': 0, 'prev_value': None, 'change': True}
2026-07-14 18:10:32,601 : INFO : EventManager : Event: ======'machine_var_audits_switches_s_right_inlane'====== Args={'value': 0, 'prev_value': None, 'change': True}
2026-07-14 18:10:32,601 : INFO : EventManager : Event: ======'machine_var_audits_switches_s_left_inlane'====== Args={'value': 0, 'prev_value': None, 'change': True}
2026-07-14 18:10:32,601 : INFO : EventManager : Event: ======'machine_var_audits_switches_s_right_slingshot'====== Args={'value': 0, 'prev_value': None, 'change': True}
2026-07-14 18:10:32,601 : INFO : EventManager : Event: ======'machine_var_audits_switches_s_lane_doc_upper'====== Args={'value': 0, 'prev_value': None, 'change': True}
2026-07-14 18:10:32,601 : INFO : EventManager : Event: ======'machine_var_audits_switches_s_bank_doc_upper'====== Args={'value': 0, 'prev_value': None, 'change': True}
2026-07-14 18:10:32,601 : INFO : EventManager : Event: ======'machine_var_audits_switches_s_left_slingshot'====== Args={'value': 0, 'prev_value': None, 'change': True}
2026-07-14 18:10:32,601 : INFO : EventManager : Event: ======'machine_var_audits_switches_s_trough3'====== Args={'value': 0, 'prev_value': None, 'change': True}
2026-07-14 18:10:32,601 : INFO : EventManager : Event: ======'machine_var_audits_switches_s_lower_jet'====== Args={'value': 0, 'prev_value': None, 'change': True}
2026-07-14 18:10:32,601 : INFO : EventManager : Event: ======'machine_var_audits_switches_s_trough_jam'====== Args={'value': 0, 'prev_value': None, 'change': True}
2026-07-14 18:10:32,601 : INFO : EventManager : Event: ======'machine_var_audits_switches_s_target_overboard'====== Args={'value': 0, 'prev_value': None, 'change': True}
2026-07-14 18:10:32,601 : INFO : EventManager : Event: ======'machine_var_audits_switches_s_lane_doc_lower'====== Args={'value': 0, 'prev_value': None, 'change': True}
2026-07-14 18:10:32,601 : INFO : EventManager : Event: ======'machine_var_audits_events_game_started'====== Args={'value': 0, 'prev_value': None, 'change': True}
2026-07-14 18:10:32,601 : INFO : EventManager : Event: ======'machine_var_audits_events_game_ended'====== Args={'value': 0, 'prev_value': None, 'change': True}
2026-07-14 18:10:32,601 : INFO : EventManager : Event: ======'machine_var_audits_player_score'====== Args={'value': {'top': [], 'average': 0, 'total': 0}, 'prev_value': None, 'change': True}
2026-07-14 18:10:32,601 : INFO : EventManager : Event: ======'init_phase_5'====== Args={}
2026-07-14 18:10:32,602 : INFO : EventManager : Event: ======'init_done'====== Args={}
2026-07-14 18:10:32,602 : INFO : EventManager : Event: ======'machine_reset_phase_1'====== Args={}
2026-07-14 18:10:32,664 : INFO : EventManager : Event: ======'machine_reset_phase_2'====== Args={}
2026-07-14 18:10:32,665 : INFO : EventManager : Event: ======'machine_reset_phase_3'====== Args={}
2026-07-14 18:10:32,665 : INFO : EventManager : Event: ======'diverter_deviateur_rampe_bras_deactivating'====== Args={}
2026-07-14 18:10:32,665 : INFO : coil.c_deviateur_bras_actuate : Disabling Driver
2026-07-14 18:10:32,665 : INFO : EventManager : Event: ======'reset_complete'====== Args={}
2026-07-14 18:10:32,665 : INFO : EventManager : Event: ======'mode_attract_will_start'====== Args={}
2026-07-14 18:10:32,665 : INFO : EventManager : Event: ======'mode_attract_starting'====== Args={}
2026-07-14 18:10:32,665 : INFO : Mode.attract : Started. Priority: 10
2026-07-14 18:10:32,665 : INFO : EventManager : Event: ======'modes_active_modes_changed'====== Args={}
2026-07-14 18:10:32,665 : INFO : EventManager : Event: ======'mode_attract_started'====== Args={}
2026-07-14 18:10:32,666 : INFO : EventManager : Event: ======'collecting_balls_complete'====== Args={}
2026-07-14 18:10:32,666 : INFO : Machine : Starting the main run loop with active modes: [<Mode.attract>]
2026-07-14 18:10:32,712 : INFO : EventManager : Event: ======'slide_attract_display_loop_created'====== Args={'_from_bcp': True}
2026-07-14 18:10:32,712 : INFO : EventManager : Event: ======'slide__removed'====== Args={'_from_bcp': True}
2026-07-14 18:10:32,712 : INFO : EventManager : Event: ======'slide_attract_display_loop_active'====== Args={'calling_context': 0.0, 'cmd': 'slides_play', 'context': 'show_1', 'priority': 10.0, 'show_tokens': {}, 'start_time': 75248.126249125, '_from_bcp': True}
2026-07-14 18:10:32,744 : INFO : EventManager : Event: ======'slide_attract_created'====== Args={'_from_bcp': True}
2026-07-14 18:10:32,744 : INFO : EventManager : Event: ======'slide_attract_display_loop_inactive'====== Args={'is_removing': False, '_from_bcp': True}
2026-07-14 18:10:32,744 : INFO : EventManager : Event: ======'slide_attract_active'====== Args={'original_context': 'attract', 'original_calling_context': 'mode_attract_started', 'priority': 10.0, 'cmd': 'slides_play', '_from_bcp': True}
2026-07-14 18:10:35,636 : INFO : Machine : Shutting down...
2026-07-14 18:10:35,636 : INFO : EventManager : Event: ======'shutdown'====== Args={}
2026-07-14 18:10:35,639 : INFO : root : MPF run loop ended.
